01-01 12:00:07.017  1519  1519 D CompatConfig: Found a config file: /apex/com.android.permission/etc/compatconfig/framework-permission-s-compat-config.xml
01-01 12:00:07.017  1519  1588 I SystemConfig: Reading permissions from /system/etc/permissions/android.test.base.xml
01-01 12:00:07.017  1519  1519 D CompatConfig: Adding: com.android.server.compat.config.Change@8dc1a88
01-01 12:00:07.017  1519  1588 I SystemConfig: Reading permissions from /system/etc/permissions/com.android.media.remotedisplay.xml
01-01 12:00:07.017  1519  1519 D CompatConfig: No directory /apex/com.android.compos/etc/compatconfig, skipping
01-01 12:00:07.017  1519  1519 D CompatConfig: No directory /apex/com.android.uwb/etc/compatconfig, skipping
01-01 12:00:07.017  1519  1519 D CompatConfig: No directory /apex/com.google.pixel.wifi.ext/etc/compatconfig, skipping
01-01 12:00:07.018  1519  1519 D CompatConfig: No directory /apex/com.google.pixel.camera.hal/etc/compatconfig, skipping
01-01 12:00:07.018  1519  1588 I SystemConfig: Reading permissions from /system/etc/permissions/android.software.sip.voip.xml
01-01 12:00:07.018  1519  1519 D CompatConfig: No directory /apex/com.android.configinfrastructure/etc/compatconfig, skipping
01-01 12:00:07.018  1519  1519 D CompatConfig: No directory /apex/com.android.ipsec/etc/compatconfig, skipping
01-01 12:00:07.018  1519  1588 I SystemConfig: Reading permissions from /system/etc/permissions/android.software.webview.xml
01-01 12:00:07.018  1519  1519 D CompatConfig: Found a config file: /apex/com.android.wifi/etc/compatconfig/wifi-compat-config.xml
01-01 12:00:07.018  1519  1588 I SystemConfig: Reading permissions from /system/etc/permissions/android.hardware.wifi.direct.xml
01-01 12:00:07.018  1519  1588 I SystemConfig: Reading permissions from /system/etc/permissions/com.android.mediadrm.signer.xml
01-01 12:00:07.018  1519  1519 D CompatConfig: Adding: com.android.server.compat.config.Change@dbbffa3
01-01 12:00:07.018  1519  1519 D CompatConfig: Adding: com.android.server.compat.config.Change@c01b2a0
01-01 12:00:07.018  1519  1519 D CompatConfig: Adding: com.android.server.compat.config.Change@8e5fe59
01-01 12:00:07.019  1519  1588 I SystemConfig: Reading permissions from /system/etc/permissions/com.google.android.car.defaultstoragemonitoringcompanionapp.xml
01-01 12:00:07.019  1519  1519 D CompatConfig: No directory /apex/com.android.virt/etc/compatconfig, skipping
01-01 12:00:07.019  1519  1519 D CompatConfig: No directory /apex/com.android.apex.cts.shim/etc/compatconfig, skipping
01-01 12:00:07.019  1519  1588 I SystemConfig: Reading permissions from /system/etc/permissions/com.android.nfc_extras.xml
01-01 12:00:07.019  1519  1588 I SystemConfig: Reading permissions from /system/etc/permissions/com.google.android.car.garagemode.testapp.xml
01-01 12:00:07.019  1519  1519 D CompatConfig: Found a config file: /apex/com.android.mediaprovider/etc/compatconfig/media-provider-platform-compat-config.xml
01-01 12:00:07.019  1519  1588 I SystemConfig: Reading permissions from /system/etc/permissions/android.hardware.broadcastradio.xml
01-01 12:00:07.019  1519  1519 D CompatConfig: Adding: com.android.server.compat.config.Change@2bfc01b
01-01 12:00:07.019  1519  1519 D CompatConfig: Adding: com.android.server.compat.config.Change@80f35b8
01-01 12:00:07.019  1519  1519 D CompatConfig: Adding: com.android.server.compat.config.Change@5281f91
01-01 12:00:07.019  1519  1519 D CompatConfig: Adding: com.android.server.compat.config.Change@6d9cef6
01-01 12:00:07.020  1519  1519 D CompatConfig: Adding: com.android.server.compat.config.Change@1042f7
01-01 12:00:07.020  1519  1519 D CompatConfig: Adding: com.android.server.compat.config.Change@d5df564
01-01 12:00:07.020  1519  1519 D CompatConfig: Adding: com.android.server.compat.config.Change@11e23cd
01-01 12:00:07.020  1519  1588 I SystemConfig: Reading permissions from /system/etc/permissions/javax.obex.xml
01-01 12:00:07.020  1519  1519 D CompatConfig: No directory /apex/com.google.android.widevine/etc/compatconfig, skipping
01-01 12:00:07.020  1519  1588 I SystemConfig: Reading permissions from /system/etc/permissions/com.android.car.dialer.xml
01-01 12:00:07.020  1519  1588 I SystemConfig: Reading permissions from /system/etc/permissions/car-frameworks-service.xml
01-01 12:00:07.020  1519  1519 D CompatConfig: Found a config file: /apex/com.android.art/etc/compatconfig/libcore-platform-compat-config.xml
01-01 12:00:07.020  1519  1588 I SystemConfig: Reading permissions from /system/etc/permissions/car_core_hardware.xml
01-01 12:00:07.021  1519  1588 I SystemConfig: Reading permissions from /system/etc/permissions/com.android.car.radio.xml
01-01 12:00:07.021  1519  1519 D CompatConfig: Adding: com.android.server.compat.config.Change@2508cfc
01-01 12:00:07.021  1519  1519 D CompatConfig: Adding: com.android.server.compat.config.Change@e28ff85
01-01 12:00:07.021  1519  1519 D CompatConfig: Adding: com.android.server.compat.config.Change@b2d81da
01-01 12:00:07.021  1519  1519 D CompatConfig: Adding: com.android.server.compat.config.Change@88ce60b
01-01 12:00:07.021  1519  1519 D CompatConfig: Adding: com.android.server.compat.config.Change@9977ce8
01-01 12:00:07.021  1519  1519 D CompatConfig: Adding: com.android.server.compat.config.Change@ff0f01
01-01 12:00:07.021  1519  1519 D CompatConfig: Adding: com.android.server.compat.config.Change@ef1e1a6
01-01 12:00:07.021  1519  1519 D CompatConfig: Adding: com.android.server.compat.config.Change@c21d7e7
01-01 12:00:07.021  1519  1519 D CompatConfig: Adding: com.android.server.compat.config.Change@ddb7f94
01-01 12:00:07.021  1519  1519 D CompatConfig: Adding: com.android.server.compat.config.Change@7cc9a3d
01-01 12:00:07.021  1519  1519 D CompatConfig: Adding: com.android.server.compat.config.Change@14a7232
01-01 12:00:07.021  1519  1519 D CompatConfig: Adding: com.android.server.compat.config.Change@2a0b83
01-01 12:00:07.021  1519  1519 D CompatConfig: Adding: com.android.server.compat.config.Change@bbb0100
01-01 12:00:07.021  1519  1519 D CompatConfig: Adding: com.android.server.compat.config.Change@4297f7e
01-01 12:00:07.021  1519  1588 I SystemConfig: Reading permissions from /system/etc/permissions/android.test.runner.xml
01-01 12:00:07.021  1519  1519 D CompatConfig: Adding: com.android.server.compat.config.Change@3f7dcdf
01-01 12:00:07.021  1519  1588 I SystemConfig: Reading permissions from /system/etc/permissions/org.apache.http.legacy.xml
01-01 12:00:07.021  1519  1519 D CompatConfig: No directory /apex/com.android.os.statsd/etc/compatconfig, skipping
01-01 12:00:07.021  1519  1519 D CompatConfig: No directory /apex/com.android.i18n/etc/compatconfig, skipping
01-01 12:00:07.021  1519  1519 D CompatConfig: No directory /apex/com.android.rkpd/etc/compatconfig, skipping
01-01 12:00:07.021  1519  1519 D CompatConfig: No directory /apex/com.android.sdkext/etc/compatconfig, skipping
01-01 12:00:07.021  1519  1519 D CompatConfig: No directory /apex/com.android.resolv/etc/compatconfig, skipping
01-01 12:00:07.021  1519  1588 I SystemConfig: Reading permissions from /system/etc/permissions/com.android.intentresolver.xml
01-01 12:00:07.022  1519  1519 D CompatConfig: Found a config file: /apex/com.android.btservices/etc/compatconfig/bluetoothapk-platform-compat-config.xml
01-01 12:00:07.022  1519  1519 D CompatConfig: Adding: com.android.server.compat.config.Change@317f018
01-01 12:00:07.022  1519  1588 I SystemConfig: Reading permissions from /system/etc/permissions/platform.xml
01-01 12:00:07.022  1519  1519 D CompatConfig: Found a config file: /apex/com.android.btservices/etc/compatconfig/bluetooth-compat-config.xml
01-01 12:00:07.022  1519  1519 D CompatConfig: Adding: com.android.server.compat.config.Change@e4c0056
01-01 12:00:07.023  1519  1519 D CompatConfig: Found a config file: /apex/com.android.btservices/etc/compatconfig/framework-bluetooth-compat-config.xml
01-01 12:00:07.023  1519  1519 D CompatConfig: Adding: com.android.server.compat.config.Change@ba7f5c4
01-01 12:00:07.023  1519  1588 I SystemConfig: Reading permissions from /vendor/etc/sysconfig/component-overrides.xml
01-01 12:00:07.023  1519  1519 D CompatConfig: No directory /apex/com.android.vndk.v35/etc/compatconfig, skipping
01-01 12:00:07.023  1519  1519 D CompatConfig: No directory /apex/com.android.adservices/etc/compatconfig, skipping
01-01 12:00:07.023  1519  1519 D CompatConfig: No directory /apex/com.android.adbd/etc/compatconfig, skipping
01-01 12:00:07.023  1519  1519 D CompatConfig: No directory /apex/com.android.media/etc/compatconfig, skipping
01-01 12:00:07.023  1519  1519 D CompatConfig: No directory /apex/com.android.hardware.biometrics.fingerprint.virtual/etc/compatconfig, skipping
01-01 12:00:07.023  1519  1519 D CompatConfig: No directory /apex/com.android.media.swcodec/etc/compatconfig, skipping
01-01 12:00:07.024  1519  1588 I SystemConfig: Reading permissions from /vendor/etc/permissions/android.hardware.identity_credential.xml
01-01 12:00:07.024  1519  1519 D CompatConfig: No directory /apex/com.android.runtime/etc/compatconfig, skipping
01-01 12:00:07.024  1519  1519 D CompatConfig: No directory /apex/com.android.tzdata/etc/compatconfig, skipping
01-01 12:00:07.024  1519  1519 D CompatConfig: No directory /apex/com.android.scheduling/etc/compatconfig, skipping
01-01 12:00:07.024  1519  1588 I SystemConfig: Reading permissions from /vendor/etc/permissions/android.hardware.sensor.gyroscope.xml
01-01 12:00:07.024  1519  1519 D CompatConfig: No directory /apex/com.android.healthfitness/etc/compatconfig, skipping
01-01 12:00:07.024  1519  1519 D CompatConfig: No directory /apex/com.android.hardware.cas/etc/compatconfig, skipping
01-01 12:00:07.024  1519  1519 D CompatConfig: No directory /apex/com.android.conscrypt/etc/compatconfig, skipping
01-01 12:00:07.024  1519  1519 D CompatConfig: No directory /apex/com.android.cellbroadcast/etc/compatconfig, skipping
01-01 12:00:07.024  1519  1519 D CompatConfig: No directory /apex/com.android.devicelock/etc/compatconfig, skipping
01-01 12:00:07.024  1519  1588 I SystemConfig: Reading permissions from /vendor/etc/permissions/android.software.device_id_attestation.xml
01-01 12:00:07.024  1519  1519 D CompatConfig: No directory /apex/com.android.appsearch/etc/compatconfig, skipping
01-01 12:00:07.024  1519  1519 D CompatConfig: No directory /apex/com.android.ondevicepersonalization/etc/compatconfig, skipping
01-01 12:00:07.024  1519  1588 I SystemConfig: Reading permissions from /vendor/etc/permissions/android.hardware.vulkan.level.xml
01-01 12:00:07.024  1519  1588 I SystemConfig: Reading permissions from /vendor/etc/permissions/android.hardware.device_unique_attestation.xml
01-01 12:00:07.025  1519  1588 I SystemConfig: Reading permissions from /vendor/etc/permissions/android.software.verified_boot.xml
01-01 12:00:07.025  1519  1519 V SystemServerTiming: PlatformCompat took to complete: 28ms
01-01 12:00:07.025  1519  1519 D SystemServerTiming: StartFileIntegrityService
01-01 12:00:07.025  1519  1519 I SystemServiceManager: Starting com.android.server.security.FileIntegrityService
01-01 12:00:07.025  1519  1588 I SystemConfig: Reading permissions from /vendor/etc/permissions/android.hardware.camera.concurrent.xml
01-01 12:00:07.026  1519  1588 I SystemConfig: Reading permissions from /vendor/etc/permissions/android.hardware.strongbox_keystore.xml
01-01 12:00:07.026  1519  1519 E FileIntegrityService: Invalid certificate, ignored: java.security.cert.CertificateException: com.android.org.conscrypt.OpenSSLX509CertificateFactory$ParsingException: com.android.org.conscrypt.OpenSSLX509CertificateFactory$ParsingException: java.lang.RuntimeException: error:0c00006d:ASN.1 encoding routines:OPENSSL_internal:DECODE_ERROR
01-01 12:00:07.026  1519  1588 I SystemConfig: Reading permissions from /vendor/etc/permissions/android.hardware.vulkan.version.xml
01-01 12:00:07.026  1519  1519 E FileIntegrityService: Invalid certificate, ignored: java.security.cert.CertificateException: com.android.org.conscrypt.OpenSSLX509CertificateFactory$ParsingException: com.android.org.conscrypt.OpenSSLX509CertificateFactory$ParsingException: java.lang.RuntimeException: error:0c00006d:ASN.1 encoding routines:OPENSSL_internal:DECODE_ERROR
01-01 12:00:07.026  1519  1588 I SystemConfig: Reading permissions from /vendor/etc/permissions/com.google.android.camera.experimental2022.xml
01-01 12:00:07.027  1519  1519 V SystemServerTiming: StartFileIntegrityService took to complete: 1ms
01-01 12:00:07.027  1519  1588 I SystemConfig: Reading permissions from /vendor/etc/permissions/android.hardware.sensor.stepcounter.xml
01-01 12:00:07.027  1519  1519 D SystemServerTiming: StartInstaller
01-01 12:00:07.027  1519  1519 I SystemServiceManager: Starting com.android.server.pm.Installer
01-01 12:00:07.027  1519  1588 I SystemConfig: Reading permissions from /vendor/etc/permissions/android.hardware.wifi.aware.xml
01-01 12:00:07.027  1519  1588 I SystemConfig: Reading permissions from /vendor/etc/permissions/android.software.ipsec_tunnels.xml
01-01 12:00:07.028  1519  1588 I SystemConfig: Reading permissions from /vendor/etc/permissions/vendor.android.hardware.camera.preview-dis.xml
01-01 12:00:07.028  1519  1588 I SystemConfig: Reading permissions from /vendor/etc/permissions/android.hardware.audio.pro.xml
01-01 12:00:07.028  1519  1519 V SystemServerTiming: StartInstaller took to complete: 1ms
01-01 12:00:07.028  1519  1519 D SystemServerTiming: DeviceIdentifiersPolicyService
01-01 12:00:07.028  1519  1519 I SystemServiceManager: Starting com.android.server.os.DeviceIdentifiersPolicyService
01-01 12:00:07.028  1519  1588 I SystemConfig: Reading permissions from /vendor/etc/permissions/android.hardware.opengles.aep.xml
01-01 12:00:07.029  1519  1519 V SystemServerTiming: DeviceIdentifiersPolicyService took to complete: 0ms
01-01 12:00:07.029  1519  1519 D SystemServerTiming: StartFeatureFlagsService
01-01 12:00:07.029  1519  1519 I SystemServiceManager: Starting com.android.server.flags.FeatureFlagsService
01-01 12:00:07.029  1519  1519 D FeatureFlagsService: Started Feature Flag Service
01-01 12:00:07.029  1519  1588 I SystemConfig: Reading permissions from /vendor/etc/permissions/android.hardware.uwb.xml
01-01 12:00:07.029  1519  1588 I SystemConfig: Reading permissions from /vendor/etc/permissions/android.hardware.sensor.accelerometer.xml
01-01 12:00:07.029  1519  1588 I SystemConfig: Reading permissions from /vendor/etc/permissions/android.hardware.keystore.app_attest_key.xml
01-01 12:00:07.030  1519  1519 V SystemServerTiming: StartFeatureFlagsService took to complete: 1ms
01-01 12:00:07.030  1519  1519 D SystemServerTiming: UriGrantsManagerService
01-01 12:00:07.030  1519  1519 I SystemServiceManager: Starting com.android.server.uri.UriGrantsManagerService$Lifecycle
01-01 12:00:07.030  1519  1588 I SystemConfig: Reading permissions from /vendor/etc/permissions/android.hardware.vulkan.compute.xml
01-01 12:00:07.030  1519  1588 I SystemConfig: Reading permissions from /vendor/etc/permissions/android.hardware.camera.raw.xml
01-01 12:00:07.030  1519  1519 V SystemServerTiming: UriGrantsManagerService took to complete: 1ms
01-01 12:00:07.030  1519  1519 D SystemServerTiming: StartPowerStatsService
01-01 12:00:07.030  1519  1519 I SystemServiceManager: Starting com.android.server.powerstats.PowerStatsService
01-01 12:00:07.030  1519  1588 I SystemConfig: Reading permissions from /vendor/etc/permissions/android.hardware.wifi.passpoint.xml
01-01 12:00:07.031  1519  1588 I SystemConfig: Reading permissions from /vendor/etc/permissions/android.hardware.camera.full.xml
01-01 12:00:07.031  1519  1588 I SystemConfig: Reading permissions from /vendor/etc/permissions/android.hardware.sensor.stepdetector.xml
01-01 12:00:07.031  1519  1588 I SystemConfig: Reading permissions from /vendor/etc/permissions/android.hardware.sensor.dynamic.head_tracker.xml
01-01 12:00:07.031  1519  1519 V SystemServerTiming: StartPowerStatsService took to complete: 1ms
01-01 12:00:07.031  1519  1519 D SystemServerTiming: StartIStatsService
01-01 12:00:07.032  1519  1588 I SystemConfig: Reading permissions from /vendor/etc/permissions/android.hardware.wifi.xml
01-01 12:00:07.032  1519  1588 I SystemConfig: Reading permissions from /vendor/etc/permissions/tablet_core_hardware.xml
01-01 12:00:07.032  1519  1588 D SystemConfig: Removed unavailable feature android.software.picture_in_picture
01-01 12:00:07.032  1519  1588 I SystemConfig: Reading permissions from /vendor/etc/permissions/aosp_excluded_hardware.xml
01-01 12:00:07.033  1519  1519 V SystemServerTiming: StartIStatsService took to complete: 1ms
01-01 12:00:07.033  1519  1588 D SystemConfig: Removed unavailable feature android.hardware.location.network
01-01 12:00:07.033  1519  1519 D SystemServerTiming: MemtrackProxyService
01-01 12:00:07.033  1519  1588 I SystemConfig: Reading permissions from /vendor/etc/permissions/android.software.opengles.deqp.level.xml
01-01 12:00:07.033  1519  1588 I SystemConfig: Reading permissions from /vendor/etc/permissions/android.hardware.context_hub.xml
01-01 12:00:07.033  1519  1588 I SystemConfig: Reading permissions from /vendor/etc/permissions/android.hardware.sensor.compass.xml
01-01 12:00:07.034  1519  1519 V SystemServerTiming: MemtrackProxyService took to complete: 1ms
01-01 12:00:07.034  1519  1519 D SystemServerTiming: StartAccessCheckingService
01-01 12:00:07.034  1519  1588 I SystemConfig: Reading permissions from /vendor/etc/permissions/android.hardware.fingerprint.xml
01-01 12:00:07.034  1519  1519 I SystemServiceManager: Starting com.android.server.permission.access.AccessCheckingService
01-01 12:00:07.034  1519  1588 I SystemConfig: Reading permissions from /vendor/etc/permissions/android.software.vulkan.deqp.level.xml
01-01 12:00:07.034  1519  1588 I SystemConfig: Reading permissions from /vendor/etc/permissions/android.software.midi.xml
01-01 12:00:07.034  1519  1588 I SystemConfig: Reading permissions from /vendor/etc/permissions/android.hardware.sensor.light.xml
01-01 12:00:07.035  1519  1519 V SystemServerTiming: StartAccessCheckingService took to complete: 1ms
01-01 12:00:07.035  1519  1519 D SystemServerTiming: StartActivityManager
01-01 12:00:07.035  1519  1519 I SystemServiceManager: Starting com.android.server.wm.ActivityTaskManagerService$Lifecycle
01-01 12:00:07.035  1519  1588 I SystemConfig: Reading permissions from /vendor/etc/permissions/android.hardware.usb.host.xml
01-01 12:00:07.035  1519  1588 I SystemConfig: Reading permissions from /vendor/etc/permissions/android.hardware.touchscreen.multitouch.jazzhand.xml
01-01 12:00:07.035  1519  1588 I SystemConfig: Reading permissions from /vendor/etc/permissions/android.hardware.camera.front.xml
01-01 12:00:07.035  1519  1588 I SystemConfig: Reading permissions from /vendor/etc/permissions/android.software.ipsec_tunnel_migration.xml
01-01 12:00:07.036  1519  1588 I SystemConfig: Reading permissions from /vendor/etc/permissions/android.hardware.wifi.rtt.xml
01-01 12:00:07.036  1519  1519 I SystemServiceManager: Starting com.android.server.am.ActivityManagerService$Lifecycle
01-01 12:00:07.036  1519  1588 I SystemConfig: Reading permissions from /vendor/etc/permissions/android.hardware.camera.xml
01-01 12:00:07.036  1519  1588 I SystemConfig: Reading permissions from /vendor/etc/permissions/android.hardware.bluetooth_le.prebuilt.xml
01-01 12:00:07.036  1519  1588 I SystemConfig: Reading permissions from /vendor/etc/permissions/android.hardware.audio.low_latency.xml
01-01 12:00:07.037  1519  1588 I SystemConfig: Reading permissions from /vendor/etc/permissions/android.hardware.hardware_keystore.xml
01-01 12:00:07.037  1519  1588 I SystemConfig: Reading permissions from /vendor/etc/permissions/android.hardware.wifi.direct.xml
01-01 12:00:07.037  1519  1519 I ActivityManager: Memory class: 256
01-01 12:00:07.037  1519  1588 I SystemConfig: Reading permissions from /vendor/etc/permissions/android.hardware.usb.accessory.xml
01-01 12:00:07.037  1519  1588 I SystemConfig: Reading permissions from /vendor/etc/permissions/android.software.telecom.xml
01-01 12:00:07.038  1519  1588 I SystemConfig: Reading permissions from /vendor/etc/permissions/android.hardware.bluetooth.prebuilt.xml
01-01 12:00:07.038  1519  1595 I Binder  : Setting heavy hitter watcher config: false, 0, 0.0
01-01 12:00:07.038  1519  1588 I SystemConfig: Reading permissions from /product/etc/sysconfig/car-initial-package-stopped-states.xml
01-01 12:00:07.039  1519  1588 I SystemConfig: Reading permissions from /product/etc/sysconfig/car-hiddenapi-package-whitelist.xml
01-01 12:00:07.039  1519  1588 I SystemConfig: Reading permissions from /product/etc/sysconfig/preinstalled-packages-platform-telephony-product.xml
01-01 12:00:07.039  1519  1588 I SystemConfig: Reading permissions from /product/etc/sysconfig/initial-package-stopped-states-aosp.xml
01-01 12:00:07.040  1519  1588 I SystemConfig: Reading permissions from /product/etc/sysconfig/google.xml
01-01 12:00:07.040  1519  1588 I SystemConfig: Adding association: com.google.android.as <- com.android.bluetooth
01-01 12:00:07.040  1519  1588 I SystemConfig: Adding association: com.google.android.as <- com.android.bluetooth.services
01-01 12:00:07.040  1519  1588 I SystemConfig: Adding association: com.google.android.as <- com.android.providers.contacts
01-01 12:00:07.040  1519  1588 I SystemConfig: Adding association: com.google.android.as <- com.android.providers.media
01-01 12:00:07.040  1519  1588 I SystemConfig: Adding association: com.google.android.as <- com.android.providers.telephony
01-01 12:00:07.040  1519  1588 I SystemConfig: Adding association: com.google.android.as <- com.android.systemui
01-01 12:00:07.040  1519  1588 I SystemConfig: Adding association: com.google.android.as <- com.google.android.bluetooth
01-01 12:00:07.040  1519  1588 I SystemConfig: Adding association: com.google.android.as <- com.google.android.bluetooth.services
01-01 12:00:07.040  1519  1588 I SystemConfig: Adding association: com.google.android.as <- com.google.android.providers.media.module
01-01 12:00:07.040  1519  1588 I SystemConfig: Adding association: com.google.android.as <- com.google.android.as.oss
01-01 12:00:07.040  1519  1588 I SystemConfig: Adding association: com.google.android.as.oss <- com.google.android.as
01-01 12:00:07.040  1519  1588 I SystemConfig: Adding association: com.google.android.as.oss <- com.google.android.aicore
01-01 12:00:07.040  1519  1588 I SystemConfig: Reading permissions from /product/etc/sysconfig/preinstalled-packages-platform-overlays.xml
01-01 12:00:07.041  1519  1588 I SystemConfig: Reading permissions from /product/etc/sysconfig/google-initial-package-stopped-states.xml
01-01 12:00:07.041  1519  1588 I SystemConfig: Reading permissions from /product/etc/sysconfig/preinstalled-packages-product-car-google.xml
01-01 12:00:07.042  1519  1588 I SystemConfig: Reading permissions from /product/etc/sysconfig/preinstalled-packages-platform-aosp-product.xml
01-01 12:00:07.042  1519  1588 I SystemConfig: Reading permissions from /product/etc/sysconfig/preinstalled-packages-platform-handheld-product.xml
01-01 12:00:07.043  1519  1588 I SystemConfig: Reading permissions from /product/etc/permissions/split-permissions-google.xml
01-01 12:00:07.043  1519  1588 I SystemConfig: Reading permissions from /product/etc/permissions/privapp-permissions-google-p.xml
01-01 12:00:07.045  1519  1588 I SystemConfig: Reading permissions from /product/etc/permissions/com.android.contacts.xml
01-01 12:00:07.045  1519  1588 I SystemConfig: Reading permissions from /product/etc/permissions/com.google.android.car.templateshost.xml
01-01 12:00:07.046  1519  1588 I SystemConfig: Reading permissions from /product/etc/permissions/com.google.android.car.setupwizard.xml
01-01 12:00:07.046  1519  1588 I SystemConfig: Reading permissions from /product/etc/permissions/com.android.settings.intelligence.xml
01-01 12:00:07.046  1519  1588 I SystemConfig: Reading permissions from /product/etc/permissions/com.android.imsserviceentitlement.xml
01-01 12:00:07.047  1519  1588 I SystemConfig: Reading permissions from /product/etc/permissions/privapp-permissions-car.xml
01-01 12:00:07.047  1519  1588 W SystemConfig: No directory /system_ext/etc/sysconfig, skipping
01-01 12:00:07.048  1519  1588 I SystemConfig: Reading permissions from /system_ext/etc/permissions/com.android.car.bugreport.xml
01-01 12:00:07.048  1519  1588 I SystemConfig: Reading permissions from /system_ext/etc/permissions/androidx.window.extensions.xml
01-01 12:00:07.048  1519  1588 I SystemConfig: Reading permissions from /system_ext/etc/permissions/privapp-permissions-qorvo.xml
01-01 12:00:07.049  1519  1588 I SystemConfig: Reading permissions from /system_ext/etc/permissions/com.android.storagemanager.xml
01-01 12:00:07.049  1519  1588 I SystemConfig: Reading permissions from /system_ext/etc/permissions/com.android.emergency.xml
01-01 12:00:07.049  1519  1588 I SystemConfig: Reading permissions from /system_ext/etc/permissions/com.android.car.developeroptions.xml
01-01 12:00:07.050  1519  1588 I SystemConfig: Reading permissions from /system_ext/etc/permissions/com.android.carrierconfig.xml
01-01 12:00:07.050  1519  1588 I SystemConfig: Reading permissions from /system_ext/etc/permissions/com.android.systemui.xml
01-01 12:00:07.051  1519  1588 I SystemConfig: Reading permissions from /system_ext/etc/permissions/privapp-permissions-google-se.xml
01-01 12:00:07.052  1519  1588 I SystemConfig: Reading permissions from /system_ext/etc/permissions/android.software.theme_picker.xml
01-01 12:00:07.052  1519  1588 I SystemConfig: Reading permissions from /system_ext/etc/permissions/com.android.carsystemui.xml
01-01 12:00:07.052  1519  1588 I SystemConfig: Reading permissions from /system_ext/etc/permissions/com.google.android.iwlan.xml
01-01 12:00:07.053  1519  1588 I SystemConfig: Reading permissions from /system_ext/etc/permissions/androidx.window.sidecar.xml
01-01 12:00:07.054  1519  1588 I SystemConfig: Reading permissions from /apex/com.android.permission/etc/permissions/privapp_allowlist_com.google.android.permissioncontroller.xml
01-01 12:00:07.055  1519  1588 I SystemConfig: Reading permissions from /apex/com.android.ipsec/etc/permissions/android.net.ipsec.ike.xml
01-01 12:00:07.055  1519  1588 I SystemConfig: Reading permissions from /apex/com.android.cellbroadcast/etc/permissions/com.android.cellbroadcastreceiver.module.xml
01-01 12:00:07.056  1519  1588 I SystemConfig: Reading permissions from /apex/com.android.cellbroadcast/etc/permissions/com.android.cellbroadcastservice.xml
01-01 12:00:07.056  1519  1588 I SystemConfig: Reading permissions from /apex/com.android.extservices/etc/permissions/privapp_allowlist_com.google.android.ext.services.xml
01-01 12:00:07.057  1519  1588 I SystemConfig: Reading permissions from /apex/com.android.adservices/etc/permissions/com.android.adservices.api.xml
01-01 12:00:07.058  1519  1588 I SystemConfig: Reading permissions from /apex/com.android.tethering/etc/permissions/permissions.xml
01-01 12:00:07.059  1519  1588 I SystemConfig: Reading permissions from /apex/com.android.mediaprovider/etc/permissions/com.android.providers.media.module.xml
01-01 12:00:07.060  1519  1588 I SystemConfig: Reading permissions from /apex/com.android.btservices/etc/permissions/com.android.bluetooth.xml
01-01 12:00:07.060  1519  1588 I SystemConfig: Reading permissions from /apex/com.android.healthfitness/etc/permissions/com.android.healthconnect.controller.xml
01-01 12:00:07.061  1519  1588 I SystemConfig: Reading permissions from /apex/com.android.virt/etc/permissions/features_com.android.virt.xml
01-01 12:00:07.062  1519  1588 I SystemConfig: Reading permissions from /apex/com.android.devicelock/etc/permissions/com.android.devicelockcontroller.xml
01-01 12:00:07.062  1519  1588 V SystemConfig: readAllPermissions took to complete: 65ms
01-01 12:00:07.062  1519  1588 D SystemServerInitThreadPool: Finished executing ReadingSystemConfig
01-01 12:00:07.063  1519  1588 V SystemServerTimingAsync: InitThreadPoolExec:ReadingSystemConfig took to complete: 65ms
01-01 12:00:07.063  1519  1600 E OomConnection: failed waiting for OOM events: java.lang.RuntimeException: listener failed to register to OOM events
01-01 12:00:07.068  1519  1519 W PowerProfile: ambient.on is deprecated! Use ambient.on.display0 instead.
01-01 12:00:07.068  1519  1519 W PowerProfile: screen.on is deprecated! Use screen.on.display0 instead.
01-01 12:00:07.068  1519  1519 W PowerProfile: screen.full is deprecated! Use screen.full.display0 instead.
01-01 12:00:07.069  1519  1519 W ModemPowerProfile: getAverageBatteryDrainMaH called with unexpected key: 0x0, drain:SLEEP,RAT:DEFAULT
01-01 12:00:07.069  1519  1519 W ModemPowerProfile: getAverageBatteryDrainMaH called with unexpected key: 0x10000000, drain:IDLE,RAT:DEFAULT
01-01 12:00:07.069  1519  1519 W ModemPowerProfile: getAverageBatteryDrainMaH called with unexpected key: 0x20000000, drain:RX,RAT:DEFAULT
01-01 12:00:07.069  1519  1519 W ModemPowerProfile: getAverageBatteryDrainMaH called with unexpected key: 0x30000000, drain:TX,level:0,RAT:DEFAULT
01-01 12:00:07.069  1519  1519 W ModemPowerProfile: getAverageBatteryDrainMaH called with unexpected key: 0x31000000, drain:TX,level:1,RAT:DEFAULT
01-01 12:00:07.069  1519  1519 W ModemPowerProfile: getAverageBatteryDrainMaH called with unexpected key: 0x32000000, drain:TX,level:2,RAT:DEFAULT
01-01 12:00:07.069  1519  1519 W ModemPowerProfile: getAverageBatteryDrainMaH called with unexpected key: 0x33000000, drain:TX,level:3,RAT:DEFAULT
01-01 12:00:07.069  1519  1519 W ModemPowerProfile: getAverageBatteryDrainMaH called with unexpected key: 0x34000000, drain:TX,level:4,RAT:DEFAULT
01-01 12:00:07.075  1519  1519 D BatteryStatsImpl: Reading daily items from /data/system/batterystats-daily.xml
01-01 12:00:07.143  1519  1612 W KernelMemoryBandwidthStats: No kernel memory bandwidth stats available
01-01 12:00:07.171   858   858 I Lyric   : sensor_generic_driver.h:366: MEDUSA: Setting base ISO: 80-->43.29
01-01 12:00:07.171   858   858 I Lyric   : sensor_generic_driver.h:366: MEDUSA: Setting base ISO: 80-->44.0529
01-01 12:00:07.174   858  1620 I Lyric   : spectral_driver.cc:319: Flicker sampling has been disabled.
01-01 12:00:07.214  1519  1519 I IntentFirewall: Read new rules (A:0 B:0 S:0)
01-01 12:00:07.216  1519  1519 D OomAdjuster: Not killing cached processes
01-01 12:00:07.217  1519  1519 D AppOps  : AppOpsService published
01-01 12:00:07.218  1519  1519 V SystemServerTiming: StartActivityManager took to complete: 184ms
01-01 12:00:07.218  1519  1519 D SystemServerTiming: StartDataLoaderManagerService
01-01 12:00:07.218  1519  1519 I SystemServiceManager: Starting com.android.server.pm.DataLoaderManagerService
01-01 12:00:07.218  1519  1519 V SystemServerTiming: StartDataLoaderManagerService took to complete: 0ms
01-01 12:00:07.218  1519  1519 D SystemServerTiming: StartIncrementalService
01-01 12:00:07.222  1519  1519 V SystemServerTiming: StartIncrementalService took to complete: 4ms
01-01 12:00:07.222  1519  1519 D SystemServerTiming: StartPowerManager
01-01 12:00:07.222  1519  1519 I SystemServiceManager: Starting com.android.server.power.PowerManagerService
01-01 12:00:07.227  1519  1519 V SystemServerTiming: StartPowerManager took to complete: 5ms
01-01 12:00:07.227  1519  1519 D SystemServerTiming: StartThermalManager
01-01 12:00:07.227  1519  1519 I SystemServiceManager: Starting com.android.server.power.ThermalManagerService
01-01 12:00:07.228  1519  1519 V SystemServerTiming: StartThermalManager took to complete: 0ms
01-01 12:00:07.228  1519  1519 D SystemServerTiming: StartHintManager
01-01 12:00:07.228  1519  1519 I SystemServiceManager: Starting com.android.server.power.hint.HintManagerService
01-01 12:00:07.228  1519  1519 V SystemServerTiming: StartHintManager took to complete: 0ms
01-01 12:00:07.228  1519  1519 D SystemServerTiming: InitPowerManagement
01-01 12:00:07.229  1519  1519 V SystemServerTiming: InitPowerManagement took to complete: 0ms
01-01 12:00:07.229  1519  1519 D SystemServerTiming: StartRecoverySystemService
01-01 12:00:07.229  1519  1519 I SystemServiceManager: Starting com.android.server.recoverysystem.RecoverySystemService$Lifecycle
01-01 12:00:07.229  1519  1519 V SystemServerTiming: StartRecoverySystemService took to complete: 1ms
01-01 12:00:07.229  1519  1519 I PackageWatchdog: Syncing state, reason: added new observer
01-01 12:00:07.229  1519  1519 I PackageWatchdog: Not pruning observers, elapsed time: 0ms
01-01 12:00:07.229  1519  1519 I PackageWatchdog: Cancelling state sync, nothing to sync
01-01 12:00:07.230  1519  1593 I PackageWatchdog: Saving observer state to file
01-01 12:00:07.230  1519  1519 D SystemServerTiming: StartLightsService
01-01 12:00:07.230  1519  1519 I SystemServiceManager: Starting com.android.server.lights.LightsService
01-01 12:00:07.232  1519  1519 V SystemServerTiming: StartLightsService took to complete: 1ms
01-01 12:00:07.232  1519  1519 D SystemServerTiming: StartDisplayOffloadService
01-01 12:00:07.232  1519  1519 V SystemServerTiming: StartDisplayOffloadService took to complete: 0ms
01-01 12:00:07.232  1519  1519 D SystemServerTiming: StartDisplayManager
01-01 12:00:07.232  1519  1519 I SystemServiceManager: Starting com.android.server.display.DisplayManagerService
01-01 12:00:07.241  1519  1519 V SystemServerTiming: StartDisplayManager took to complete: 9ms
01-01 12:00:07.241  1519  1519 D SystemServerTiming: WaitForDisplay
01-01 12:00:07.241  1519  1519 I SystemServiceManager: Starting phase 100
01-01 12:00:07.241  1519  1519 D SystemServerTiming: OnBootPhase_100
01-01 12:00:07.241  1519  1519 D SystemServerTiming: OnBootPhase_100_com.android.server.security.FileIntegrityService
01-01 12:00:07.241  1519  1519 V SystemServerTiming: OnBootPhase_100_com.android.server.security.FileIntegrityService took to complete: 0ms
01-01 12:00:07.241  1519  1519 D SystemServerTiming: OnBootPhase_100_com.android.server.pm.Installer
01-01 12:00:07.241  1519  1519 V SystemServerTiming: OnBootPhase_100_com.android.server.pm.Installer took to complete: 0ms
01-01 12:00:07.241  1519  1519 D SystemServerTiming: OnBootPhase_100_com.android.server.os.DeviceIdentifiersPolicyService
01-01 12:00:07.241  1519  1519 V SystemServerTiming: OnBootPhase_100_com.android.server.os.DeviceIdentifiersPolicyService took to complete: 0ms
01-01 12:00:07.241  1519  1519 D SystemServerTiming: OnBootPhase_100_com.android.server.flags.FeatureFlagsService
01-01 12:00:07.241  1519  1519 V SystemServerTiming: OnBootPhase_100_com.android.server.flags.FeatureFlagsService took to complete: 0ms
01-01 12:00:07.241  1519  1519 D SystemServerTiming: OnBootPhase_100_com.android.server.uri.UriGrantsManagerService$Lifecycle
01-01 12:00:07.241  1519  1519 V SystemServerTiming: OnBootPhase_100_com.android.server.uri.UriGrantsManagerService$Lifecycle took to complete: 0ms
01-01 12:00:07.241  1519  1519 D SystemServerTiming: OnBootPhase_100_com.android.server.powerstats.PowerStatsService
01-01 12:00:07.241  1519  1519 V SystemServerTiming: OnBootPhase_100_com.android.server.powerstats.PowerStatsService took to complete: 0ms
01-01 12:00:07.241  1519  1519 D SystemServerTiming: OnBootPhase_100_com.android.server.permission.access.AccessCheckingService
01-01 12:00:07.241  1519  1519 V SystemServerTiming: OnBootPhase_100_com.android.server.permission.access.AccessCheckingService took to complete: 0ms
01-01 12:00:07.241  1519  1519 D SystemServerTiming: OnBootPhase_100_com.android.server.wm.ActivityTaskManagerService$Lifecycle
01-01 12:00:07.241  1519  1519 V SystemServerTiming: OnBootPhase_100_com.android.server.wm.ActivityTaskManagerService$Lifecycle took to complete: 0ms
01-01 12:00:07.241  1519  1519 D SystemServerTiming: OnBootPhase_100_com.android.server.am.ActivityManagerService$Lifecycle
01-01 12:00:07.241  1519  1519 V SystemServerTiming: OnBootPhase_100_com.android.server.am.ActivityManagerService$Lifecycle took to complete: 0ms
01-01 12:00:07.241  1519  1519 D SystemServerTiming: OnBootPhase_100_com.android.server.pm.DataLoaderManagerService
01-01 12:00:07.241  1519  1519 V SystemServerTiming: OnBootPhase_100_com.android.server.pm.DataLoaderManagerService took to complete: 0ms
01-01 12:00:07.241  1519  1519 D SystemServerTiming: OnBootPhase_100_com.android.server.power.PowerManagerService
01-01 12:00:07.241  1519  1519 V SystemServerTiming: OnBootPhase_100_com.android.server.power.PowerManagerService took to complete: 0ms
01-01 12:00:07.241  1519  1519 D SystemServerTiming: OnBootPhase_100_com.android.server.power.ThermalManagerService
01-01 12:00:07.241  1519  1519 V SystemServerTiming: OnBootPhase_100_com.android.server.power.ThermalManagerService took to complete: 0ms
01-01 12:00:07.241  1519  1519 D SystemServerTiming: OnBootPhase_100_com.android.server.power.hint.HintManagerService
01-01 12:00:07.241  1519  1519 V SystemServerTiming: OnBootPhase_100_com.android.server.power.hint.HintManagerService took to complete: 0ms
01-01 12:00:07.241  1519  1519 D SystemServerTiming: OnBootPhase_100_com.android.server.recoverysystem.RecoverySystemService$Lifecycle
01-01 12:00:07.241  1519  1519 V SystemServerTiming: OnBootPhase_100_com.android.server.recoverysystem.RecoverySystemService$Lifecycle took to complete: 0ms
01-01 12:00:07.241  1519  1519 D SystemServerTiming: OnBootPhase_100_com.android.server.lights.LightsService
01-01 12:00:07.241  1519  1519 V SystemServerTiming: OnBootPhase_100_com.android.server.lights.LightsService took to complete: 0ms
01-01 12:00:07.241  1519  1519 D SystemServerTiming: OnBootPhase_100_com.android.server.display.DisplayManagerService
01-01 12:00:07.242  1519  1584 W LocalDisplayAdapter: DisplayModeSpecs base mode no longer available, using currently active mode.
01-01 12:00:07.244  1519  1584 W DisplayDeviceConfig: RefreshRateThrottling: map not found
01-01 12:00:07.248  1519  1638 W ProcessCpuTracker: Failed to stat(/proc/1631): android.system.ErrnoException: stat failed: ENOENT (No such file or directory)
01-01 12:00:07.248  1519  1638 W ProcessCpuTracker: Skipping unknown process pid 1631
01-01 12:00:07.248  1519  1638 W ProcessCpuTracker: Failed to stat(/proc/1635): android.system.ErrnoException: stat failed: ENOENT (No such file or directory)
01-01 12:00:07.248  1519  1638 W ProcessCpuTracker: Skipping unknown process pid 1635
01-01 12:00:07.254  1519  1584 I DisplayDeviceRepository: Display device added: DisplayDeviceInfo{"Built-in Screen": uniqueId="local:4619827677550801152", 1600 x 2560, modeId 1, renderFrameRate 60.0, defaultModeId 1, userPreferredModeId -1, supportedModes [{id=1, width=1600, height=2560, fps=60.0, vsync=60.0, alternativeRefreshRates=[], supportedHdrTypes=[2, 3, 4]}], colorMode 0, supportedColorModes [0, 7, 9], hdrCapabilities HdrCapabilities{mSupportedHdrTypes=[2, 3, 4], mMaxLuminance=500.0, mMaxAverageLuminance=120.0, mMinLuminance=5.0E-4}, allmSupported false, gameContentTypeSupported false, density 200, 276.462 x 275.525 dpi, appVsyncOff 6233334, presDeadline 11500000, touch INTERNAL, rotation 0, type INTERNAL, address {port=0, model=0x401ceccbbbeef1}, deviceProductInfo DeviceProductInfo{name=Common Panel, manufacturerPnpId=GGL, productId=0, modelYear=null, manufactureDate=ManufactureDate{week=1, year=1990}, connectionToSinkType=0}, state UNKNOWN, committedState UNKNOWN, frameRateOverride , brightnessMinimum 0.0, brightnessMaximum 1.0, brightnessDefault 0.2901961, hdrSdrRatio NaN, roundedCorners RoundedCorners{[RoundedCorner{position=TopLeft, radius=28, center=Point(28, 28)}, RoundedCorner{position=TopRight, radius=28, center=Point(1572, 28)}, RoundedCorner{position=BottomRight, radius=27, center=Point(1573, 2533)}, RoundedCorner{position=BottomLeft, radius=27, center=Point(27, 2533)}]}, FLAG_ALLOWED_TO_BE_DEFAULT_DISPLAY, FLAG_ROTATES_WITH_CONTENT, FLAG_SECURE, FLAG_SUPPORTS_PROTECTED_BUFFERS, FLAG_TRUSTED, installOrientation 0, displayShape DisplayShape{ spec=1359591217 displayWidth=1600 displayHeight=2560 physicalPixelDisplaySizeRatio=1.0 rotation=0 offsetX=0 offsetY=0 scale=1.0}}
01-01 12:00:07.255  1519  1584 I LogicalDisplayMapper: Applying layout: [{dispId: 0(ON), displayGroupName: , addr: {port=0, model=0x401ceccbbbeef1}, mThermalBrightnessThrottlingMapId: null, mRefreshRateZoneId: null, mLeadDisplayId: -1, mLeadDisplayAddress: null, mThermalRefreshRateThrottlingMapId: null, mPowerThrottlingMapId: null}], Previous layout: null
01-01 12:00:07.256  1519  1584 I LogicalDisplayMapper: Setting new display group 0 for display 0, from previous group: null
01-01 12:00:07.260  1519  1519 V SystemServerTiming: OnBootPhase_100_com.android.server.display.DisplayManagerService took to complete: 18ms
01-01 12:00:07.260  1519  1519 V SystemServerTiming: OnBootPhase_100 took to complete: 18ms
01-01 12:00:07.260  1519  1519 V SystemServerTiming: WaitForDisplay took to complete: 19ms
01-01 12:00:07.260  1519  1519 D SystemServerTiming: StartDomainVerificationService
01-01 12:00:07.260  1519  1519 V SystemServerTiming: StartDomainVerificationService took to complete: 1ms
01-01 12:00:07.260  1519  1519 D SystemServerTiming: StartPackageManagerService
01-01 12:00:07.260  1519  1519 I Watchdog: Pausing HandlerChecker: main thread for reason: packagemanagermain. Pause count: 1
01-01 12:00:07.261  1519  1519 D PackageManagerTiming: create package manager
01-01 12:00:07.262  1519  1519 D PackageManagerTiming: createSubComponents
01-01 12:00:07.263  1519  1519 I UserTypeFactory: Customizing user type android.os.usertype.full.SECONDARY
01-01 12:00:07.263  1519  1519 I UserTypeFactory: Customizing user type android.os.usertype.full.GUEST
01-01 12:00:07.263  1519  1519 I UserTypeFactory: Customizing user type android.os.usertype.profile.CLONE
01-01 12:00:07.290  1519  1519 I UserManagerService: Upgrading users from userVersion 11 to 11
01-01 12:00:07.297  1519  1519 V PackageManagerTiming: createSubComponents took to complete: 35ms
01-01 12:00:07.297  1519  1519 D PackageManagerTiming: addSharedUsers
01-01 12:00:07.297  1519  1519 V PackageManagerTiming: addSharedUsers took to complete: 0ms
01-01 12:00:07.297  1519  1519 D PackageManagerTiming: get system config
01-01 12:00:07.298  1519  1519 V PackageManagerTiming: get system config took to complete: 0ms
01-01 12:00:07.300   858   858 I Lyric   : lwis_buffer_controller.cc:13: Partial CPU Cache sync is enabled
01-01 12:00:07.300   858   858 E G3ACoordinator: coordinator.cc:1609: No corresponding calibration data in sensor (camera_position=front, lens_type=virtual)
01-01 12:00:07.301   858   858 E G3ACoordinator: coordinator.cc:1609: No corresponding calibration data in sensor (camera_position=rear, lens_type=wide)
01-01 12:00:07.301   858   858 E G3ACoordinator: coordinator.cc:1609: No corresponding calibration data in sensor (camera_position=rear, lens_type=virtual)
01-01 12:00:07.301  1519  1519 D SELinuxMMAC: Using policy file /system/etc/selinux/plat_mac_permissions.xml
01-01 12:00:07.302  1519  1519 D SELinuxMMAC: Using policy file /system_ext/etc/selinux/system_ext_mac_permissions.xml
01-01 12:00:07.303  1519  1519 D SELinuxMMAC: Using policy file /product/etc/selinux/product_mac_permissions.xml
01-01 12:00:07.305  1519  1519 D SELinuxMMAC: Using policy file /vendor/etc/selinux/vendor_mac_permissions.xml
01-01 12:00:07.307  1519  1519 D PackageManagerTiming: loadFallbacks
01-01 12:00:07.308   858   858 W Lyric   : tuning_provider_base.cc:59: /apex/com.google.pixel.camera.hal/etc/lib64/camera/tuning_ocl.txt is not a binarypb.
01-01 12:00:07.308   858   858 W Lyric   : tuning_provider_base.cc:59: /apex/com.google.pixel.camera.hal/etc/lib64/camera/. is not a binarypb.
01-01 12:00:07.308  1519  1519 V PackageManagerTiming: loadFallbacks took to complete: 1ms
01-01 12:00:07.308  1519  1519 D PackageManagerTiming: read user settings
01-01 12:00:07.309   858   858 W Lyric   : tuning_provider_base.cc:59: /apex/com.google.pixel.camera.hal/etc/lib64/camera/.. is not a binarypb.
01-01 12:00:07.345  1519  1519 W android.permission.PermissionManager: Missing ActivityManager; assuming 1000 holds android.permission.SET_PREFERRED_APPLICATIONS
01-01 12:00:07.347  1519  1519 W PackageManager: No package known for package restrictions com.android.configinfrastructure
01-01 12:00:07.348  1519  1519 W PackageManager: No package known for package restrictions com.android.appsearch
01-01 12:00:07.351  1519  1519 W PackageManager: No package known for package restrictions com.android.adservices
01-01 12:00:07.352  1519  1519 W PackageManager: No package known for package restrictions com.android.scheduling
01-01 12:00:07.352  1519  1519 W PackageManager: No package known for package restrictions com.google.android.widevine.nonupdatable
01-01 12:00:07.352  1519  1519 W PackageManager: No package known for package restrictions com.android.permission
01-01 12:00:07.355  1519  1519 W PackageManager: No package known for package restrictions com.android.art
01-01 12:00:07.356  1519  1519 W PackageManager: No package known for package restrictions com.android.uwb
01-01 12:00:07.357  1519  1519 W PackageManager: No package known for package restrictions com.android.tethering
01-01 12:00:07.358  1519  1519 W PackageManager: No package known for package restrictions com.android.btservices
01-01 12:00:07.358  1519  1519 W PackageManager: No package known for package restrictions com.android.media.swcodec
01-01 12:00:07.359  1519  1519 W PackageManager: No package known for package restrictions com.android.conscrypt
01-01 12:00:07.362  1519  1519 W PackageManager: No package known for package restrictions com.android.adbd
01-01 12:00:07.362  1519  1519 W PackageManager: No package known for package restrictions com.android.i18n
01-01 12:00:07.362  1519  1519 W PackageManager: No package known for package restrictions com.android.rkpd
01-01 12:00:07.362  1519  1519 W PackageManager: No package known for package restrictions com.android.virt
01-01 12:00:07.362  1519  1519 W PackageManager: No package known for package restrictions com.android.wifi
01-01 12:00:07.363  1519  1519 W PackageManager: No package known for package restrictions com.android.runtime
01-01 12:00:07.363  1519  1519 W PackageManager: No package known for package restrictions com.android.devicelock
01-01 12:00:07.364   858   858 E Lyric   : tuning_provider_base.cc:393: INVALID_ARGUMENT: tuning_tree_set does not have lsc tuning tree.
01-01 12:00:07.364  1519  1519 W PackageManager: No package known for package restrictions com.android.apex.cts.shim
01-01 12:00:07.364  1519  1519 W PackageManager: No package known for package restrictions com.android.compos
01-01 12:00:07.365  1519  1519 W PackageManager: No package known for package restrictions com.android.neuralnetworks
01-01 12:00:07.367  1519  1519 W PackageManager: No package known for package restrictions com.android.healthfitness
01-01 12:00:07.367  1519  1519 W PackageManager: No package known for package restrictions com.android.hardware.biometrics.fingerprint.virtual
01-01 12:00:07.368  1519  1519 W PackageManager: No package known for package restrictions com.android.hardware.cas
01-01 12:00:07.370  1519  1519 W PackageManager: No package known for package restrictions com.android.resolv
01-01 12:00:07.370  1519  1519 W PackageManager: No package known for package restrictions com.android.sdkext
01-01 12:00:07.371  1519  1519 W PackageManager: No package known for package restrictions com.android.tzdata
01-01 12:00:07.372  1519  1519 W PackageManager: No package known for package restrictions com.google.pixel.camera.hal
01-01 12:00:07.373  1519  1519 W PackageManager: No package known for package restrictions com.android.vndk.v35
01-01 12:00:07.373  1519  1519 W PackageManager: No package known for package restrictions com.android.os.statsd
01-01 12:00:07.373  1519  1519 W PackageManager: No package known for package restrictions com.android.extservices
01-01 12:00:07.373  1519  1519 W PackageManager: No package known for package restrictions com.android.cellbroadcast
01-01 12:00:07.374   858   858 E Lyric   : tuning_provider_base.cc:393: INVALID_ARGUMENT: tuning_tree_set does not have lsc tuning tree.
01-01 12:00:07.375  1519  1519 W PackageManager: No package known for package restrictions com.android.ipsec
01-01 12:00:07.375  1519  1519 W PackageManager: No package known for package restrictions com.android.media
01-01 12:00:07.377  1519  1519 W PackageManager: No package known for package restrictions com.android.mediaprovider
01-01 12:00:07.379  1519  1519 W PackageManager: No package known for package restrictions com.google.pixel.wifi.ext
01-01 12:00:07.379  1519  1519 W PackageManager: No package known for package restrictions com.android.ondevicepersonalization
01-01 12:00:07.390  1519  1519 W PackageManager: No package known for package restrictions com.android.configinfrastructure
01-01 12:00:07.392  1519  1519 W PackageManager: No package known for package restrictions com.android.appsearch
01-01 12:00:07.397  1519  1519 W PackageManager: No package known for package restrictions com.android.adservices
01-01 12:00:07.398  1519  1519 W PackageManager: No package known for package restrictions com.android.scheduling
01-01 12:00:07.398  1519  1519 W PackageManager: No package known for package restrictions com.google.android.widevine.nonupdatable
01-01 12:00:07.399  1519  1519 W PackageManager: No package known for package restrictions com.android.permission
01-01 12:00:07.404  1519  1519 W PackageManager: No package known for package restrictions com.android.art
01-01 12:00:07.405  1519  1519 W PackageManager: No package known for package restrictions com.android.uwb
01-01 12:00:07.406  1519  1519 W PackageManager: No package known for package restrictions com.android.tethering
