--------- beginning of system
01-01 12:00:03.443   495   495 I vold    : Vold 3.0 (the awakening) firing up
01-01 12:00:03.443   495   495 D vold    : Detected support for: ext4 f2fs vfat
01-01 12:00:03.445   495   495 I vold    : [libfstab] Using Android DT directory /proc/device-tree/firmware/android/
01-01 12:00:03.448   495   495 D vold    : VoldNativeService::start() completed OK
01-01 12:00:03.538   495   495 I vold    : Using AIDL version of IBootControl
01-01 12:00:03.545   495   495 D vold    : fscrypt_mount_metadata_encrypted: /data encrypt: 0 format: 0 with null block device: /dev/block/platform/14700000.ufs/by-name/userdata and zoned device: 
01-01 12:00:03.545   495   495 D vold    : metadata_key_dir/key: /metadata/vold/metadata_encryption/key
01-01 12:00:03.546   495   495 D vold    : Key exists, using: /metadata/vold/metadata_encryption/key
01-01 12:00:03.551   510   510 I keystore2: system/security/keystore2/src/keystore2_main.rs:61 - Keystore2 is starting.
01-01 12:00:03.551   510   510 I keystore2: system/security/keystore2/src/keystore2_main.rs:67 - Setting up sqlite logging for keystore2
01-01 12:00:03.557   510   510 I keystore2: system/security/keystore2/src/keystore2_main.rs:99 - Starting thread pool now.
01-01 12:00:03.558   510   510 I keystore2: system/security/keystore2/src/globals.rs:260 - KeyMint device is current version (Some(300)) for security level: r#TRUSTED_ENVIRONMENT
01-01 12:00:03.572   534   534 I hwc-3   : hwc3 starting up
01-01 12:00:04.308   534   534 I DMABUFHEAPS: Using DMA-BUF heap named: system-uncached
01-01 12:00:04.310   534   534 I hwc-display: com.google.hardware.pixel.display.IDisplay/default service start...
01-01 12:00:04.433   531   641 D BootAnimation: BootAnimationShownTiming start time: 4599ms
01-01 12:00:04.665   510   510 I keystore2: system/security/keystore2/src/globals.rs:260 - KeyMint device is current version (Some(300)) for security level: r#STRONGBOX
01-01 12:00:04.669   510   510 I keystore2: system/security/keystore2/src/keystore2_main.rs:154 - Successfully registered Keystore 2.0 service.
01-01 12:00:04.670   510   510 I keystore2: system/security/keystore2/src/keystore2_main.rs:156 - Joining thread pool now.
01-01 12:00:04.684   510   538 I keystore2: system/security/keystore2/src/shared_secret_negotiation.rs:48 - Shared secret negotiation concluded successfully.
01-01 12:00:04.684   510   538 I keystore2: system/security/keystore2/src/shared_secret_negotiation.rs:302 - StrongBox does not provide a challenge, so no RoT transfer: Status(-8, EX_SERVICE_SPECIFIC): '-100: '
01-01 12:00:04.692   495   495 D vold    : Mounting metadata-encrypted filesystem:/data
01-01 12:00:04.692   495   495 I vold    : [libfs_mgr] Set readahead_kb: 128 on /sys/class/block/dm-46/queue/read_ahead_kb
01-01 12:00:04.692   495   495 I vold    : [libfs_mgr] Set readahead_kb: 128 on /sys/class/block/sda26/../queue/read_ahead_kb
01-01 12:00:04.693   495   495 I vold    : [libfs_mgr] Running /system/bin/fsck.f2fs -a -c 10000 --debug-cache /dev/block/dm-46
01-01 12:00:04.740   495   495 I vold    : [libfs_mgr] __mount(source=/dev/block/mapper/userdata,target=/data,type=f2fs)=0: Success
01-01 12:00:04.741   495   495 D vold    : Mounted /data
01-01 12:00:04.741   495   503 E NetlinkListener: recvmsg failed (No buffer space available)
01-01 12:00:04.754   495   495 I Checkpoint: cp_prepareCheckpoint called
01-01 12:00:04.761   495   495 I vold    : fscrypt_initialize_systemwide_keys
01-01 12:00:04.761   495   495 D vold    : Key exists, using: /data/unencrypted/key
01-01 12:00:04.766   495   495 D vold    : Installed fscrypt key with ref e94ee4ff4ecae889847d4a907b01fc1e to /data
01-01 12:00:04.767   495   495 I vold    : Wrote system DE key reference to:/data/unencrypted/ref
01-01 12:00:04.767   495   495 D vold    : Generating wrapped storage key
01-01 12:00:04.769   495   495 D vold    : Installed fscrypt key with ref 1df77407850fa7c314a3d89d44dd8d54 to /data
01-01 12:00:04.769   495   495 I vold    : Wrote per boot key reference to:/data/unencrypted/per_boot_ref
01-01 12:00:04.784   495   495 I incfs   : Initial API level of the device: 33
01-01 12:00:04.784   495   495 I incfs   : ro.incremental.enable: true
01-01 12:00:04.784   495   495 I incfs   : isFsAvailable: true
01-01 12:00:04.784   495   495 I incfs   : isFsAvailable: true
01-01 12:00:04.784   495   495 I incfs   : IncFs_Features: v2
01-01 12:00:04.784   510   510 I keystore2: system/security/keystore2/src/maintenance.rs:340 - earlyBootEnded()
01-01 12:00:04.785   510   510 I keystore2: system/security/keystore2/src/maintenance.rs:216 - In early_boot_ended.
01-01 12:00:04.790   510   510 I keystore2: system/security/keystore2/src/globals.rs:70 - Touching Keystore 2.0 database for this first time since boot.
01-01 12:00:04.790   510   510 I keystore2: system/security/keystore2/src/globals.rs:72 - Calling cleanup leftovers.
01-01 12:00:04.790   510   510 I keystore2: system/security/keystore2/src/boot_level_keys.rs:57 - ro.keystore.boot_level_key.strategy not set, inferring from installed KM instances
01-01 12:00:04.790   510   510 I keystore2: system/security/keystore2/src/boot_level_keys.rs:115 - In get_level_zero_key: security_level=r#TRUSTED_ENVIRONMENT, deny_later_strategy=EarlyBootOnly
01-01 12:00:04.793   510   510 I keystore2: system/security/keystore2/src/super_key.rs:302 - Starting boot level watcher.
01-01 12:00:04.793   510   672 I keystore2: system/security/keystore2/src/super_key.rs:334 - Read keystore.boot_level value 30
01-01 12:00:04.793   510   672 I keystore2: system/security/keystore2/src/super_key.rs:334 - Read keystore.boot_level value 30
01-01 12:00:04.793   510   510 I keystore2: system/security/keystore2/src/maintenance.rs:197 - Call to earlyBootEnded succeeded for security level TRUSTED_ENVIRONMENT.
01-01 12:00:04.795   510   510 I keystore2: system/security/keystore2/src/maintenance.rs:197 - Call to earlyBootEnded succeeded for security level STRONGBOX.
01-01 12:00:04.996   495   495 D vold    : fscrypt_init_user0
01-01 12:00:04.996   495   495 D vold    : Preparing: /data/misc/vold/user_keys
01-01 12:00:04.997   495   495 D vold    : Preparing: /data/misc/vold/user_keys/ce
01-01 12:00:04.997   495   495 D vold    : Preparing: /data/misc/vold/user_keys/de
01-01 12:00:05.004   495   495 D vold    : Installed fscrypt key with ref f0215115175c12f0c9158b4337927148 to /data
01-01 12:00:05.004   495   495 D vold    : Installed de key for user 0
01-01 12:00:05.009   495   495 D vold    : Installed fscrypt key with ref cd20192c3ea8c6c6b827ac76118162c3 to /data
01-01 12:00:05.009   495   495 D vold    : Installed de key for user 10
01-01 12:00:05.013   495   495 D vold    : Installed fscrypt key with ref 7445571b024657a507fd0addc24f9d4f to /data
01-01 12:00:05.013   495   495 D vold    : Installed de key for user 11
01-01 12:00:05.018   495   495 D vold    : Installed fscrypt key with ref 3c19ce9884b3202633464235a1d680a9 to /data
01-01 12:00:05.018   495   495 D vold    : Installed de key for user 12
01-01 12:00:05.018   495   495 D vold    : Preparing: /data/data
01-01 12:00:05.020   495   495 D vold    : Preparing: /data/user/0
01-01 12:00:05.021   495   495 D vold    : Preparing: /data/media/obb
01-01 12:00:05.021   495   495 D vold    : fscrypt_prepare_user_storage for volume null, user 0, serial 0, flags 1
01-01 12:00:05.021   495   495 D vold    : Preparing: /data/system/users/0
01-01 12:00:05.021   495   495 D vold    : Preparing: /data/misc/profiles/cur/0
01-01 12:00:05.022   495   495 D vold    : Preparing: /data/system_de/0
01-01 12:00:05.022   495   495 I vold    : Verified that /data/system_de/0 has the encryption policy f0215115175c12f0c9158b4337927148 v2 modes 1/4 flags 0xa
01-01 12:00:05.022   495   495 D vold    : Preparing: /data/vendor_de/0
01-01 12:00:05.022   495   495 I vold    : Verified that /data/vendor_de/0 has the encryption policy f0215115175c12f0c9158b4337927148 v2 modes 1/4 flags 0xa
01-01 12:00:05.023   495   495 D vold    : Preparing: /data/misc_de/0
01-01 12:00:05.023   495   495 I vold    : Verified that /data/misc_de/0 has the encryption policy f0215115175c12f0c9158b4337927148 v2 modes 1/4 flags 0xa
01-01 12:00:05.023   495   495 D vold    : Preparing: /data/user_de/0
01-01 12:00:05.023   495   495 I vold    : Verified that /data/user_de/0 has the encryption policy f0215115175c12f0c9158b4337927148 v2 modes 1/4 flags 0xa
01-01 12:00:05.023   495   495 D vold    : /system/bin/vold_prepare_subdirs
01-01 12:00:05.023   495   495 D vold    :     prepare
01-01 12:00:05.023   495   495 D vold    :     
01-01 12:00:05.023   495   495 D vold    :     0
01-01 12:00:05.023   495   495 D vold    :     1
01-01 12:00:05.091   825   825 I odsign  : Trying to retrieve existing HMAC key...
01-01 12:00:05.092   825   825 I odsign  : Trying to retrieve existing keystore key...
01-01 12:00:05.095   825   825 I odsign  : Verified public key signature.
01-01 12:00:05.095   825   825 I odsign  : Initialized Keystore key.
01-01 12:00:05.096   825   825 I odsign  : Found and verified existing public key certificate: /data/misc/odsign/key.cert
01-01 12:00:05.132   826   826 I odrefresh: ART APEX version 990090000
01-01 12:00:05.170   826   826 I odrefresh: Boot images on /system OK (arm64)
01-01 12:00:05.171   826   826 I odrefresh: system_server artifacts on /system OK
01-01 12:00:05.178   825   825 I odsign  : /data/misc/odsign/odsign.info.signature matches.
01-01 12:00:05.178   825   825 I odsign  : Loaded /data/misc/odsign/odsign.info
01-01 12:00:05.179   825   825 I odsign  : All root hashes match.
01-01 12:00:05.179   825   825 I odsign  : odrefresh said artifacts are VALID
01-01 12:00:05.179   510   672 I keystore2: system/security/keystore2/src/super_key.rs:339 - keystore.boot_level 1000000000 hits maximum 1000000000, finishing.
01-01 12:00:05.179   825   825 I odsign  : On-device signing done.
01-01 12:00:05.648   927   927 I gsid    : no DSU: No such file or directory
01-01 12:00:05.698   910   910 I vendor.google.wifi_ext-service-vendor: Wifi Ext Hal is booting up...
01-01 12:00:05.706   910   910 I vendor.google.wifi_ext-service-vendor: Joining RPC thread pool
01-01 12:00:05.802  1005  1005 I installd: installd firing up
01-01 12:00:05.872  1017  1017 I wificond: wificond is starting up...
01-01 12:00:05.882  1017  1017 I HidlServiceManagement: Registered android.system.wifi.keystore@1.0::IKeystore/default
01-01 12:00:05.995   843   843 V Zygote64Timing: BeginPreload took to complete: 72ms
01-01 12:00:06.151   858   858 I Lyric   : camera_provider_hwl_impl.cc:119: placeholder_first_flag: DISABLED
01-01 12:00:06.151   858   858 I Lyric   : camera_provider_hwl_impl.cc:124: placeholder_second_flag: DISABLED
01-01 12:00:06.151   858   858 I Lyric   : camera_provider_manager_impl.cc:44: Creating CameraProviderManager
01-01 12:00:06.152   858   858 I Lyric   : dpm_bandwidth_controller.cc:42: dpm: WhiDpmClockBandwidthManager
01-01 12:00:06.170   858   858 I G3ACoordinator: coordinator.cc:301: InitHWVersion = 2
01-01 12:00:06.171   858   858 I G3ACoordinator: coordinator.cc:305: FATP Enable = 0
01-01 12:00:06.171   858   858 I Lyric   : generic_device_context.cc:162: Using external AE controller: 3A Coordinator
01-01 12:00:06.171   858   858 I Lyric   : generic_device_context.cc:178: Using external AF controller: 3A Coordinator
01-01 12:00:06.171   858   858 E Lyric   : external_auto_white_balance_controller_proxy.cc:145: ExternalAutoWhiteBalanceControllerProxy [3A Coordinator] Failed to parse AWB flash calibration data, status: INTERNAL: Failed to open /mnt/vendor/persist/camera/LED_AWB_Cal.cal
01-01 12:00:06.171   858   858 I Lyric   : generic_device_context.cc:194: Using external AWB controller: 3A Coordinator
01-01 12:00:06.171   858   858 I Lyric   : generic_device_context.cc:212: Using external ASD controller: 3A Coordinator
01-01 12:00:06.171   858   858 I Lyric   : generic_device_context.cc:240: Using external flicker processing controller: 3A Coordinator
01-01 12:00:06.174   858  1153 I Lyric   : lwis_event_thread.cc:201: LwEv:Scsc event thread is starting . . .
01-01 12:00:06.174   858  1156 I Lyric   : lwis_event_thread.cc:201: LwEv:Gdc0 event thread is starting . . .
01-01 12:00:06.177   858  1154 I Lyric   : lwis_event_thread.cc:201: LwEv:Mcsc event thread is starting . . .
01-01 12:00:06.177   858  1157 I Lyric   : lwis_event_thread.cc:201: LwEv:Itp event thread is starting . . .
01-01 12:00:06.178   858   858 I Lyric   : g3aa_driver.cc:178: G3AA PDAF line buffer size for context 0: 5984
01-01 12:00:06.178   858   858 I Lyric   : g3aa_driver.cc:178: G3AA PDAF line buffer size for context 1: 5984
01-01 12:00:06.178   858  1155 I Lyric   : lwis_event_thread.cc:201: LwEv:Gdc1 event thread is starting . . .
01-01 12:00:06.178   858   858 I Lyric   : g3aa_driver.cc:212: G3AA Bayer line buffer size for context 0: 4512
01-01 12:00:06.178   858   858 I Lyric   : g3aa_driver.cc:212: G3AA Bayer line buffer size for context 1: 4640
01-01 12:00:06.178   858   858 I Lyric   : g3aa_driver.cc:212: G3AA Bayer line buffer size for context 2: 4496
01-01 12:00:06.178   858   858 I Lyric   : g3aa_driver.cc:259: Initializing the G3AA Driver. HW Revision: 1. BW Limiter [Enabled], cycles per slot: 100, bytes per slot: 512, bytes per window: 20480
01-01 12:00:06.458   843   843 V Zygote64Timing: PreloadClasses took to complete: 463ms
01-01 12:00:06.490   843   843 V Zygote64Timing: CacheNonBootClasspathClassLoaders took to complete: 32ms
01-01 12:00:06.516   843   843 V Zygote64Timing: PreloadResources took to complete: 26ms
01-01 12:00:06.539   843   843 V Zygote64Timing: ZygotePreload took to complete: 616ms
01-01 12:00:06.611   843   843 V Zygote64Timing: PostZygoteInitGC took to complete: 71ms
01-01 12:00:06.611   843   843 V Zygote64Timing: ZygoteInit took to complete: 696ms
01-01 12:00:06.781  1519  1519 D SystemServerTiming: InitBeforeStartServices
01-01 12:00:06.784  1519  1519 I SystemServer: Entered the Android system server!
01-01 12:00:06.885  1519  1519 I SystemServerInitThreadPool: Creating instance with 8 threads
01-01 12:00:06.885  1519  1519 I SystemServer: Loading pre-installed system font map.
01-01 12:00:06.995  1519  1519 V SystemServerTiming: InitBeforeStartServices took to complete: 214ms
01-01 12:00:06.995  1519  1519 D SystemServerTiming: StartServices
01-01 12:00:06.995  1519  1519 D SystemServerTiming: startBootstrapServices
01-01 12:00:06.995  1519  1519 D SystemServerTiming: ArtModuleServiceInitializer
01-01 12:00:06.995  1519  1519 V SystemServerTiming: ArtModuleServiceInitializer took to complete: 0ms
01-01 12:00:06.995  1519  1519 D SystemServerTiming: StartWatchdog
01-01 12:00:06.997  1519  1519 V SystemServerTiming: StartWatchdog took to complete: 2ms
01-01 12:00:06.997  1519  1519 I SystemServer: Reading configuration...
01-01 12:00:06.997  1519  1519 D SystemServerTiming: ReadingSystemConfig
01-01 12:00:06.997  1519  1519 V SystemServerTiming: ReadingSystemConfig took to complete: 0ms
01-01 12:00:06.997  1519  1519 D SystemServerTiming: PlatformCompat
01-01 12:00:06.998  1519  1588 D SystemServerTimingAsync: InitThreadPoolExec:ReadingSystemConfig
01-01 12:00:06.998  1519  1588 D SystemServerInitThreadPool: Started executing ReadingSystemConfig
01-01 12:00:06.998  1519  1519 D CompatConfig: Found a config file: /system/etc/compatconfig/contacts-provider-platform-compat-config.xml
01-01 12:00:06.998  1519  1588 I SystemConfig: Reading permissions from /system/etc/sysconfig/preinstalled-packages-com.android.car.dialer.xml
01-01 12:00:06.999  1519  1519 D CompatConfig: Found a config file: /system/etc/compatconfig/framework-location-compat-config.xml
01-01 12:00:06.999  1519  1519 D CompatConfig: Adding: com.android.server.compat.config.Change@9274c81
01-01 12:00:06.999  1519  1519 D CompatConfig: Adding: com.android.server.compat.config.Change@bd11126
01-01 12:00:06.999  1519  1519 D CompatConfig: Adding: com.android.server.compat.config.Change@4a21167
01-01 12:00:06.999  1519  1519 D CompatConfig: Adding: com.android.server.compat.config.Change@6f8fb14
01-01 12:00:06.999  1519  1519 D CompatConfig: Adding: com.android.server.compat.config.Change@9fb2fbd
01-01 12:00:06.999  1519  1519 D CompatConfig: Adding: com.android.server.compat.config.Change@1ad19b2
01-01 12:00:06.999  1519  1519 D CompatConfig: Adding: com.android.server.compat.config.Change@6345d03
01-01 12:00:06.999  1519  1519 D CompatConfig: Adding: com.android.server.compat.config.Change@1300ab9
01-01 12:00:06.999  1519  1588 I SystemConfig: Reading permissions from /system/etc/sysconfig/preinstalled-packages-platform-handheld-system.xml
01-01 12:00:07.000  1519  1519 D CompatConfig: Found a config file: /system/etc/compatconfig/framework-platform-compat-config.xml
01-01 12:00:07.000  1519  1588 I SystemConfig: Reading permissions from /system/etc/sysconfig/preinstalled-packages-platform-generic-system.xml
01-01 12:00:07.000  1519  1588 I SystemConfig: Reading permissions from /system/etc/sysconfig/preinstalled-packages-product-car-base.xml
01-01 12:00:07.001  1519  1588 I SystemConfig: Reading permissions from /system/etc/sysconfig/framework-sysconfig.xml
01-01 12:00:07.001  1519  1519 D CompatConfig: Adding: com.android.server.compat.config.Change@a7a2d0a
01-01 12:00:07.001  1519  1519 D CompatConfig: Adding: com.android.server.compat.config.Change@f7a697b
01-01 12:00:07.001  1519  1519 D CompatConfig: Adding: com.android.server.compat.config.Change@3649398
01-01 12:00:07.001  1519  1519 D CompatConfig: Adding: com.android.server.compat.config.Change@65b57f1
01-01 12:00:07.001  1519  1519 D CompatConfig: Adding: com.android.server.compat.config.Change@f160fd6
01-01 12:00:07.001  1519  1519 D CompatConfig: Adding: com.android.server.compat.config.Change@abc2257
01-01 12:00:07.001  1519  1519 D CompatConfig: Adding: com.android.server.compat.config.Change@adb5144
01-01 12:00:07.001  1519  1519 D CompatConfig: Adding: com.android.server.compat.config.Change@bc822d
01-01 12:00:07.001  1519  1519 D CompatConfig: Adding: com.android.server.compat.config.Change@bbb5362
01-01 12:00:07.001  1519  1519 D CompatConfig: Adding: com.android.server.compat.config.Change@1f68cf3
01-01 12:00:07.001  1519  1519 D CompatConfig: Adding: com.android.server.compat.config.Change@bde3db0
01-01 12:00:07.001  1519  1519 D CompatConfig: Adding: com.android.server.compat.config.Change@a8c1429
01-01 12:00:07.001  1519  1519 D CompatConfig: Adding: com.android.server.compat.config.Change@c7f43ae
01-01 12:00:07.001  1519  1519 D CompatConfig: Adding: com.android.server.compat.config.Change@f63054f
01-01 12:00:07.001  1519  1519 D CompatConfig: Adding: com.android.server.compat.config.Change@2e184dc
01-01 12:00:07.001  1519  1519 D CompatConfig: Adding: com.android.server.compat.config.Change@ea8c9e5
01-01 12:00:07.001  1519  1519 D CompatConfig: Adding: com.android.server.compat.config.Change@77fecba
01-01 12:00:07.001  1519  1519 D CompatConfig: Adding: com.android.server.compat.config.Change@d74a76b
01-01 12:00:07.001  1519  1519 D CompatConfig: Adding: com.android.server.compat.config.Change@d7012c8
01-01 12:00:07.001  1519  1519 D CompatConfig: Adding: com.android.server.compat.config.Change@4b01a86
01-01 12:00:07.001  1519  1519 D CompatConfig: Adding: com.android.server.compat.config.Change@b44f47
01-01 12:00:07.001  1519  1588 I SystemConfig: Reading permissions from /system/etc/sysconfig/hiddenapi-package-whitelist.xml
01-01 12:00:07.001  1519  1519 D CompatConfig: Adding: com.android.server.compat.config.Change@4d79374
01-01 12:00:07.001  1519  1519 D CompatConfig: Adding: com.android.server.compat.config.Change@e6f509d
01-01 12:00:07.001  1519  1519 D CompatConfig: Adding: com.android.server.compat.config.Change@6635912
01-01 12:00:07.001  1519  1519 D CompatConfig: Adding: com.android.server.compat.config.Change@35c98e3
01-01 12:00:07.001  1519  1519 D CompatConfig: Adding: com.android.server.compat.config.Change@79472e0
01-01 12:00:07.001  1519  1519 D CompatConfig: Adding: com.android.server.compat.config.Change@e755999
01-01 12:00:07.001  1519  1519 D CompatConfig: Adding: com.android.server.compat.config.Change@e99f45e
01-01 12:00:07.001  1519  1519 D CompatConfig: Adding: com.android.server.compat.config.Change@eb5e03f
01-01 12:00:07.001  1519  1519 D CompatConfig: Adding: com.android.server.compat.config.Change@d7ddd0c
01-01 12:00:07.001  1519  1519 D CompatConfig: Adding: com.android.server.compat.config.Change@b38f655
01-01 12:00:07.001  1519  1519 D CompatConfig: Adding: com.android.server.compat.config.Change@d0cf86a
01-01 12:00:07.001  1519  1519 D CompatConfig: Adding: com.android.server.compat.config.Change@e32415b
01-01 12:00:07.001  1519  1519 D CompatConfig: Adding: com.android.server.compat.config.Change@2b1bdf8
01-01 12:00:07.001  1519  1519 D CompatConfig: Adding: com.android.server.compat.config.Change@35fa2d1
01-01 12:00:07.001  1519  1519 D CompatConfig: Adding: com.android.server.compat.config.Change@1fa3136
01-01 12:00:07.001  1519  1519 D CompatConfig: Adding: com.android.server.compat.config.Change@8499837
01-01 12:00:07.001  1519  1519 D CompatConfig: Adding: com.android.server.compat.config.Change@540c1a4
01-01 12:00:07.001  1519  1519 D CompatConfig: Adding: com.android.server.compat.config.Change@6a9b0d
01-01 12:00:07.001  1519  1519 D CompatConfig: Adding: com.android.server.compat.config.Change@1b02ac2
01-01 12:00:07.001  1519  1519 D CompatConfig: Adding: com.android.server.compat.config.Change@19a5410
01-01 12:00:07.001  1519  1588 I SystemConfig: Reading permissions from /system/etc/sysconfig/preinstalled-packages-asl-files.xml
01-01 12:00:07.002  1519  1519 D CompatConfig: Adding: com.android.server.compat.config.Change@8b2db09
01-01 12:00:07.002  1519  1519 D CompatConfig: Adding: com.android.server.compat.config.Change@4da310e
01-01 12:00:07.002  1519  1519 D CompatConfig: Adding: com.android.server.compat.config.Change@aad572f
01-01 12:00:07.002  1519  1519 D CompatConfig: Adding: com.android.server.compat.config.Change@9b8a13c
01-01 12:00:07.002  1519  1519 D CompatConfig: Adding: com.android.server.compat.config.Change@5251ec5
01-01 12:00:07.002  1519  1519 D CompatConfig: Adding: com.android.server.compat.config.Change@18c501a
01-01 12:00:07.002  1519  1519 D CompatConfig: Adding: com.android.server.compat.config.Change@742374b
01-01 12:00:07.002  1519  1519 D CompatConfig: Adding: com.android.server.compat.config.Change@30c9528
01-01 12:00:07.002  1519  1519 D CompatConfig: Adding: com.android.server.compat.config.Change@6bde241
01-01 12:00:07.002  1519  1519 D CompatConfig: Adding: com.android.server.compat.config.Change@90f53e6
01-01 12:00:07.002  1519  1519 D CompatConfig: Adding: com.android.server.compat.config.Change@fafd27
01-01 12:00:07.002  1519  1519 D CompatConfig: Adding: com.android.server.compat.config.Change@729dbd4
01-01 12:00:07.002  1519  1519 D CompatConfig: Adding: com.android.server.compat.config.Change@7c5617d
01-01 12:00:07.002  1519  1519 D CompatConfig: Adding: com.android.server.compat.config.Change@66cc872
01-01 12:00:07.002  1519  1519 D CompatConfig: Adding: com.android.server.compat.config.Change@b9044c3
01-01 12:00:07.002  1519  1519 D CompatConfig: Adding: com.android.server.compat.config.Change@4cb9879
01-01 12:00:07.002  1519  1588 I SystemConfig: Reading permissions from /system/etc/sysconfig/preinstalled-packages-platform.xml
01-01 12:00:07.002  1519  1519 D CompatConfig: Adding: com.android.server.compat.config.Change@9baf9be
01-01 12:00:07.002  1519  1519 D CompatConfig: Adding: com.android.server.compat.config.Change@3a86a1f
01-01 12:00:07.002  1519  1519 D CompatConfig: Adding: com.android.server.compat.config.Change@204d16c
01-01 12:00:07.002  1519  1519 D CompatConfig: Adding: com.android.server.compat.config.Change@9644335
01-01 12:00:07.002  1519  1519 D CompatConfig: Adding: com.android.server.compat.config.Change@c28f3ca
01-01 12:00:07.002  1519  1519 D CompatConfig: Adding: com.android.server.compat.config.Change@ff3893b
01-01 12:00:07.002  1519  1519 D CompatConfig: Adding: com.android.server.compat.config.Change@d239858
01-01 12:00:07.002  1519  1519 D CompatConfig: Adding: com.android.server.compat.config.Change@ca2ddb1
01-01 12:00:07.002  1519  1519 D CompatConfig: Adding: com.android.server.compat.config.Change@8ca8296
01-01 12:00:07.002  1519  1519 D CompatConfig: Adding: com.android.server.compat.config.Change@8077e17
01-01 12:00:07.002  1519  1519 D CompatConfig: Adding: com.android.server.compat.config.Change@65e204
01-01 12:00:07.002  1519  1519 D CompatConfig: Adding: com.android.server.compat.config.Change@956a3ed
01-01 12:00:07.002  1519  1519 D CompatConfig: Adding: com.android.server.compat.config.Change@6243222
01-01 12:00:07.002  1519  1519 D CompatConfig: Adding: com.android.server.compat.config.Change@c611a70
01-01 12:00:07.002  1519  1588 I SystemConfig: Reading permissions from /system/etc/sysconfig/preinstalled-packages-strict-signature.xml
01-01 12:00:07.002  1519  1519 D CompatConfig: Adding: com.android.server.compat.config.Change@e0691e9
01-01 12:00:07.002  1519  1519 D CompatConfig: Adding: com.android.server.compat.config.Change@c774e6e
01-01 12:00:07.002  1519  1519 D CompatConfig: Adding: com.android.server.compat.config.Change@fc6190f
01-01 12:00:07.002  1519  1519 D CompatConfig: Adding: com.android.server.compat.config.Change@3956d9c
01-01 12:00:07.002  1519  1519 D CompatConfig: Adding: com.android.server.compat.config.Change@ad63a5
01-01 12:00:07.002  1519  1519 D CompatConfig: Adding: com.android.server.compat.config.Change@4cde37a
01-01 12:00:07.002  1519  1519 D CompatConfig: Adding: com.android.server.compat.config.Change@155372b
01-01 12:00:07.002  1519  1519 D CompatConfig: Adding: com.android.server.compat.config.Change@e59c788
01-01 12:00:07.002  1519  1519 D CompatConfig: Adding: com.android.server.compat.config.Change@2359521
01-01 12:00:07.002  1519  1519 D CompatConfig: Adding: com.android.server.compat.config.Change@cc6bd46
01-01 12:00:07.002  1519  1519 D CompatConfig: Adding: com.android.server.compat.config.Change@86e1b07
01-01 12:00:07.002  1519  1519 D CompatConfig: Adding: com.android.server.compat.config.Change@187d434
01-01 12:00:07.002  1519  1519 D CompatConfig: Adding: com.android.server.compat.config.Change@db5625d
01-01 12:00:07.002  1519  1519 D CompatConfig: Adding: com.android.server.compat.config.Change@94760a3
01-01 12:00:07.002  1519  1588 I SystemConfig: Reading permissions from /system/etc/sysconfig/initial-package-stopped-states.xml
01-01 12:00:07.002  1519  1519 D CompatConfig: Adding: com.android.server.compat.config.Change@3e7ffa0
01-01 12:00:07.002  1519  1519 D CompatConfig: Adding: com.android.server.compat.config.Change@f6ac759
01-01 12:00:07.002  1519  1519 D CompatConfig: Adding: com.android.server.compat.config.Change@10a2f1e
01-01 12:00:07.002  1519  1519 D CompatConfig: Adding: com.android.server.compat.config.Change@ae563ff
01-01 12:00:07.002  1519  1519 D CompatConfig: Adding: com.android.server.compat.config.Change@e5d75cc
01-01 12:00:07.002  1519  1519 D CompatConfig: Adding: com.android.server.compat.config.Change@f778015
01-01 12:00:07.002  1519  1519 D CompatConfig: Adding: com.android.server.compat.config.Change@4261f2a
01-01 12:00:07.002  1519  1519 D CompatConfig: Adding: com.android.server.compat.config.Change@636411b
01-01 12:00:07.002  1519  1519 D CompatConfig: Adding: com.android.server.compat.config.Change@2d222b8
01-01 12:00:07.002  1519  1519 D CompatConfig: Adding: com.android.server.compat.config.Change@c5d0891
01-01 12:00:07.002  1519  1519 D CompatConfig: Adding: com.android.server.compat.config.Change@d5f03f6
01-01 12:00:07.002  1519  1519 D CompatConfig: Adding: com.android.server.compat.config.Change@aedd3f7
01-01 12:00:07.002  1519  1519 D CompatConfig: Adding: com.android.server.compat.config.Change@1389ccd
01-01 12:00:07.002  1519  1588 I SystemConfig: Reading permissions from /system/etc/sysconfig/preinstalled-packages-com.android.providers.media.module.xml
01-01 12:00:07.003  1519  1519 D CompatConfig: Adding: com.android.server.compat.config.Change@86f6982
01-01 12:00:07.003  1519  1519 D CompatConfig: Adding: com.android.server.compat.config.Change@621b893
01-01 12:00:07.003  1519  1519 D CompatConfig: Adding: com.android.server.compat.config.Change@74a90d0
01-01 12:00:07.003  1519  1519 D CompatConfig: Adding: com.android.server.compat.config.Change@3bf38c9
01-01 12:00:07.003  1519  1519 D CompatConfig: Adding: com.android.server.compat.config.Change@2e9bce
01-01 12:00:07.003  1519  1519 D CompatConfig: Adding: com.android.server.compat.config.Change@6a54aef
01-01 12:00:07.003  1519  1519 D CompatConfig: Adding: com.android.server.compat.config.Change@50fe9fc
01-01 12:00:07.003  1519  1519 D CompatConfig: Adding: com.android.server.compat.config.Change@5f99885
01-01 12:00:07.003  1519  1519 D CompatConfig: Adding: com.android.server.compat.config.Change@39ca6da
01-01 12:00:07.003  1519  1519 D CompatConfig: Adding: com.android.server.compat.config.Change@b25a70b
01-01 12:00:07.003  1519  1519 D CompatConfig: Adding: com.android.server.compat.config.Change@56fa9e8
01-01 12:00:07.003  1519  1519 D CompatConfig: Adding: com.android.server.compat.config.Change@7c03801
01-01 12:00:07.003  1519  1519 D CompatConfig: Adding: com.android.server.compat.config.Change@fae56a6
01-01 12:00:07.003  1519  1519 D CompatConfig: Adding: com.android.server.compat.config.Change@605a8e7
01-01 12:00:07.003  1519  1519 D CompatConfig: Adding: com.android.server.compat.config.Change@3897c94
01-01 12:00:07.003  1519  1519 D CompatConfig: Adding: com.android.server.compat.config.Change@3f7533d
01-01 12:00:07.003  1519  1519 D CompatConfig: Adding: com.android.server.compat.config.Change@9d93732
01-01 12:00:07.003  1519  1519 D CompatConfig: Adding: com.android.server.compat.config.Change@2f9ec83
01-01 12:00:07.003  1519  1519 D CompatConfig: Adding: com.android.server.compat.config.Change@acbce00
01-01 12:00:07.003  1519  1519 D CompatConfig: Adding: com.android.server.compat.config.Change@58ae639
01-01 12:00:07.003  1519  1519 D CompatConfig: Adding: com.android.server.compat.config.Change@75f947e
01-01 12:00:07.003  1519  1519 D CompatConfig: Adding: com.android.server.compat.config.Change@a64cddf
01-01 12:00:07.003  1519  1519 D CompatConfig: Adding: com.android.server.compat.config.Change@d1fca2c
01-01 12:00:07.003  1519  1519 D CompatConfig: Adding: com.android.server.compat.config.Change@2aacf5
01-01 12:00:07.003  1519  1519 D CompatConfig: Adding: com.android.server.compat.config.Change@d5c7a8a
01-01 12:00:07.003  1519  1519 D CompatConfig: Adding: com.android.server.compat.config.Change@e7268fb
01-01 12:00:07.003  1519  1519 D CompatConfig: Adding: com.android.server.compat.config.Change@fd55d18
01-01 12:00:07.003  1519  1519 D CompatConfig: Adding: com.android.server.compat.config.Change@8c62371
01-01 12:00:07.003  1519  1519 D CompatConfig: Adding: com.android.server.compat.config.Change@58fb556
01-01 12:00:07.003  1519  1519 D CompatConfig: Adding: com.android.server.compat.config.Change@df499d7
01-01 12:00:07.003  1519  1519 D CompatConfig: Adding: com.android.server.compat.config.Change@9c885ad
01-01 12:00:07.003  1519  1588 I SystemConfig: Reading permissions from /system/etc/permissions/android.car.usb.handler.xml
01-01 12:00:07.003  1519  1519 D CompatConfig: Adding: com.android.server.compat.config.Change@3e9d0e2
01-01 12:00:07.003  1519  1519 D CompatConfig: Adding: com.android.server.compat.config.Change@8fefc73
01-01 12:00:07.003  1519  1519 D CompatConfig: Adding: com.android.server.compat.config.Change@96eb730
01-01 12:00:07.003  1519  1519 D CompatConfig: Adding: com.android.server.compat.config.Change@f14cfa9
01-01 12:00:07.003  1519  1588 I SystemConfig: Reading permissions from /system/etc/permissions/com.google.android.apps.geo.autograph.vms.client.console.car.xml
01-01 12:00:07.003  1519  1519 D CompatConfig: Found a config file: /system/etc/compatconfig/calendar-provider-compat-config.xml
01-01 12:00:07.004  1519  1588 I SystemConfig: Reading permissions from /system/etc/permissions/com.google.android.car.networking.preferenceupdater.xml
01-01 12:00:07.004  1519  1519 D CompatConfig: Adding: com.android.server.compat.config.Change@5c1bd65
01-01 12:00:07.004  1519  1519 D CompatConfig: Found a config file: /system/etc/compatconfig/TeleService-platform-compat-config.xml
01-01 12:00:07.004  1519  1588 I SystemConfig: Reading permissions from /system/etc/permissions/com.android.future.usb.accessory.xml
01-01 12:00:07.004  1519  1519 D CompatConfig: Adding: com.android.server.compat.config.Change@a663c48
01-01 12:00:07.004  1519  1519 D CompatConfig: Adding: com.android.server.compat.config.Change@b95cae1
01-01 12:00:07.004  1519  1519 D CompatConfig: Adding: com.android.server.compat.config.Change@d9e2006
01-01 12:00:07.004  1519  1519 D CompatConfig: Adding: com.android.server.compat.config.Change@4b9a6c7
01-01 12:00:07.004  1519  1519 D CompatConfig: Adding: com.android.server.compat.config.Change@a43341d
01-01 12:00:07.004  1519  1519 D CompatConfig: Adding: com.android.server.compat.config.Change@3ec3692
01-01 12:00:07.004  1519  1588 I SystemConfig: Reading permissions from /system/etc/permissions/com.google.android.car.kitchensink.xml
01-01 12:00:07.005  1519  1519 D CompatConfig: Found a config file: /system/etc/compatconfig/services-platform-compat-config.xml
01-01 12:00:07.005  1519  1588 I SystemConfig: Reading permissions from /system/etc/permissions/android.hardware.usb.host.xml
01-01 12:00:07.005  1519  1588 I SystemConfig: Reading permissions from /system/etc/permissions/android.car.cluster.xml
01-01 12:00:07.006  1519  1519 D CompatConfig: Adding: com.android.server.compat.config.Change@b9329de
01-01 12:00:07.006  1519  1519 D CompatConfig: Adding: com.android.server.compat.config.Change@41ea7bf
01-01 12:00:07.006  1519  1519 D CompatConfig: Adding: com.android.server.compat.config.Change@a35c9d5
01-01 12:00:07.006  1519  1519 D CompatConfig: Adding: com.android.server.compat.config.Change@c2405ea
01-01 12:00:07.006  1519  1519 D CompatConfig: Adding: com.android.server.compat.config.Change@22000db
01-01 12:00:07.006  1519  1588 I SystemConfig: Reading permissions from /system/etc/permissions/com.android.car.shell.xml
01-01 12:00:07.006  1519  1519 D CompatConfig: Adding: com.android.server.compat.config.Change@c454778
01-01 12:00:07.006  1519  1519 D CompatConfig: Adding: com.android.server.compat.config.Change@4162e51
01-01 12:00:07.006  1519  1519 D CompatConfig: Adding: com.android.server.compat.config.Change@33496b6
01-01 12:00:07.006  1519  1519 D CompatConfig: Adding: com.android.server.compat.config.Change@a13cfb7
01-01 12:00:07.006  1519  1519 D CompatConfig: Adding: com.android.server.compat.config.Change@2436324
01-01 12:00:07.006  1519  1519 D CompatConfig: Adding: com.android.server.compat.config.Change@be5e8d
01-01 12:00:07.006  1519  1519 D CompatConfig: Adding: com.android.server.compat.config.Change@feb6842
01-01 12:00:07.006  1519  1519 D CompatConfig: Adding: com.android.server.compat.config.Change@60bb053
01-01 12:00:07.006  1519  1519 D CompatConfig: Adding: com.android.server.compat.config.Change@5e58d90
01-01 12:00:07.006  1519  1519 D CompatConfig: Adding: com.android.server.compat.config.Change@13f5689
01-01 12:00:07.006  1519  1519 D CompatConfig: Adding: com.android.server.compat.config.Change@b4bc68e
01-01 12:00:07.006  1519  1519 D CompatConfig: Adding: com.android.server.compat.config.Change@596feaf
01-01 12:00:07.006  1519  1519 D CompatConfig: Adding: com.android.server.compat.config.Change@d3df2bc
01-01 12:00:07.006  1519  1519 D CompatConfig: Adding: com.android.server.compat.config.Change@cbdd245
01-01 12:00:07.006  1519  1519 D CompatConfig: Adding: com.android.server.compat.config.Change@941bd9a
01-01 12:00:07.006  1519  1519 D CompatConfig: Adding: com.android.server.compat.config.Change@7ded6cb
01-01 12:00:07.006  1519  1519 D CompatConfig: Adding: com.android.server.compat.config.Change@b557ea8
01-01 12:00:07.006  1519  1519 D CompatConfig: Adding: com.android.server.compat.config.Change@dee4dc1
01-01 12:00:07.006  1519  1519 D CompatConfig: Adding: com.android.server.compat.config.Change@e6e1966
01-01 12:00:07.006  1519  1519 D CompatConfig: Adding: com.android.server.compat.config.Change@b8214a7
01-01 12:00:07.006  1519  1519 D CompatConfig: Adding: com.android.server.compat.config.Change@8d7dd54
01-01 12:00:07.006  1519  1519 D CompatConfig: Adding: com.android.server.compat.config.Change@c5104fd
01-01 12:00:07.006  1519  1519 D CompatConfig: Adding: com.android.server.compat.config.Change@6b265f2
01-01 12:00:07.006  1519  1519 D CompatConfig: Adding: com.android.server.compat.config.Change@315443
01-01 12:00:07.006  1519  1519 D CompatConfig: Adding: com.android.server.compat.config.Change@b7f7ac0
01-01 12:00:07.006  1519  1519 D CompatConfig: Adding: com.android.server.compat.config.Change@d2df3f9
01-01 12:00:07.006  1519  1519 D CompatConfig: Adding: com.android.server.compat.config.Change@87cef3e
01-01 12:00:07.006  1519  1519 D CompatConfig: Adding: com.android.server.compat.config.Change@60af19f
01-01 12:00:07.006  1519  1519 D CompatConfig: Adding: com.android.server.compat.config.Change@84182ec
01-01 12:00:07.006  1519  1519 D CompatConfig: Adding: com.android.server.compat.config.Change@850d6b5
01-01 12:00:07.006  1519  1519 D CompatConfig: Adding: com.android.server.compat.config.Change@d4c14a
01-01 12:00:07.006  1519  1519 D CompatConfig: Adding: com.android.server.compat.config.Change@6b708bb
01-01 12:00:07.006  1519  1519 D CompatConfig: Adding: com.android.server.compat.config.Change@c39e1d8
01-01 12:00:07.006  1519  1519 D CompatConfig: Adding: com.android.server.compat.config.Change@c852931
01-01 12:00:07.006  1519  1519 D CompatConfig: Adding: com.android.server.compat.config.Change@425a816
01-01 12:00:07.006  1519  1519 D CompatConfig: Adding: com.android.server.compat.config.Change@4437597
01-01 12:00:07.006  1519  1519 D CompatConfig: Adding: com.android.server.compat.config.Change@8574384
01-01 12:00:07.006  1519  1519 D CompatConfig: Adding: com.android.server.compat.config.Change@fd2276d
01-01 12:00:07.006  1519  1519 D CompatConfig: Adding: com.android.server.compat.config.Change@fcc2fa2
01-01 12:00:07.006  1519  1519 D CompatConfig: Adding: com.android.server.compat.config.Change@9bfd433
01-01 12:00:07.006  1519  1519 D CompatConfig: Adding: com.android.server.compat.config.Change@bc713f0
01-01 12:00:07.006  1519  1519 D CompatConfig: Adding: com.android.server.compat.config.Change@776cd69
01-01 12:00:07.006  1519  1519 D CompatConfig: Adding: com.android.server.compat.config.Change@861a3ee
01-01 12:00:07.006  1519  1519 D CompatConfig: Adding: com.android.server.compat.config.Change@999808f
01-01 12:00:07.006  1519  1519 D CompatConfig: Adding: com.android.server.compat.config.Change@9217f1c
01-01 12:00:07.006  1519  1519 D CompatConfig: Adding: com.android.server.compat.config.Change@3a5d725
01-01 12:00:07.006  1519  1519 D CompatConfig: Adding: com.android.server.compat.config.Change@c810fa
01-01 12:00:07.006  1519  1519 D CompatConfig: Adding: com.android.server.compat.config.Change@5b796ab
01-01 12:00:07.006  1519  1519 D CompatConfig: Adding: com.android.server.compat.config.Change@2557108
01-01 12:00:07.006  1519  1519 D CompatConfig: Adding: com.android.server.compat.config.Change@b01c0a1
01-01 12:00:07.006  1519  1519 D CompatConfig: Adding: com.android.server.compat.config.Change@5f642c6
01-01 12:00:07.006  1519  1519 D CompatConfig: Adding: com.android.server.compat.config.Change@75495b4
01-01 12:00:07.006  1519  1519 D CompatConfig: Adding: com.android.server.compat.config.Change@1d8c5dd
01-01 12:00:07.006  1519  1519 D CompatConfig: Adding: com.android.server.compat.config.Change@b83c552
01-01 12:00:07.006  1519  1519 D CompatConfig: Adding: com.android.server.compat.config.Change@ca63023
01-01 12:00:07.006  1519  1519 D CompatConfig: Adding: com.android.server.compat.config.Change@37f5920
01-01 12:00:07.006  1519  1519 D CompatConfig: Adding: com.android.server.compat.config.Change@920e2d9
01-01 12:00:07.006  1519  1588 I SystemConfig: Reading permissions from /system/etc/permissions/com.android.car.cartelemetryapp.xml
01-01 12:00:07.006  1519  1519 D CompatConfig: Adding: com.android.server.compat.config.Change@4f4e49e
01-01 12:00:07.006  1519  1519 D CompatConfig: Adding: com.android.server.compat.config.Change@a21ab7f
01-01 12:00:07.006  1519  1519 D CompatConfig: Adding: com.android.server.compat.config.Change@5d0e74c
01-01 12:00:07.006  1519  1519 D CompatConfig: Adding: com.android.server.compat.config.Change@133d395
01-01 12:00:07.006  1519  1519 D CompatConfig: Adding: com.android.server.compat.config.Change@7c6acaa
01-01 12:00:07.006  1519  1519 D CompatConfig: Adding: com.android.server.compat.config.Change@daf809b
01-01 12:00:07.006  1519  1519 D CompatConfig: Adding: com.android.server.compat.config.Change@fcb2c38
01-01 12:00:07.006  1519  1519 D CompatConfig: Adding: com.android.server.compat.config.Change@c4b1411
01-01 12:00:07.006  1519  1519 D CompatConfig: Adding: com.android.server.compat.config.Change@23ae976
01-01 12:00:07.006  1519  1519 D CompatConfig: Adding: com.android.server.compat.config.Change@d7b8b77
01-01 12:00:07.006  1519  1519 D CompatConfig: Adding: com.android.server.compat.config.Change@722d3e4
01-01 12:00:07.006  1519  1519 D CompatConfig: Adding: com.android.server.compat.config.Change@cbbe04d
01-01 12:00:07.006  1519  1519 D CompatConfig: Adding: com.android.server.compat.config.Change@2e42702
01-01 12:00:07.006  1519  1519 D CompatConfig: Adding: com.android.server.compat.config.Change@c936813
01-01 12:00:07.006  1519  1519 D CompatConfig: Adding: com.android.server.compat.config.Change@62b4a50
01-01 12:00:07.006  1519  1519 D CompatConfig: Adding: com.android.server.compat.config.Change@af33449
01-01 12:00:07.006  1519  1519 D CompatConfig: Adding: com.android.server.compat.config.Change@cf1b14e
01-01 12:00:07.006  1519  1519 D CompatConfig: Adding: com.android.server.compat.config.Change@742726f
01-01 12:00:07.006  1519  1519 D CompatConfig: Adding: com.android.server.compat.config.Change@702bb7c
01-01 12:00:07.007  1519  1519 D CompatConfig: Adding: com.android.server.compat.config.Change@f31cc05
01-01 12:00:07.007  1519  1519 D CompatConfig: Adding: com.android.server.compat.config.Change@53b945a
01-01 12:00:07.007  1519  1519 D CompatConfig: Adding: com.android.server.compat.config.Change@57e1368
01-01 12:00:07.007  1519  1519 D CompatConfig: Adding: com.android.server.compat.config.Change@b082381
01-01 12:00:07.007  1519  1588 I SystemConfig: Reading permissions from /system/etc/permissions/com.android.car.media.xml
01-01 12:00:07.007  1519  1519 D CompatConfig: Adding: com.android.server.compat.config.Change@40e9c26
01-01 12:00:07.007  1519  1519 D CompatConfig: Adding: com.android.server.compat.config.Change@9304067
01-01 12:00:07.007  1519  1519 D CompatConfig: Adding: com.android.server.compat.config.Change@3d4fe14
01-01 12:00:07.007  1519  1519 D CompatConfig: Adding: com.android.server.compat.config.Change@e9276bd
01-01 12:00:07.007  1519  1519 D CompatConfig: Adding: com.android.server.compat.config.Change@7b854b2
01-01 12:00:07.007  1519  1519 D CompatConfig: Adding: com.android.server.compat.config.Change@6f67c03
01-01 12:00:07.007  1519  1519 D CompatConfig: Adding: com.android.server.compat.config.Change@e0de780
01-01 12:00:07.007  1519  1519 D CompatConfig: Adding: com.android.server.compat.config.Change@574c1b9
01-01 12:00:07.007  1519  1519 D CompatConfig: Adding: com.android.server.compat.config.Change@3d309fe
01-01 12:00:07.007  1519  1519 D CompatConfig: Adding: com.android.server.compat.config.Change@65ad55f
01-01 12:00:07.007  1519  1519 D CompatConfig: Adding: com.android.server.compat.config.Change@829fbac
01-01 12:00:07.007  1519  1519 D CompatConfig: Adding: com.android.server.compat.config.Change@796c075
01-01 12:00:07.007  1519  1588 I SystemConfig: Reading permissions from /system/etc/permissions/android.hardware.touchscreen.multitouch.jazzhand.xml
01-01 12:00:07.007  1519  1519 D CompatConfig: Found a config file: /system/etc/compatconfig/documents-ui-compat-config.xml
01-01 12:00:07.007  1519  1588 I SystemConfig: Reading permissions from /system/etc/permissions/android.software.window_magnification.xml
01-01 12:00:07.007  1519  1519 D CompatConfig: Adding: com.android.server.compat.config.Change@99feef1
01-01 12:00:07.007  1519  1588 I SystemConfig: Reading permissions from /system/etc/permissions/com.android.car.xml
01-01 12:00:07.008  1519  1519 D CompatConfig: Found a config file: /system/etc/compatconfig/icu4j-platform-compat-config.xml
01-01 12:00:07.008  1519  1519 D CompatConfig: Adding: com.android.server.compat.config.Change@43e1444
01-01 12:00:07.008  1519  1588 I SystemConfig: Reading permissions from /system/etc/permissions/com.android.car.carlauncher.xml
01-01 12:00:07.008  1519  1588 I SystemConfig: Reading permissions from /system/etc/permissions/android.hardware.usb.accessory.xml
01-01 12:00:07.008  1519  1519 D CompatConfig: Found a config file: /system/system_ext/etc/compatconfig/settings-platform-compat-config.xml
01-01 12:00:07.008  1519  1588 I SystemConfig: Reading permissions from /system/etc/permissions/android.test.mock.xml
01-01 12:00:07.009  1519  1519 D CompatConfig: Adding: com.android.server.compat.config.Change@ec8b29
01-01 12:00:07.009  1519  1588 I SystemConfig: Reading permissions from /system/etc/permissions/com.android.networkstack.xml
01-01 12:00:07.009  1519  1519 D ApexManagerTiming: getActiveApexInfos_noCache
01-01 12:00:07.009  1519  1588 I SystemConfig: Reading permissions from /system/etc/permissions/com.android.adservices.sdksandbox.xml
01-01 12:00:07.009  1519  1588 I SystemConfig: Reading permissions from /system/etc/permissions/privapp-permissions-platform.xml
01-01 12:00:07.010  1519  1588 I SystemConfig: Reading permissions from /system/etc/permissions/android.hardware.telephony.cdma.xml
01-01 12:00:07.011  1519  1588 I SystemConfig: Reading permissions from /system/etc/permissions/android.hardware.telephony.gsm.xml
01-01 12:00:07.011  1519  1588 I SystemConfig: Reading permissions from /system/etc/permissions/com.android.car.messenger.xml
01-01 12:00:07.011  1519  1588 I SystemConfig: Reading permissions from /system/etc/permissions/com.google.android.apps.geo.vms.analyzer.xml
01-01 12:00:07.011  1519  1588 I SystemConfig: Reading permissions from /system/etc/permissions/android.hardware.screen.landscape.xml
01-01 12:00:07.012  1519  1588 I SystemConfig: Reading permissions from /system/etc/permissions/android.hardware.bluetooth.xml
01-01 12:00:07.012  1519  1588 I SystemConfig: Reading permissions from /system/etc/permissions/com.android.documentsui.xml
01-01 12:00:07.012  1519  1588 I SystemConfig: Reading permissions from /system/etc/permissions/android.software.live_wallpaper.xml
01-01 12:00:07.012  1519  1588 I SystemConfig: Reading permissions from /system/etc/permissions/android.hardware.sensor.gyroscope.xml
01-01 12:00:07.013  1519  1588 I SystemConfig: Reading permissions from /system/etc/permissions/com.google.android.apps.geo.autograph.vms.client.playback.xml
01-01 12:00:07.013  1519  1588 I SystemConfig: Reading permissions from /system/etc/permissions/android.hardware.sensor.light.xml
01-01 12:00:07.013  1519  1588 I SystemConfig: Reading permissions from /system/etc/permissions/android.hardware.type.automotive.xml
01-01 12:00:07.013  1519  1588 I SystemConfig: Reading permissions from /system/etc/permissions/com.android.car.activityresolver.xml
01-01 12:00:07.014  1519  1588 I SystemConfig: Reading permissions from /system/etc/permissions/privapp-permissions-google.xml
01-01 12:00:07.014  1519  1588 I SystemConfig: Reading permissions from /system/etc/permissions/com.google.android.car.networking.railway.xml
01-01 12:00:07.015  1519  1588 I SystemConfig: Reading permissions from /system/etc/permissions/com.android.car.settings.xml
01-01 12:00:07.015  1519  1519 V ApexManagerTiming: getActiveApexInfos_noCache took to complete: 5ms
01-01 12:00:07.015  1519  1588 I SystemConfig: Reading permissions from /system/etc/permissions/android.hardware.location.gps.xml
01-01 12:00:07.015  1519  1519 D CompatConfig: Found a config file: /apex/com.android.tethering/etc/compatconfig/connectivity-platform-compat-config.xml
01-01 12:00:07.015  1519  1588 I SystemConfig: Reading permissions from /system/etc/permissions/com.android.location.provider.xml
01-01 12:00:07.016  1519  1588 I SystemConfig: Reading permissions from /system/etc/permissions/android.hardware.bluetooth_le.xml
01-01 12:00:07.016  1519  1519 D CompatConfig: Adding: com.android.server.compat.config.Change@87ac3b3
01-01 12:00:07.016  1519  1519 D CompatConfig: Adding: com.android.server.compat.config.Change@3580d70
01-01 12:00:07.016  1519  1519 D CompatConfig: Adding: com.android.server.compat.config.Change@53608e9
01-01 12:00:07.016  1519  1519 D CompatConfig: Adding: com.android.server.compat.config.Change@beef96e
01-01 12:00:07.016  1519  1588 I SystemConfig: Reading permissions from /system/etc/permissions/com.android.car.test.one.hotworddetectionservice.xml
01-01 12:00:07.016  1519  1588 I SystemConfig: Reading permissions from /system/etc/permissions/android.hardware.wifi.xml
01-01 12:00:07.016  1519  1519 D CompatConfig: No directory /apex/com.android.neuralnetworks/etc/compatconfig, skipping
01-01 12:00:07.016  1519  1519 D CompatConfig: No directory /apex/com.android.extservices/etc/compatconfig, skipping
01-01 12:00:07.017  1519  1588 I SystemConfig: Reading permissions from /system/etc/permissions/com.google.android.car.adaslocation.xml
