01-01 12:00:08.209  1519  1519 V SystemServerTiming: StartBugreportManagerService took to complete: 1ms
01-01 12:00:08.209  1519  1519 D SystemServerTiming: GpuService
01-01 12:00:08.209  1519  1519 I SystemServiceManager: Starting com.android.server.gpu.GpuService
01-01 12:00:08.209  1519  1519 V SystemServerTiming: GpuService took to complete: 0ms
01-01 12:00:08.209  1519  1519 D SystemServerTiming: StartRemoteProvisioningService
01-01 12:00:08.209  1519  1519 I SystemServiceManager: Starting com.android.server.security.rkp.RemoteProvisioningService
01-01 12:00:08.210  1519  1519 V SystemServerTiming: StartRemoteProvisioningService took to complete: 1ms
01-01 12:00:08.210  1519  1519 D SystemServerTiming: CpuMonitorService
01-01 12:00:08.210  1519  1519 I SystemServiceManager: Starting com.android.server.cpu.CpuMonitorService
01-01 12:00:08.214  1519  1519 I CpuMonitorService: Starting debug monitoring
01-01 12:00:08.214  1519  1519 V SystemServerTiming: CpuMonitorService took to complete: 4ms
01-01 12:00:08.214  1519  1519 V SystemServerTiming: startCoreServices took to complete: 38ms
01-01 12:00:08.215  1519  1519 D SystemServerTiming: startOtherServices
01-01 12:00:08.215  1519  1519 D SystemServerTiming: StartKeyAttestationApplicationIdProviderService
01-01 12:00:08.215  1519  1806 D SystemServerTimingAsync: InitThreadPoolExec:SecondaryZygotePreload
01-01 12:00:08.215  1519  1806 D SystemServerInitThreadPool: Started executing SecondaryZygotePreload
01-01 12:00:08.215  1519  1806 I SystemServer: SecondaryZygotePreload
01-01 12:00:08.215  1519  1806 D SystemServerTimingAsync: SecondaryZygotePreload
01-01 12:00:08.215  1519  1806 V SystemServerTimingAsync: SecondaryZygotePreload took to complete: 0ms
01-01 12:00:08.215  1519  1806 D SystemServerInitThreadPool: Finished executing SecondaryZygotePreload
01-01 12:00:08.215  1519  1806 V SystemServerTimingAsync: InitThreadPoolExec:SecondaryZygotePreload took to complete: 0ms
01-01 12:00:08.215  1519  1805 W CpuMonitorService: Skipping reading from device and returning the last read CpuInfos. Last read was 4 ms ago, min read interval is 500 ms
01-01 12:00:08.215  1519  1519 V SystemServerTiming: StartKeyAttestationApplicationIdProviderService took to complete: 0ms
01-01 12:00:08.215  1519  1519 D SystemServerTiming: StartKeyChainSystemService
01-01 12:00:08.215  1519  1519 I SystemServiceManager: Starting com.android.server.security.KeyChainSystemService
01-01 12:00:08.215  1519  1519 V SystemServerTiming: StartKeyChainSystemService took to complete: 0ms
01-01 12:00:08.215  1519  1519 D SystemServerTiming: StartBinaryTransparencyService
01-01 12:00:08.215  1519  1519 I SystemServiceManager: Starting com.android.server.BinaryTransparencyService
01-01 12:00:08.216  1519  1519 I TransparencyService: Started BinaryTransparencyService
01-01 12:00:08.216  1519  1519 V SystemServerTiming: StartBinaryTransparencyService took to complete: 1ms
01-01 12:00:08.216  1519  1519 D SystemServerTiming: StartSchedulingPolicyService
01-01 12:00:08.216  1519  1807 D SystemServerTimingAsync: InitThreadPoolExec:SchedulingPolicyService.<init>
01-01 12:00:08.216  1519  1807 D SystemServerInitThreadPool: Started executing SchedulingPolicyService.<init>
01-01 12:00:08.216  1519  1519 V SystemServerTiming: StartSchedulingPolicyService took to complete: 0ms
01-01 12:00:08.216  1519  1519 D SystemServerTiming: StartTelecomLoaderService
01-01 12:00:08.216  1519  1519 I SystemServiceManager: Starting com.android.server.telecom.TelecomLoaderService
01-01 12:00:08.216  1519  1519 V SystemServerTiming: StartTelecomLoaderService took to complete: 0ms
01-01 12:00:08.216  1519  1519 D SystemServerTiming: StartTelephonyRegistry
01-01 12:00:08.217  1519  1519 V SystemServerTiming: StartTelephonyRegistry took to complete: 1ms
01-01 12:00:08.217  1519  1519 D SystemServerTiming: StartEntropyMixer
01-01 12:00:08.217  1519  1519 I EntropyMixer: Loaded existing seed file
01-01 12:00:08.218  1519  1519 I EntropyMixer: Updated seed file
01-01 12:00:08.219  1519  1519 V SystemServerTiming: StartEntropyMixer took to complete: 1ms
01-01 12:00:08.219  1519  1519 D SystemServerTiming: StartAccountManagerService
01-01 12:00:08.219  1519  1519 I SystemServiceManager: Starting com.android.server.accounts.AccountManagerService$Lifecycle
01-01 12:00:08.222  1519  1807 D SystemServerInitThreadPool: Finished executing SchedulingPolicyService.<init>
01-01 12:00:08.222  1519  1807 V SystemServerTimingAsync: InitThreadPoolExec:SchedulingPolicyService.<init> took to complete: 6ms
01-01 12:00:08.223  1519  1519 V SystemServerTiming: StartAccountManagerService took to complete: 4ms
01-01 12:00:08.223  1519  1519 D SystemServerTiming: StartContentService
01-01 12:00:08.223  1519  1519 I SystemServiceManager: Starting com.android.server.content.ContentService$Lifecycle
01-01 12:00:08.224  1519  1519 V SystemServerTiming: StartContentService took to complete: 0ms
01-01 12:00:08.224  1519  1519 D SystemServerTiming: InstallSystemProviders
01-01 12:00:08.280  1519  1519 D ActivityManager: Checking cgroup freezer: /sys/fs/cgroup/uid_0/pid_843/cgroup.freeze
01-01 12:00:08.280  1519  1519 D ActivityManager: Checking binder freezer ioctl
01-01 12:00:08.280  1519  1519 D ActivityManager: Checking freezer profiles
01-01 12:00:08.280  1519  1519 D ActivityManager: Freezer supported: true
01-01 12:00:08.280  1519  1519 D ActivityManager: Freezer timeout set to 10000
01-01 12:00:08.280  1519  1519 D ActivityManager: Freezer exemption set to true
01-01 12:00:08.280  1519  1595 D ActivityManager: Freezer enabled
01-01 12:00:08.280  1519  1595 D ActivityManager: freezer override set to false
01-01 12:00:08.280  1519  1519 I SystemServiceManager: Starting com.android.server.deviceconfig.DeviceConfigInit$Lifecycle
01-01 12:00:08.281  1519  1519 V SystemServerTiming: InstallSystemProviders took to complete: 57ms
01-01 12:00:08.281  1519  1519 D SystemServerTiming: StartDropBoxManager
01-01 12:00:08.281  1519  1519 I SystemServiceManager: Starting com.android.server.DropBoxManagerService
01-01 12:00:08.281  1519  1519 V SystemServerTiming: StartDropBoxManager took to complete: 1ms
01-01 12:00:08.281  1519  1519 D SystemServerTiming: StartRoleManagerService
01-01 12:00:08.281  1519  1519 I SystemServiceManager: Starting com.android.role.RoleService
01-01 12:00:08.283  1519  1519 V SystemServerTiming: StartRoleManagerService took to complete: 2ms
01-01 12:00:08.283  1519  1519 D SystemServerTiming: StartVibratorManagerService
01-01 12:00:08.283  1519  1519 I SystemServiceManager: Starting com.android.server.vibrator.VibratorManagerService$Lifecycle
01-01 12:00:08.287  1519  1519 V SystemServerTiming: StartVibratorManagerService took to complete: 3ms
01-01 12:00:08.287  1519  1519 D SystemServerTiming: StartDynamicSystemService
01-01 12:00:08.287  1519  1519 V SystemServerTiming: StartDynamicSystemService took to complete: 1ms
01-01 12:00:08.287  1519  1519 D SystemServerTiming: StartResourceEconomy
01-01 12:00:08.287  1519  1519 I SystemServiceManager: Starting com.android.server.tare.InternalResourceService
01-01 12:00:08.290  1519  1519 V SystemServerTiming: StartResourceEconomy took to complete: 2ms
01-01 12:00:08.290  1519  1519 D SystemServerTiming: StartAlarmManagerService
01-01 12:00:08.290  1519  1519 I SystemServiceManager: Starting com.android.server.alarm.AlarmManagerService
01-01 12:00:08.294  1519  1519 I SystemClockTime: Current time only 1577880008294, advancing to build time 1749618915616
06-11 06:15:15.621  1519  1519 V SystemServerTiming: StartAlarmManagerService took to complete: 10ms
06-11 06:15:15.621  1519  1519 D SystemServerTiming: StartInputManagerService
06-11 06:15:15.627  1519  1519 I InputManager: Initializing input manager, mUseDevInputEventForAudioJack=true
06-11 06:15:15.628  1519  1519 V SystemServerTiming: StartInputManagerService took to complete: 7ms
06-11 06:15:15.628  1519  1519 D SystemServerTiming: DeviceStateManagerService
06-11 06:15:15.628  1519  1519 I SystemServiceManager: Starting com.android.server.devicestate.DeviceStateManagerService
06-11 06:15:15.630  1519  1519 E DeviceStateManagerService: Cannot notify device state info change before the initial state has been committed.
06-11 06:15:15.630  1519  1519 I DeviceStateManagerService: Cannot notify device state info change when pending state is present.
06-11 06:15:15.631  1519  1519 V SystemServerTiming: DeviceStateManagerService took to complete: 3ms
06-11 06:15:15.631  1519  1519 D SystemServerTiming: StartWindowManagerService
06-11 06:15:15.631  1519  1519 I SystemServiceManager: Starting phase 200
06-11 06:15:15.631  1519  1519 D SystemServerTiming: OnBootPhase_200
06-11 06:15:15.631  1519  1519 D SystemServerTiming: OnBootPhase_200_com.android.server.security.FileIntegrityService
06-11 06:15:15.631  1519  1519 V SystemServerTiming: OnBootPhase_200_com.android.server.security.FileIntegrityService took to complete: 0ms
06-11 06:15:15.631  1519  1519 D SystemServerTiming: OnBootPhase_200_com.android.server.pm.Installer
06-11 06:15:15.631  1519  1519 V SystemServerTiming: OnBootPhase_200_com.android.server.pm.Installer took to complete: 0ms
06-11 06:15:15.631  1519  1519 D SystemServerTiming: OnBootPhase_200_com.android.server.os.DeviceIdentifiersPolicyService
06-11 06:15:15.631  1519  1519 V SystemServerTiming: OnBootPhase_200_com.android.server.os.DeviceIdentifiersPolicyService took to complete: 0ms
06-11 06:15:15.631  1519  1519 D SystemServerTiming: OnBootPhase_200_com.android.server.flags.FeatureFlagsService
06-11 06:15:15.631  1519  1519 V SystemServerTiming: OnBootPhase_200_com.android.server.flags.FeatureFlagsService took to complete: 0ms
06-11 06:15:15.631  1519  1519 D SystemServerTiming: OnBootPhase_200_com.android.server.uri.UriGrantsManagerService$Lifecycle
06-11 06:15:15.631  1519  1519 V SystemServerTiming: OnBootPhase_200_com.android.server.uri.UriGrantsManagerService$Lifecycle took to complete: 0ms
06-11 06:15:15.631  1519  1519 D SystemServerTiming: OnBootPhase_200_com.android.server.powerstats.PowerStatsService
06-11 06:15:15.631  1519  1519 V SystemServerTiming: OnBootPhase_200_com.android.server.powerstats.PowerStatsService took to complete: 0ms
06-11 06:15:15.631  1519  1519 D SystemServerTiming: OnBootPhase_200_com.android.server.permission.access.AccessCheckingService
06-11 06:15:15.631  1519  1519 V SystemServerTiming: OnBootPhase_200_com.android.server.permission.access.AccessCheckingService took to complete: 0ms
06-11 06:15:15.631  1519  1519 D SystemServerTiming: OnBootPhase_200_com.android.server.wm.ActivityTaskManagerService$Lifecycle
06-11 06:15:15.631  1519  1519 V SystemServerTiming: OnBootPhase_200_com.android.server.wm.ActivityTaskManagerService$Lifecycle took to complete: 0ms
06-11 06:15:15.631  1519  1519 D SystemServerTiming: OnBootPhase_200_com.android.server.am.ActivityManagerService$Lifecycle
06-11 06:15:15.631  1519  1519 V SystemServerTiming: OnBootPhase_200_com.android.server.am.ActivityManagerService$Lifecycle took to complete: 0ms
06-11 06:15:15.631  1519  1519 D SystemServerTiming: OnBootPhase_200_com.android.server.pm.DataLoaderManagerService
06-11 06:15:15.631  1519  1519 V SystemServerTiming: OnBootPhase_200_com.android.server.pm.DataLoaderManagerService took to complete: 0ms
06-11 06:15:15.631  1519  1519 D SystemServerTiming: OnBootPhase_200_com.android.server.power.PowerManagerService
06-11 06:15:15.631  1519  1519 V SystemServerTiming: OnBootPhase_200_com.android.server.power.PowerManagerService took to complete: 0ms
06-11 06:15:15.631  1519  1519 D SystemServerTiming: OnBootPhase_200_com.android.server.power.ThermalManagerService
06-11 06:15:15.631  1519  1519 V SystemServerTiming: OnBootPhase_200_com.android.server.power.ThermalManagerService took to complete: 0ms
06-11 06:15:15.631  1519  1519 D SystemServerTiming: OnBootPhase_200_com.android.server.power.hint.HintManagerService
06-11 06:15:15.631  1519  1519 V SystemServerTiming: OnBootPhase_200_com.android.server.power.hint.HintManagerService took to complete: 0ms
06-11 06:15:15.631  1519  1519 D SystemServerTiming: OnBootPhase_200_com.android.server.recoverysystem.RecoverySystemService$Lifecycle
06-11 06:15:15.631  1519  1519 V SystemServerTiming: OnBootPhase_200_com.android.server.recoverysystem.RecoverySystemService$Lifecycle took to complete: 0ms
06-11 06:15:15.631  1519  1519 D SystemServerTiming: OnBootPhase_200_com.android.server.lights.LightsService
06-11 06:15:15.631  1519  1519 V SystemServerTiming: OnBootPhase_200_com.android.server.lights.LightsService took to complete: 0ms
06-11 06:15:15.631  1519  1519 D SystemServerTiming: OnBootPhase_200_com.android.server.display.DisplayManagerService
06-11 06:15:15.631  1519  1519 V SystemServerTiming: OnBootPhase_200_com.android.server.display.DisplayManagerService took to complete: 0ms
06-11 06:15:15.631  1519  1519 D SystemServerTiming: OnBootPhase_200_com.android.server.pm.verify.domain.DomainVerificationService
06-11 06:15:15.631  1519  1519 V SystemServerTiming: OnBootPhase_200_com.android.server.pm.verify.domain.DomainVerificationService took to complete: 0ms
06-11 06:15:15.631  1519  1519 D SystemServerTiming: OnBootPhase_200_com.android.server.pm.PackageInstallerService$Lifecycle
06-11 06:15:15.631  1519  1519 V SystemServerTiming: OnBootPhase_200_com.android.server.pm.PackageInstallerService$Lifecycle took to complete: 0ms
06-11 06:15:15.631  1519  1519 D SystemServerTiming: OnBootPhase_200_com.android.server.pm.UserManagerService$LifeCycle
06-11 06:15:15.631  1519  1519 V SystemServerTiming: OnBootPhase_200_com.android.server.pm.UserManagerService$LifeCycle took to complete: 0ms
06-11 06:15:15.631  1519  1519 D SystemServerTiming: OnBootPhase_200_com.android.server.om.OverlayManagerService
06-11 06:15:15.631  1519  1519 V SystemServerTiming: OnBootPhase_200_com.android.server.om.OverlayManagerService took to complete: 0ms
06-11 06:15:15.631  1519  1519 D SystemServerTiming: OnBootPhase_200_com.android.server.resources.ResourcesManagerService
06-11 06:15:15.631  1519  1519 V SystemServerTiming: OnBootPhase_200_com.android.server.resources.ResourcesManagerService took to complete: 0ms
06-11 06:15:15.631  1519  1519 D SystemServerTiming: OnBootPhase_200_com.android.server.sensorprivacy.SensorPrivacyService
06-11 06:15:15.631  1519  1519 V SystemServerTiming: OnBootPhase_200_com.android.server.sensorprivacy.SensorPrivacyService took to complete: 0ms
06-11 06:15:15.631  1519  1519 D SystemServerTiming: OnBootPhase_200_com.android.server.sensors.SensorService
06-11 06:15:15.632  1519  1519 V SystemServerTiming: OnBootPhase_200_com.android.server.sensors.SensorService took to complete: 0ms
06-11 06:15:15.632  1519  1519 D SystemServerTiming: OnBootPhase_200_com.android.server.SystemConfigService
06-11 06:15:15.632  1519  1519 V SystemServerTiming: OnBootPhase_200_com.android.server.SystemConfigService took to complete: 0ms
06-11 06:15:15.632  1519  1519 D SystemServerTiming: OnBootPhase_200_com.android.server.BatteryService
06-11 06:15:15.632  1519  1519 V SystemServerTiming: OnBootPhase_200_com.android.server.BatteryService took to complete: 0ms
06-11 06:15:15.632  1519  1519 D SystemServerTiming: OnBootPhase_200_com.android.server.usage.UsageStatsService
06-11 06:15:15.632  1519  1519 V SystemServerTiming: OnBootPhase_200_com.android.server.usage.UsageStatsService took to complete: 0ms
06-11 06:15:15.632  1519  1519 D SystemServerTiming: OnBootPhase_200_com.android.server.webkit.WebViewUpdateService
06-11 06:15:15.632  1519  1519 V SystemServerTiming: OnBootPhase_200_com.android.server.webkit.WebViewUpdateService took to complete: 0ms
06-11 06:15:15.632  1519  1519 D SystemServerTiming: OnBootPhase_200_com.android.server.CachedDeviceStateService
06-11 06:15:15.632  1519  1519 V SystemServerTiming: OnBootPhase_200_com.android.server.CachedDeviceStateService took to complete: 0ms
06-11 06:15:15.632  1519  1519 D SystemServerTiming: OnBootPhase_200_com.android.server.BinderCallsStatsService$LifeCycle
06-11 06:15:15.632  1519  1519 V SystemServerTiming: OnBootPhase_200_com.android.server.BinderCallsStatsService$LifeCycle took to complete: 0ms
06-11 06:15:15.632  1519  1519 D SystemServerTiming: OnBootPhase_200_com.android.server.LooperStatsService$Lifecycle
06-11 06:15:15.632  1519  1519 V SystemServerTiming: OnBootPhase_200_com.android.server.LooperStatsService$Lifecycle took to complete: 0ms
06-11 06:15:15.632  1519  1519 D SystemServerTiming: OnBootPhase_200_com.android.server.rollback.RollbackManagerService
06-11 06:15:15.632  1519  1519 V SystemServerTiming: OnBootPhase_200_com.android.server.rollback.RollbackManagerService took to complete: 0ms
06-11 06:15:15.632  1519  1519 D SystemServerTiming: OnBootPhase_200_com.android.server.os.NativeTombstoneManagerService
06-11 06:15:15.632  1519  1519 V SystemServerTiming: OnBootPhase_200_com.android.server.os.NativeTombstoneManagerService took to complete: 0ms
06-11 06:15:15.632  1519  1519 D SystemServerTiming: OnBootPhase_200_com.android.server.os.BugreportManagerService
06-11 06:15:15.632  1519  1519 V SystemServerTiming: OnBootPhase_200_com.android.server.os.BugreportManagerService took to complete: 0ms
06-11 06:15:15.632  1519  1519 D SystemServerTiming: OnBootPhase_200_com.android.server.gpu.GpuService
06-11 06:15:15.632  1519  1519 V SystemServerTiming: OnBootPhase_200_com.android.server.gpu.GpuService took to complete: 0ms
06-11 06:15:15.632  1519  1519 D SystemServerTiming: OnBootPhase_200_com.android.server.security.rkp.RemoteProvisioningService
06-11 06:15:15.632  1519  1519 V SystemServerTiming: OnBootPhase_200_com.android.server.security.rkp.RemoteProvisioningService took to complete: 0ms
06-11 06:15:15.632  1519  1519 D SystemServerTiming: OnBootPhase_200_com.android.server.cpu.CpuMonitorService
06-11 06:15:15.632  1519  1519 V SystemServerTiming: OnBootPhase_200_com.android.server.cpu.CpuMonitorService took to complete: 0ms
06-11 06:15:15.632  1519  1519 D SystemServerTiming: OnBootPhase_200_com.android.server.security.KeyChainSystemService
06-11 06:15:15.632  1519  1519 V SystemServerTiming: OnBootPhase_200_com.android.server.security.KeyChainSystemService took to complete: 0ms
06-11 06:15:15.632  1519  1519 D SystemServerTiming: OnBootPhase_200_com.android.server.BinaryTransparencyService
06-11 06:15:15.632  1519  1519 V SystemServerTiming: OnBootPhase_200_com.android.server.BinaryTransparencyService took to complete: 0ms
06-11 06:15:15.632  1519  1519 D SystemServerTiming: OnBootPhase_200_com.android.server.telecom.TelecomLoaderService
06-11 06:15:15.632  1519  1519 V SystemServerTiming: OnBootPhase_200_com.android.server.telecom.TelecomLoaderService took to complete: 0ms
06-11 06:15:15.632  1519  1519 D SystemServerTiming: OnBootPhase_200_com.android.server.accounts.AccountManagerService$Lifecycle
06-11 06:15:15.632  1519  1519 V SystemServerTiming: OnBootPhase_200_com.android.server.accounts.AccountManagerService$Lifecycle took to complete: 0ms
06-11 06:15:15.632  1519  1519 D SystemServerTiming: OnBootPhase_200_com.android.server.content.ContentService$Lifecycle
06-11 06:15:15.632  1519  1519 V SystemServerTiming: OnBootPhase_200_com.android.server.content.ContentService$Lifecycle took to complete: 0ms
06-11 06:15:15.632  1519  1519 D SystemServerTiming: OnBootPhase_200_com.android.server.deviceconfig.DeviceConfigInit$Lifecycle
06-11 06:15:15.632  1519  1519 V SystemServerTiming: OnBootPhase_200_com.android.server.deviceconfig.DeviceConfigInit$Lifecycle took to complete: 0ms
06-11 06:15:15.632  1519  1519 D SystemServerTiming: OnBootPhase_200_com.android.server.DropBoxManagerService
06-11 06:15:15.632  1519  1519 V SystemServerTiming: OnBootPhase_200_com.android.server.DropBoxManagerService took to complete: 0ms
06-11 06:15:15.632  1519  1519 D SystemServerTiming: OnBootPhase_200_com.android.role.RoleService
06-11 06:15:15.632  1519  1519 V SystemServerTiming: OnBootPhase_200_com.android.role.RoleService took to complete: 0ms
06-11 06:15:15.632  1519  1519 D SystemServerTiming: OnBootPhase_200_com.android.server.vibrator.VibratorManagerService$Lifecycle
06-11 06:15:15.632  1519  1519 V SystemServerTiming: OnBootPhase_200_com.android.server.vibrator.VibratorManagerService$Lifecycle took to complete: 0ms
06-11 06:15:15.632  1519  1519 D SystemServerTiming: OnBootPhase_200_com.android.server.tare.InternalResourceService
06-11 06:15:15.632  1519  1519 V SystemServerTiming: OnBootPhase_200_com.android.server.tare.InternalResourceService took to complete: 0ms
06-11 06:15:15.632  1519  1519 D SystemServerTiming: OnBootPhase_200_com.android.server.alarm.AlarmManagerService
06-11 06:15:15.632  1519  1519 V SystemServerTiming: OnBootPhase_200_com.android.server.alarm.AlarmManagerService took to complete: 0ms
06-11 06:15:15.632  1519  1519 D SystemServerTiming: OnBootPhase_200_com.android.server.devicestate.DeviceStateManagerService
06-11 06:15:15.632  1519  1519 V SystemServerTiming: OnBootPhase_200_com.android.server.devicestate.DeviceStateManagerService took to complete: 0ms
06-11 06:15:15.632  1519  1519 V SystemServerTiming: OnBootPhase_200 took to complete: 2ms
06-11 06:15:15.634  1519  1779 V SystemServerTimingAsync: AppDataFixup took to complete: 331ms
06-11 06:15:15.634  1519  1779 W PackageManager: Skipping preparing app data for com.android.configinfrastructure
06-11 06:15:15.634  1519  1779 W PackageManager: Skipping preparing app data for com.android.appsearch
06-11 06:15:15.634  1519  1779 W PackageManager: Skipping preparing app data for com.android.adservices
06-11 06:15:15.634  1519  1779 W PackageManager: Skipping preparing app data for com.android.scheduling
06-11 06:15:15.634  1519  1779 W PackageManager: Skipping preparing app data for com.google.android.widevine.nonupdatable
06-11 06:15:15.634  1519  1779 W PackageManager: Skipping preparing app data for com.android.permission
06-11 06:15:15.635  1519  1779 W PackageManager: Skipping preparing app data for com.android.art
06-11 06:15:15.635  1519  1779 W PackageManager: Skipping preparing app data for com.android.uwb
06-11 06:15:15.635  1519  1779 W PackageManager: Skipping preparing app data for com.android.tethering
06-11 06:15:15.635  1519  1779 W PackageManager: Skipping preparing app data for com.android.btservices
06-11 06:15:15.635  1519  1779 W PackageManager: Skipping preparing app data for com.android.media.swcodec
06-11 06:15:15.635  1519  1779 W PackageManager: Skipping preparing app data for com.android.conscrypt
06-11 06:15:15.635  1519  1779 W PackageManager: Skipping preparing app data for com.android.adbd
06-11 06:15:15.635  1519  1779 W PackageManager: Skipping preparing app data for com.android.i18n
06-11 06:15:15.635  1519  1779 W PackageManager: Skipping preparing app data for com.android.rkpd
06-11 06:15:15.635  1519  1779 W PackageManager: Skipping preparing app data for com.android.virt
06-11 06:15:15.635  1519  1779 W PackageManager: Skipping preparing app data for com.android.wifi
06-11 06:15:15.635  1519  1779 W PackageManager: Skipping preparing app data for com.android.runtime
06-11 06:15:15.635  1519  1779 W PackageManager: Skipping preparing app data for com.android.devicelock
06-11 06:15:15.635  1519  1779 W PackageManager: Skipping preparing app data for com.android.apex.cts.shim
06-11 06:15:15.635  1519  1779 W PackageManager: Skipping preparing app data for com.android.compos
06-11 06:15:15.635  1519  1779 W PackageManager: Skipping preparing app data for com.android.neuralnetworks
06-11 06:15:15.635  1519  1779 W PackageManager: Skipping preparing app data for com.android.healthfitness
06-11 06:15:15.635  1519  1779 W PackageManager: Skipping preparing app data for com.android.hardware.biometrics.fingerprint.virtual
06-11 06:15:15.635  1519  1779 W PackageManager: Skipping preparing app data for com.android.hardware.cas
06-11 06:15:15.635  1519  1779 W PackageManager: Skipping preparing app data for com.android.resolv
06-11 06:15:15.635  1519  1779 W PackageManager: Skipping preparing app data for com.android.sdkext
06-11 06:15:15.635  1519  1779 W PackageManager: Skipping preparing app data for com.android.tzdata
06-11 06:15:15.635  1519  1779 W PackageManager: Skipping preparing app data for com.google.pixel.camera.hal
06-11 06:15:15.635  1519  1779 W PackageManager: Skipping preparing app data for com.android.vndk.v35
06-11 06:15:15.636  1519  1779 W PackageManager: Skipping preparing app data for com.android.os.statsd
06-11 06:15:15.636  1519  1779 W PackageManager: Skipping preparing app data for com.android.extservices
06-11 06:15:15.636  1519  1779 W PackageManager: Skipping preparing app data for com.android.cellbroadcast
06-11 06:15:15.636  1519  1779 W PackageManager: Skipping preparing app data for com.android.ipsec
06-11 06:15:15.636  1519  1779 W PackageManager: Skipping preparing app data for com.android.media
06-11 06:15:15.636  1519  1779 W PackageManager: Skipping preparing app data for com.android.sdksandbox
06-11 06:15:15.636  1519  1779 W PackageManager: Skipping preparing app data for com.android.mediaprovider
06-11 06:15:15.636  1519  1779 W PackageManager: Skipping preparing app data for com.google.pixel.wifi.ext
06-11 06:15:15.636  1519  1779 W PackageManager: Skipping preparing app data for com.android.ondevicepersonalization
06-11 06:15:15.645  1519  1519 V SystemServerTiming: StartWindowManagerService took to complete: 14ms
06-11 06:15:15.645  1519  1519 D SystemServerTiming: SetWindowManagerService
06-11 06:15:15.658  1519  1519 I ActivityTaskManager: Loaded persisted task ids for user 0
06-11 06:15:15.660  1519  1519 V SystemServerTiming: SetWindowManagerService took to complete: 15ms
06-11 06:15:15.660  1519  1519 D SystemServerTiming: WindowManagerServiceOnInitReady
06-11 06:15:15.664  1519  1582 D HapticFeedbackCustomization: Haptic feedback customization feature is not enabled.
06-11 06:15:15.666  1519  1582 W BroadcastLoopers: Found previously unknown looper Thread[android.ui,5,main]
06-11 06:15:15.667  1519  1519 V SystemServerTiming: WindowManagerServiceOnInitReady took to complete: 7ms
06-11 06:15:15.667  1519  1834 D SystemServerTimingAsync: InitThreadPoolExec:StartISensorManagerService
06-11 06:15:15.667  1519  1834 D SystemServerInitThreadPool: Started executing StartISensorManagerService
06-11 06:15:15.667  1519  1519 D SystemServerTiming: StartInputManager
06-11 06:15:15.667  1519  1834 D SystemServerTimingAsync: StartISensorManagerService
06-11 06:15:15.667  1519  1519 I InputManager: Starting input manager
06-11 06:15:15.668  1519  1519 V SystemServerTiming: StartInputManager took to complete: 0ms
06-11 06:15:15.668  1519  1519 D SystemServerTiming: DisplayManagerWindowManagerAndInputReady
06-11 06:15:15.668  1519  1519 V HistoricalRegistry: Interaction before persistence initialized
06-11 06:15:15.668  1519  1835 D SystemServerTimingAsync: InitThreadPoolExec:StartHidlServices
06-11 06:15:15.668  1519  1835 D SystemServerInitThreadPool: Started executing StartHidlServices
06-11 06:15:15.668  1519  1835 D SystemServerTimingAsync: StartHidlServices
06-11 06:15:15.668  1519  1519 V SystemServerTiming: DisplayManagerWindowManagerAndInputReady took to complete: 1ms
06-11 06:15:15.668  1519  1519 D SystemServerTiming: StartBluetoothService
06-11 06:15:15.669  1519  1519 I SystemServiceManager: Starting com.android.server.bluetooth.BluetoothService
06-11 06:15:15.669  1519  1835 V SystemServerTimingAsync: StartHidlServices took to complete: 0ms
06-11 06:15:15.669  1519  1835 D SystemServerInitThreadPool: Finished executing StartHidlServices
06-11 06:15:15.669  1519  1835 V SystemServerTimingAsync: InitThreadPoolExec:StartHidlServices took to complete: 1ms
06-11 06:15:15.669  1519  1834 V SystemServerTimingAsync: StartISensorManagerService took to complete: 1ms
06-11 06:15:15.669  1519  1834 D SystemServerInitThreadPool: Finished executing StartISensorManagerService
06-11 06:15:15.669  1519  1834 V SystemServerTimingAsync: InitThreadPoolExec:StartISensorManagerService took to complete: 2ms
06-11 06:15:15.673  1519  1519 V SystemServerTiming: StartBluetoothService took to complete: 5ms
06-11 06:15:15.673  1519  1519 D SystemServerTiming: IpConnectivityMetrics
06-11 06:15:15.674  1519  1519 I SystemServiceManager: Starting com.android.server.connectivity.IpConnectivityMetrics
06-11 06:15:15.674  1519  1519 V SystemServerTiming: IpConnectivityMetrics took to complete: 0ms
06-11 06:15:15.674  1519  1519 D SystemServerTiming: NetworkWatchlistService
06-11 06:15:15.674  1519  1519 I SystemServiceManager: Starting com.android.server.net.watchlist.NetworkWatchlistService$Lifecycle
06-11 06:15:15.675  1519  1519 I WatchlistSettings: Reload watchlist settings done
06-11 06:15:15.676  1519  1841 I WatchlistLoggingHandler: Last report time is larger than current time, reset report
06-11 06:15:15.676  1519  1519 V SystemServerTiming: NetworkWatchlistService took to complete: 3ms
06-11 06:15:15.676  1519  1519 D SystemServerTiming: PinnerService
06-11 06:15:15.676  1519  1519 I SystemServiceManager: Starting com.android.server.PinnerService
06-11 06:15:15.677  1519  1519 V HistoricalRegistry: Interaction before persistence initialized
06-11 06:15:15.678  1519  1519 V SystemServerTiming: PinnerService took to complete: 2ms
06-11 06:15:15.679  1519  1519 D SystemServerTiming: SignedConfigService
06-11 06:15:15.679  1519  1519 V SystemServerTiming: SignedConfigService took to complete: 1ms
06-11 06:15:15.679  1519  1519 D SystemServerTiming: AppIntegrityService
06-11 06:15:15.679  1519  1519 I SystemServiceManager: Starting com.android.server.integrity.AppIntegrityManagerService
06-11 06:15:15.680  1519  1519 E IntegrityFileManager: Error creating staging and rules directory
06-11 06:15:15.682  1519  1519 V SystemServerTiming: AppIntegrityService took to complete: 2ms
06-11 06:15:15.682  1519  1519 D SystemServerTiming: StartLogcatManager
06-11 06:15:15.682  1519  1519 I SystemServiceManager: Starting com.android.server.logcat.LogcatManagerService
06-11 06:15:15.682  1519  1519 V SystemServerTiming: StartLogcatManager took to complete: 1ms
06-11 06:15:15.683  1519  1519 I WindowManager: SAFE MODE not enabled
06-11 06:15:15.683  1519  1519 D SystemServerTiming: StartInputMethodManagerLifecycle
06-11 06:15:15.683  1519  1519 I SystemServiceManager: Starting com.android.server.inputmethod.InputMethodManagerService$Lifecycle
06-11 06:15:15.683  1519  1841 I WatchlistLoggingHandler: No need to aggregate record yet.
06-11 06:15:15.683  1519  1841 I WatchlistLoggingHandler: Milliseconds spent on tryAggregateRecords(): 7
06-11 06:15:15.684  1519  1583 I DropBoxManagerService: add tag=system_server_strictmode isTagEnabled=true flags=0x2
06-11 06:15:15.687  1519  1519 V SystemServerTiming: StartInputMethodManagerLifecycle took to complete: 4ms
06-11 06:15:15.687  1519  1519 D SystemServerTiming: StartAccessibilityManagerService
06-11 06:15:15.687  1519  1519 I SystemServiceManager: Starting com.android.server.accessibility.AccessibilityManagerService$Lifecycle
06-11 06:15:15.692  1519  1519 V SystemServerTiming: StartAccessibilityManagerService took to complete: 5ms
06-11 06:15:15.692  1519  1519 D SystemServerTiming: MakeDisplayReady
06-11 06:15:15.694  1519  1519 I ActivityTaskManager: Config changes=20005df8 {1.0 ?mcc0mnc [en_US] ldltr sw1280dp w2048dp h1280dp 200dpi xlrg hdr widecg land ?uimode ?night finger -keyb/h/h -nav/h winConfig={ mBounds=Rect(0, 0 - 2560, 1600) mAppBounds=Rect(0, 0 - 2560, 1600) mMaxBounds=Rect(0, 0 - 2560, 1600) mDisplayRotation=ROTATION_270 mWindowingMode=fullscreen mDisplayWindowingMode=fullscreen mActivityType=undefined mAlwaysOnTop=undefined mRotation=ROTATION_270} s.2 ?fontWeightAdjustment}
06-11 06:15:15.694  1519  1519 I WindowManager: Override config changes=60007dfc {1.0 ?mcc0mnc [en_US] ldltr sw1280dp w2048dp h1280dp 200dpi xlrg hdr widecg land ?uimode ?night finger -keyb/h/h -nav/h winConfig={ mBounds=Rect(0, 0 - 2560, 1600) mAppBounds=Rect(0, 0 - 2560, 1600) mMaxBounds=Rect(0, 0 - 2560, 1600) mDisplayRotation=ROTATION_270 mWindowingMode=fullscreen mDisplayWindowingMode=fullscreen mActivityType=undefined mAlwaysOnTop=undefined mRotation=ROTATION_270} s.2 ?fontWeightAdjustment} for displayId=0
06-11 06:15:15.695  1519  1519 I DisplayDevice: [0] Layerstack set to 0 for local:4619827677550801152
06-11 06:15:15.695  1519  1519 V SystemServerTiming: MakeDisplayReady took to complete: 4ms
06-11 06:15:15.695  1519  1519 D SystemServerTiming: StartStorageManagerService
06-11 06:15:15.695  1519  1519 I SystemServiceManager: Starting com.android.server.StorageManagerService$Lifecycle
06-11 06:15:15.696  1519  1584 W BroadcastLoopers: Found previously unknown looper Thread[android.display,5,main]
06-11 06:15:15.702  1519  1848 D StorageManagerService: Thinking about reset, mBootCompleted=false, mDaemonConnected=true
06-11 06:15:15.702  1519  1848 D StorageManagerService: Thinking about reset, mBootCompleted=false, mDaemonConnected=true
06-11 06:15:15.703  1519  1519 V SystemServerTiming: StartStorageManagerService took to complete: 7ms
06-11 06:15:15.703  1519  1519 D SystemServerTiming: StartStorageStatsService
06-11 06:15:15.703  1519  1519 I SystemServiceManager: Starting com.android.server.usage.StorageStatsService$Lifecycle
06-11 06:15:15.705  1519  1519 V SystemServerTiming: StartStorageStatsService took to complete: 3ms
06-11 06:15:15.705  1519  1519 D SystemServerTiming: StartUiModeManager
06-11 06:15:15.705  1519  1519 I SystemServiceManager: Starting com.android.server.UiModeManagerService
06-11 06:15:15.706  1519  1849 D SystemServerTimingAsync: InitThreadPoolExec:UiModeManager.onStart
06-11 06:15:15.706  1519  1849 D SystemServerInitThreadPool: Started executing UiModeManager.onStart
06-11 06:15:15.706  1519  1519 V SystemServerTiming: StartUiModeManager took to complete: 1ms
06-11 06:15:15.706  1519  1519 D SystemServerTiming: StartLocaleManagerService
06-11 06:15:15.706  1519  1519 I SystemServiceManager: Starting com.android.server.locales.LocaleManagerService
06-11 06:15:15.707  1519  1519 V SystemServerTiming: StartLocaleManagerService took to complete: 0ms
06-11 06:15:15.707  1519  1519 D SystemServerTiming: StartGrammarInflectionService
06-11 06:15:15.707  1519  1519 I SystemServiceManager: Starting com.android.server.grammaticalinflection.GrammaticalInflectionService
06-11 06:15:15.707  1519  1519 V SystemServerTiming: StartGrammarInflectionService took to complete: 1ms
06-11 06:15:15.707  1519  1519 D SystemServerTiming: StartAppHibernationService
06-11 06:15:15.707  1519  1519 I SystemServiceManager: Starting com.android.server.apphibernation.AppHibernationService
06-11 06:15:15.708  1519  1519 V SystemServerTiming: StartAppHibernationService took to complete: 1ms
06-11 06:15:15.709  1519  1519 D SystemServerTiming: ArtManagerLocal
06-11 06:15:15.709  1519  1779 V SystemServerTimingAsync: AppDataPrepare took to complete: 74ms
06-11 06:15:15.709  1519  1779 I PackageManager: Deferred reconcileAppsData finished 141 packages
06-11 06:15:15.709  1519  1779 D SystemServerInitThreadPool: Finished executing prepareAppData
06-11 06:15:15.709  1519  1779 V SystemServerTimingAsync: InitThreadPoolExec:prepareAppData took to complete: 406ms
06-11 06:15:15.711  1519  1519 V SystemServerTiming: ArtManagerLocal took to complete: 2ms
06-11 06:15:15.711  1519  1519 D SystemServerTiming: UpdatePackagesIfNeeded
06-11 06:15:15.711  1519  1519 I Watchdog: Pausing HandlerChecker: main thread for reason: dexopt. Pause count: 1
06-11 06:15:15.711  1519  1519 I Watchdog: Resuming HandlerChecker: main thread for reason: dexopt. Pause count: 0
06-11 06:15:15.711  1519  1519 V SystemServerTiming: UpdatePackagesIfNeeded took to complete: 0ms
06-11 06:15:15.711  1519  1519 D SystemServerTiming: PerformFstrimIfNeeded
06-11 06:15:15.711  1519  1519 V SystemServerTiming: PerformFstrimIfNeeded took to complete: 0ms
06-11 06:15:15.712  1519  1519 D SystemServerTiming: StartLockSettingsService
06-11 06:15:15.712  1519  1519 I SystemServiceManager: Starting com.android.server.locksettings.LockSettingsService$Lifecycle
06-11 06:15:15.712  1519  1849 D SystemServerInitThreadPool: Finished executing UiModeManager.onStart
06-11 06:15:15.712  1519  1849 V SystemServerTimingAsync: InitThreadPoolExec:UiModeManager.onStart took to complete: 5ms
06-11 06:15:15.720  1519  1519 V SystemServerTiming: StartLockSettingsService took to complete: 9ms
06-11 06:15:15.720  1519  1519 D SystemServerTiming: StartPersistentDataBlock
06-11 06:15:15.720  1519  1519 I SystemServiceManager: Starting com.android.server.pdb.PersistentDataBlockService
06-11 06:15:15.721  1519  1519 V SystemServerTiming: StartPersistentDataBlock took to complete: 0ms
06-11 06:15:15.721  1519  1519 D SystemServerTiming: StartTestHarnessMode
06-11 06:15:15.721  1519  1519 I SystemServiceManager: Starting com.android.server.testharness.TestHarnessModeService
06-11 06:15:15.721  1519  1588 D SystemServerTimingAsync: InitThreadPoolExec:PersistentDataBlockService.onStart
06-11 06:15:15.721  1519  1588 D SystemServerInitThreadPool: Started executing PersistentDataBlockService.onStart
06-11 06:15:15.721  1519  1519 V SystemServerTiming: StartTestHarnessMode took to complete: 0ms
06-11 06:15:15.721  1519  1519 D SystemServerTiming: StartOemLockService
06-11 06:15:15.721  1519  1519 I SystemServiceManager: Starting com.android.server.oemlock.OemLockService
06-11 06:15:15.722  1519  1519 I OemLock : Using vendor lock via the HAL(aidl)
06-11 06:15:15.723  1519  1519 V SystemServerTiming: StartOemLockService took to complete: 2ms
06-11 06:15:15.723  1519  1519 D SystemServerTiming: StartDeviceIdleController
06-11 06:15:15.723  1519  1519 I SystemServiceManager: Starting com.android.server.DeviceIdleController
06-11 06:15:15.725  1519  1519 V SystemServerTiming: StartDeviceIdleController took to complete: 2ms
06-11 06:15:15.725  1519  1519 D SystemServerTiming: StartDevicePolicyManager
06-11 06:15:15.725  1519  1519 I SystemServiceManager: Starting com.android.server.devicepolicy.DevicePolicyManagerService$Lifecycle
06-11 06:15:15.727  1519  1593 E PinnerService: Could not pin file /system_ext/priv-app/SystemUIGoogle/SystemUIGoogle.apk
06-11 06:15:15.727  1519  1593 E PinnerService: android.system.ErrnoException: open failed: ENOENT (No such file or directory)
06-11 06:15:15.727  1519  1593 E PinnerService: 	at libcore.io.Linux.open(Native Method)
06-11 06:15:15.727  1519  1593 E PinnerService: 	at libcore.io.ForwardingOs.open(ForwardingOs.java:563)
06-11 06:15:15.727  1519  1593 E PinnerService: 	at libcore.io.BlockGuardOs.open(BlockGuardOs.java:274)
06-11 06:15:15.727  1519  1593 E PinnerService: 	at android.system.Os.open(Os.java:494)
06-11 06:15:15.727  1519  1593 E PinnerService: 	at com.android.server.PinnerService.pinFileRanges(PinnerService.java:1208)
06-11 06:15:15.727  1519  1593 E PinnerService: 	at com.android.server.PinnerService.pinFileInternal(PinnerService.java:1061)
06-11 06:15:15.727  1519  1593 E PinnerService: 	at com.android.server.PinnerService.-$$Nest$smpinFileInternal(PinnerService.java:0)
06-11 06:15:15.727  1519  1593 E PinnerService: 	at com.android.server.PinnerService$Injector.pinFileInternal(PinnerService.java:227)
06-11 06:15:15.727  1519  1593 E PinnerService: 	at com.android.server.PinnerService.handlePinOnStart(PinnerService.java:375)
06-11 06:15:15.727  1519  1593 E PinnerService: 	at com.android.server.PinnerService.-$$Nest$mhandlePinOnStart(PinnerService.java:0)
06-11 06:15:15.727  1519  1593 E PinnerService: 	at com.android.server.PinnerService$PinnerHandler.handleMessage(PinnerService.java:1584)
06-11 06:15:15.727  1519  1593 E PinnerService: 	at android.os.Handler.dispatchMessage(Handler.java:107)
06-11 06:15:15.727  1519  1593 E PinnerService: 	at android.os.Looper.loopOnce(Looper.java:232)
06-11 06:15:15.727  1519  1593 E PinnerService: 	at android.os.Looper.loop(Looper.java:317)
06-11 06:15:15.727  1519  1593 E PinnerService: 	at android.os.HandlerThread.run(HandlerThread.java:68)
06-11 06:15:15.727  1519  1593 E PinnerService: Failed to pin file = /system_ext/priv-app/SystemUIGoogle/SystemUIGoogle.apk
06-11 06:15:15.729  1519  1588 D SystemServerInitThreadPool: Finished executing PersistentDataBlockService.onStart
06-11 06:15:15.729  1519  1588 V SystemServerTimingAsync: InitThreadPoolExec:PersistentDataBlockService.onStart took to complete: 8ms
06-11 06:15:15.729  1519  1519 I DevicePolicyManager: Current version 6, latest version 6, not upgrading.
06-11 06:15:15.730  1519  1593 W PinnerService: Could not find pinlist.meta for "/system/priv-app/CarLauncher/CarLauncher.apk": pinning as blob
06-11 06:15:15.730  1519  1519 I DevicePolicyManager: Set ro.organization_owned property to false
06-11 06:15:15.734  1519  1519 V SystemServerTiming: StartDevicePolicyManager took to complete: 8ms
06-11 06:15:15.734  1519  1519 D SystemServerTiming: StartStatusBarManagerService
06-11 06:15:15.735  1519  1519 V SystemServerTiming: StartStatusBarManagerService took to complete: 1ms
06-11 06:15:15.735  1519  1519 D SystemServer: MusicRecognitionManagerService not defined by OEM or disabled by flag
06-11 06:15:15.735  1519  1519 D SystemServer: ContentCaptureService disabled because resource is not overlaid
06-11 06:15:15.735  1519  1519 D SystemServer: AttentionService is not configured on this device
06-11 06:15:15.736  1519  1519 D SystemServer: RotationResolverService is not configured on this device
06-11 06:15:15.736  1519  1519 D SystemServer: SystemCaptionsManagerService disabled because resource is not overlaid
06-11 06:15:15.736  1519  1519 D SystemServerTiming: StartTextToSpeechManagerService
06-11 06:15:15.736  1519  1519 I SystemServiceManager: Starting com.android.server.texttospeech.TextToSpeechManagerService
06-11 06:15:15.736  1519  1519 V SystemServerTiming: StartTextToSpeechManagerService took to complete: 1ms
06-11 06:15:15.736  1519  1519 D SystemServerTiming: startWearableSensingService
06-11 06:15:15.736  1519  1519 I SystemServiceManager: Starting com.android.server.wearable.WearableSensingManagerService
06-11 06:15:15.737  1519  1519 V SystemServerTiming: startWearableSensingService took to complete: 0ms
06-11 06:15:15.737  1519  1519 D SystemServer: AmbientContextManagerService not defined by OEM or disabled by flag
06-11 06:15:15.737  1519  1519 D SystemServerTiming: StartSpeechRecognitionManagerService
06-11 06:15:15.737  1519  1519 I SystemServiceManager: Starting com.android.server.speech.SpeechRecognitionManagerService
06-11 06:15:15.737  1519  1519 V SystemServerTiming: StartSpeechRecognitionManagerService took to complete: 1ms
06-11 06:15:15.737  1519  1519 D SystemServer: AppPredictionService not defined by OEM
06-11 06:15:15.737  1519  1519 D SystemServer: ContentSuggestionsService not defined by OEM
06-11 06:15:15.737  1519  1519 D SystemServer: SmartspaceManagerService not defined by OEM or disabled by flag
06-11 06:15:15.737  1519  1519 D SystemServerTiming: InitConnectivityModuleConnector
06-11 06:15:15.737  1519  1519 V SystemServerTiming: InitConnectivityModuleConnector took to complete: 0ms
06-11 06:15:15.737  1519  1519 D SystemServerTiming: InitNetworkStackClient
06-11 06:15:15.737  1519  1519 V SystemServerTiming: InitNetworkStackClient took to complete: 0ms
06-11 06:15:15.738  1519  1519 D SystemServerTiming: StartNetworkManagementService
06-11 06:15:15.739  1519  1519 V SystemServerTiming: StartNetworkManagementService took to complete: 1ms
06-11 06:15:15.739  1519  1519 D SystemServerTiming: StartFontManagerService
06-11 06:15:15.739  1519  1519 I FontManagerService: Not using optimized boot-time font loading.
06-11 06:15:15.749  1519  1583 I DropBoxManagerService: add tag=system_server_strictmode isTagEnabled=true flags=0x2
06-11 06:15:15.749  1519  1583 I DropBoxManagerService: add tag=system_server_strictmode isTagEnabled=true flags=0x2
06-11 06:15:15.749  1519  1583 I DropBoxManagerService: add tag=system_server_strictmode isTagEnabled=true flags=0x2
06-11 06:15:15.749  1519  1583 I DropBoxManagerService: add tag=system_server_strictmode isTagEnabled=true flags=0x2
06-11 06:15:15.750  1519  1583 I DropBoxManagerService: add tag=system_server_strictmode isTagEnabled=true flags=0x2
06-11 06:15:15.750  1519  1583 I DropBoxManagerService: add tag=system_server_strictmode isTagEnabled=true flags=0x2
06-11 06:15:15.750  1519  1583 I DropBoxManagerService: add tag=system_server_strictmode isTagEnabled=true flags=0x2
06-11 06:15:15.750  1519  1583 I DropBoxManagerService: add tag=system_server_strictmode isTagEnabled=true flags=0x2
06-11 06:15:15.750  1519  1583 I DropBoxManagerService: add tag=system_server_strictmode isTagEnabled=true flags=0x2
06-11 06:15:15.784  1519  1519 V SystemServerTiming: StartFontManagerService took to complete: 46ms
06-11 06:15:15.784  1519  1519 D SystemServerTiming: StartTextServicesManager
06-11 06:15:15.784  1519  1519 I SystemServiceManager: Starting com.android.server.textservices.TextServicesManagerService$Lifecycle
06-11 06:15:15.785  1519  1519 V SystemServerTiming: StartTextServicesManager took to complete: 0ms
06-11 06:15:15.785  1519  1519 D SystemServerTiming: StartNetworkScoreService
06-11 06:15:15.785  1519  1519 I SystemServiceManager: Starting com.android.server.NetworkScoreService$Lifecycle
06-11 06:15:15.786  1519  1519 V SystemServerTiming: StartNetworkScoreService took to complete: 0ms
06-11 06:15:15.786  1519  1519 D SystemServerTiming: StartNetworkStatsService
06-11 06:15:15.786  1519  1519 I SystemServiceManager: Starting com.android.server.NetworkStatsServiceInitializer
06-11 06:15:15.807  1519  1519 V SystemServerTiming: StartNetworkStatsService took to complete: 22ms
06-11 06:15:15.807  1519  1519 D SystemServerTiming: StartNetworkPolicyManagerService
06-11 06:15:15.817  1519  1519 V SystemServerTiming: StartNetworkPolicyManagerService took to complete: 10ms
06-11 06:15:15.817  1519  1519 D SystemServerTiming: StartWifi
06-11 06:15:15.818  1519  1519 I SystemServiceManager: Starting com.android.server.wifi.WifiService
06-11 06:15:15.837  1017  1017 I wificond: New wificond event callback registered
06-11 06:15:15.839  1519  1519 V HistoricalRegistry: Interaction before persistence initialized
06-11 06:15:15.839  1519  1519 V HistoricalRegistry: Interaction before persistence initialized
06-11 06:15:15.842  1519  1519 V SystemServerTiming: StartWifi took to complete: 24ms
06-11 06:15:15.842  1519  1519 D SystemServerTiming: StartWifiScanning
06-11 06:15:15.842  1519  1519 I SystemServiceManager: Starting com.android.server.wifi.scanner.WifiScanningService
06-11 06:15:15.845  1519  1519 V SystemServerTiming: StartWifiScanning took to complete: 3ms
06-11 06:15:15.845  1519  1519 D SystemServerTiming: StartRttService
06-11 06:15:15.845  1519  1519 I SystemServiceManager: Starting com.android.server.wifi.rtt.RttService
06-11 06:15:15.846  1519  1519 V SystemServerTiming: StartRttService took to complete: 0ms
06-11 06:15:15.846  1519  1519 D SystemServerTiming: StartWifiAware
06-11 06:15:15.846  1519  1519 I SystemServiceManager: Starting com.android.server.wifi.aware.WifiAwareService
06-11 06:15:15.847  1519  1519 V SystemServerTiming: StartWifiAware took to complete: 1ms
06-11 06:15:15.847  1519  1519 D SystemServerTiming: StartWifiP2P
06-11 06:15:15.847  1519  1519 I SystemServiceManager: Starting com.android.server.wifi.p2p.WifiP2pService
06-11 06:15:15.848  1519  1519 V SystemServerTiming: StartWifiP2P took to complete: 2ms
06-11 06:15:15.848  1519  1519 D SystemServerTiming: StartPacProxyService
06-11 06:15:15.850  1519  1519 V SystemServerTiming: StartPacProxyService took to complete: 1ms
06-11 06:15:15.850  1519  1519 D SystemServerTiming: StartConnectivityService
06-11 06:15:15.850  1519  1519 I SystemServiceManager: Starting com.android.server.ConnectivityServiceInitializer
06-11 06:15:15.865  1519  1519 D CompatibilityChangeReporter: Compat change id reported: 182478738; UID 1000; state: ENABLED
06-11 06:15:15.867  1519  1894 W BroadcastLoopers: Found previously unknown looper Thread[NsdService,5,main]
06-11 06:15:15.868  1519  1519 V HistoricalRegistry: Interaction before persistence initialized
06-11 06:15:15.871  1519  1519 V SystemServerTiming: StartConnectivityService took to complete: 22ms
06-11 06:15:15.871  1519  1519 D SystemServerTiming: StartSecurityStateManagerService
06-11 06:15:15.872  1519  1519 V SystemServerTiming: StartSecurityStateManagerService took to complete: 0ms
06-11 06:15:15.872  1519  1519 D SystemServerTiming: StartVpnManagerService
06-11 06:15:15.873  1519  1519 V SystemServerTiming: StartVpnManagerService took to complete: 1ms
06-11 06:15:15.873  1519  1519 D SystemServerTiming: StartVcnManagementService
06-11 06:15:15.874  1519  1519 V SystemServerTiming: StartVcnManagementService took to complete: 1ms
06-11 06:15:15.874  1519  1519 D SystemServerTiming: StartSystemUpdateManagerService
06-11 06:15:15.874  1519  1519 I SystemUpdateManagerService: No existing info file /data/system/system-update-info.xml
06-11 06:15:15.875  1519  1519 V SystemServerTiming: StartSystemUpdateManagerService took to complete: 2ms
06-11 06:15:15.875  1519  1519 D SystemServerTiming: StartUpdateLockService
06-11 06:15:15.876  1519  1519 W BroadcastLoopers: Found previously unknown looper Thread[main,5,main]
06-11 06:15:15.876  1519  1519 V SystemServerTiming: StartUpdateLockService took to complete: 1ms
06-11 06:15:15.876  1519  1519 D SystemServerTiming: StartNotificationManager
06-11 06:15:15.877  1519  1519 I SystemServiceManager: Starting com.android.server.notification.NotificationManagerService
06-11 06:15:15.881  1519  1519 D ConditionProviders.SCP: new ScheduleConditionProvider()
06-11 06:15:15.885  1519  1519 D ConditionProviders: Subscribing to condition://android/event?userId=-10000&calendar=&reply=1 with ComponentInfo{android/com.android.server.notification.EventConditionProvider}
