06-11 06:15:15.885  1519  1519 D ConditionProviders: Subscribing to condition://android/schedule?days=1.2.3.4.5.6.7&start=22.0&end=7.0&exitAtAlarm=true with ComponentInfo{android/com.android.server.notification.ScheduleConditionProvider}
06-11 06:15:15.886  1519  1519 E NotificationPrefHelper: createDefaultChannelIfNeededLocked - Exception: android.content.pm.PackageManager$NameNotFoundException: com.android.providers.downloads
06-11 06:15:15.887  1519  1519 E NotificationPrefHelper: createDefaultChannelIfNeededLocked - Exception: android.content.pm.PackageManager$NameNotFoundException: com.android.car.media
06-11 06:15:15.888  1519  1519 E NotificationPrefHelper: createDefaultChannelIfNeededLocked - Exception: android.content.pm.PackageManager$NameNotFoundException: com.google.android.car.setupwizard
06-11 06:15:15.888  1519  1519 E NotificationPrefHelper: createDefaultChannelIfNeededLocked - Exception: android.content.pm.PackageManager$NameNotFoundException: com.google.android.apps.maps
06-11 06:15:15.889  1519  1519 E NotificationPrefHelper: createDefaultChannelIfNeededLocked - Exception: android.content.pm.PackageManager$NameNotFoundException: com.android.printspooler
06-11 06:15:15.890  1519  1519 E NotificationPrefHelper: createDefaultChannelIfNeededLocked - Exception: android.content.pm.PackageManager$NameNotFoundException: com.android.vending
06-11 06:15:15.891  1519  1519 E NotificationPrefHelper: createDefaultChannelIfNeededLocked - Exception: android.content.pm.PackageManager$NameNotFoundException: com.google.android.apps.geo.autograph.vms.client.console.car
06-11 06:15:15.891  1519  1519 E NotificationPrefHelper: createDefaultChannelIfNeededLocked - Exception: android.content.pm.PackageManager$NameNotFoundException: com.android.providers.media.module
06-11 06:15:15.892  1519  1519 E NotificationPrefHelper: createDefaultChannelIfNeededLocked - Exception: android.content.pm.PackageManager$NameNotFoundException: com.android.contacts
06-11 06:15:15.892  1519  1519 E NotificationPrefHelper: createDefaultChannelIfNeededLocked - Exception: android.content.pm.PackageManager$NameNotFoundException: com.android.deskclock
06-11 06:15:15.892  1519  1519 E NotificationPrefHelper: createDefaultChannelIfNeededLocked - Exception: android.content.pm.PackageManager$NameNotFoundException: com.android.car.dialer
06-11 06:15:15.893  1519  1519 E NotificationPrefHelper: createDefaultChannelIfNeededLocked - Exception: android.content.pm.PackageManager$NameNotFoundException: com.android.car.messenger
06-11 06:15:15.893  1519  1519 E NotificationPrefHelper: createDefaultChannelIfNeededLocked - Exception: android.content.pm.PackageManager$NameNotFoundException: com.android.systemui
06-11 06:15:15.893  1519  1519 E NotificationPrefHelper: createDefaultChannelIfNeededLocked - Exception: android.content.pm.PackageManager$NameNotFoundException: com.android.mtp
06-11 06:15:15.894  1519  1519 E NotificationPrefHelper: createDefaultChannelIfNeededLocked - Exception: android.content.pm.PackageManager$NameNotFoundException: com.google.android.apps.automotive.templates.host
06-11 06:15:15.894  1519  1519 E NotificationPrefHelper: createDefaultChannelIfNeededLocked - Exception: android.content.pm.PackageManager$NameNotFoundException: com.android.car.media.localmediaplayer
06-11 06:15:15.895  1519  1519 E NotificationPrefHelper: createDefaultChannelIfNeededLocked - Exception: android.content.pm.PackageManager$NameNotFoundException: com.android.bluetooth
06-11 06:15:15.895  1519  1519 I NotificationListeners: Read notification listener permissions from xml
06-11 06:15:15.895  1519  1519 I NotificationListeners: Read notification listener permissions from xml
06-11 06:15:15.895  1519  1519 I NotificationListeners: Read notification listener permissions from xml
06-11 06:15:15.895  1519  1519 I NotificationListeners: Read notification listener permissions from xml
06-11 06:15:15.895  1519  1519 I NotificationListeners: Read notification listener permissions from xml
06-11 06:15:15.896  1519  1519 W NotificationListeners: Not binding notification listener service ComponentInfo{com.google.android.carassistant/com.google.android.apps.gsa.notificationlistener.GsaNotificationListenerService}: service not found
06-11 06:15:15.896  1519  1519 I ConditionProviders: Read condition provider permissions from xml
06-11 06:15:15.896  1519  1519 I ConditionProviders: Read condition provider permissions from xml
06-11 06:15:15.896  1519  1519 I ConditionProviders: Read condition provider permissions from xml
06-11 06:15:15.896  1519  1519 I ConditionProviders: Read condition provider permissions from xml
06-11 06:15:15.896  1519  1519 I ConditionProviders: Read condition provider permissions from xml
06-11 06:15:15.896  1519  1519 I ConditionProviders: Read condition provider permissions from xml
06-11 06:15:15.896  1519  1519 I ConditionProviders: Read condition provider permissions from xml
06-11 06:15:15.896  1519  1519 I ConditionProviders: Read condition provider permissions from xml
06-11 06:15:15.896  1519  1519 I ConditionProviders: Read condition provider permissions from xml
06-11 06:15:15.896  1519  1519 I ConditionProviders: Read condition provider permissions from xml
06-11 06:15:15.896  1519  1519 D NotificationAssistants: Approving default notification assistant for user 0
06-11 06:15:15.896  1519  1519 D NotificationAssistants: Approving default notification assistant for user 10
06-11 06:15:15.896  1519  1519 D NotificationAssistants: Approving default notification assistant for user 11
06-11 06:15:15.897  1519  1519 D NotificationAssistants: Approving default notification assistant for user 12
06-11 06:15:15.898  1519  1519 D CompatibilityChangeReporter: Compat change id reported: 157233955; UID 1000; state: ENABLED
06-11 06:15:15.902  1519  1519 V SystemServerTiming: StartNotificationManager took to complete: 25ms
06-11 06:15:15.902  1519  1519 D SystemServerTiming: StartDeviceMonitor
06-11 06:15:15.902  1519  1519 I SystemServiceManager: Starting com.android.server.storage.DeviceStorageMonitorService
06-11 06:15:15.903  1519  1519 V SystemServerTiming: StartDeviceMonitor took to complete: 1ms
06-11 06:15:15.903  1519  1519 D SystemServerTiming: StartTimeDetectorService
06-11 06:15:15.903  1519  1519 I SystemServiceManager: Starting com.android.server.timedetector.TimeDetectorService$Lifecycle
06-11 06:15:15.905  1519  1519 V SystemServerTiming: StartTimeDetectorService took to complete: 2ms
06-11 06:15:15.905  1519  1519 D SystemServerTiming: StartLocationManagerService
06-11 06:15:15.905  1519  1519 I SystemServiceManager: Starting com.android.server.location.LocationManagerService$Lifecycle
06-11 06:15:15.907  1519  1519 V SystemServerTiming: StartLocationManagerService took to complete: 3ms
06-11 06:15:15.907  1519  1519 D SystemServerTiming: StartCountryDetectorService
06-11 06:15:15.908  1519  1519 V SystemServerTiming: StartCountryDetectorService took to complete: 0ms
06-11 06:15:15.908  1519  1519 D SystemServerTiming: StartTimeZoneDetectorService
06-11 06:15:15.908  1519  1519 I SystemServiceManager: Starting com.android.server.timezonedetector.TimeZoneDetectorService$Lifecycle
06-11 06:15:15.909  1519  1519 V SystemServerTiming: StartTimeZoneDetectorService took to complete: 2ms
06-11 06:15:15.910  1519  1519 D SystemServerTiming: StartAltitudeService
06-11 06:15:15.910  1519  1519 I SystemServiceManager: Starting com.android.server.location.altitude.AltitudeService$Lifecycle
06-11 06:15:15.910  1519  1519 V SystemServerTiming: StartAltitudeService took to complete: 0ms
06-11 06:15:15.910  1519  1519 D SystemServerTiming: StartLocationTimeZoneManagerService
06-11 06:15:15.910  1519  1519 I SystemServiceManager: Starting com.android.server.timezonedetector.location.LocationTimeZoneManagerService$Lifecycle
06-11 06:15:15.910  1519  1519 V SystemServerTiming: StartLocationTimeZoneManagerService took to complete: 1ms
06-11 06:15:15.910  1519  1519 D SystemServerTiming: StartGnssTimeUpdateService
06-11 06:15:15.911  1519  1519 I SystemServiceManager: Starting com.android.server.timedetector.GnssTimeUpdateService$Lifecycle
06-11 06:15:15.911  1519  1519 V SystemServerTiming: StartGnssTimeUpdateService took to complete: 1ms
06-11 06:15:15.911  1519  1519 D SystemServerTiming: StartSearchManagerService
06-11 06:15:15.911  1519  1519 I SystemServiceManager: Starting com.android.server.search.SearchManagerService$Lifecycle
06-11 06:15:15.912  1519  1519 V SystemServerTiming: StartSearchManagerService took to complete: 0ms
06-11 06:15:15.912  1519  1519 I SystemServer: Wallpaper service disabled by config
06-11 06:15:15.912  1519  1519 D SystemServerTiming: StartAudioService
06-11 06:15:15.912  1519  1519 I SystemServiceManager: Starting com.android.server.audio.AudioService$Lifecycle
06-11 06:15:15.934  1519  1519 V SystemServerTiming: StartAudioService took to complete: 21ms
06-11 06:15:15.934  1519  1519 D SystemServerTiming: StartSoundTriggerMiddlewareService
06-11 06:15:15.934  1519  1519 I SystemServiceManager: Starting com.android.server.soundtrigger_middleware.SoundTriggerMiddlewareService$Lifecycle
06-11 06:15:15.935  1519  1519 I SoundTriggerMiddlewareDefaultHalFactory: Connecting to default soundtrigger-V2.x.ISoundTriggerHw
06-11 06:15:15.937   858  1906 I Lyric   : sensor_generic_driver.cc:4227: MEDUSA ReadSensorId success: 0x355 setting version: 1 setting type: 0
06-11 06:15:15.937   858   858 I Lyric   : multisensor_controller.cc:985: Front RadioExt: preferred_mipi_rate size 0 preferred_dbr_rate size 0. API delay 10.66us
06-11 06:15:15.937   858  1919 I Lyric   : binder_sensor_vsync_reader.cc:25: Created BinderSensorVsyncReader, cam_vsync_id: 0
06-11 06:15:15.938  1519  1519 V SystemServerTiming: StartSoundTriggerMiddlewareService took to complete: 5ms
06-11 06:15:15.938  1519  1519 D SystemServerTiming: StartBroadcastRadioService
06-11 06:15:15.938  1519  1519 I SystemServiceManager: Starting com.android.server.broadcastradio.BroadcastRadioService
06-11 06:15:15.942   858  1919 I Lyric   : binder_sensor_vsync_reader.cc:40: Enabled BinderSensorVsyncReader, cam_vsync_id: 0
06-11 06:15:15.942  1519  1519 V SystemServerTiming: StartBroadcastRadioService took to complete: 3ms
06-11 06:15:15.942  1519  1519 D SystemServerTiming: StartDockObserver
06-11 06:15:15.942  1519  1519 I SystemServiceManager: Starting com.android.server.DockObserver
06-11 06:15:15.942  1519  1519 I DockObserver: Found extcon info devPath: /devices/platform/google,pogo/extcon/extcon1, statePath: /sys/class/extcon/extcon1/state
06-11 06:15:15.943  1519  1519 V SystemServerTiming: StartDockObserver took to complete: 2ms
06-11 06:15:15.943  1519  1519 D SystemServerTiming: StartWiredAccessoryManager
06-11 06:15:15.944  1519  1519 W WiredAccessoryManager: This kernel does not have usb audio support
06-11 06:15:15.944  1519  1519 W WiredAccessoryManager: This kernel does not have HDMI audio support
06-11 06:15:15.944  1519  1519 V SystemServerTiming: StartWiredAccessoryManager took to complete: 0ms
06-11 06:15:15.944  1519  1519 D SystemServerTiming: StartMidiManager
06-11 06:15:15.944  1519  1519 I SystemServiceManager: Starting com.android.server.midi.MidiService$Lifecycle
06-11 06:15:15.944  1519  1519 V SystemServerTiming: StartMidiManager took to complete: 1ms
06-11 06:15:15.944  1519  1519 D SystemServerTiming: StartAdbService
06-11 06:15:15.944  1519  1519 I SystemServiceManager: Starting com.android.server.adb.AdbService$Lifecycle
06-11 06:15:15.945  1519  1519 V SystemServerTiming: StartAdbService took to complete: 1ms
06-11 06:15:15.945  1519  1519 D SystemServerTiming: StartUsbService
06-11 06:15:15.945  1519  1519 I SystemServiceManager: Starting com.android.server.usb.UsbService$Lifecycle
06-11 06:15:15.945  1519  1519 V SystemServerTiming: StartUsbService took to complete: 0ms
06-11 06:15:15.945  1519  1519 D SystemServerTiming: StartSerialService
06-11 06:15:15.945  1519  1791 D SystemServerTimingAsync: InitThreadPoolExec:UsbService$Lifecycle#onStart
06-11 06:15:15.946  1519  1791 D SystemServerInitThreadPool: Started executing UsbService$Lifecycle#onStart
06-11 06:15:15.946  1519  1519 V SystemServerTiming: StartSerialService took to complete: 0ms
06-11 06:15:15.946  1519  1519 D SystemServerTiming: StartHardwarePropertiesManagerService
06-11 06:15:15.946  1519  1791 I UsbDeviceManager: failed to write to /sys/class/android_usb/android0/f_rndis/ethaddr
06-11 06:15:15.946  1519  1791 D UsbPortManager: Querying USB Gadget HAL version
06-11 06:15:15.946  1519  1791 I UsbPortManager: USB Gadget HAL AIDL present
06-11 06:15:15.947  1519  1519 V SystemServerTiming: StartHardwarePropertiesManagerService took to complete: 1ms
06-11 06:15:15.947  1519  1519 D SystemServerTiming: StartTwilightService
06-11 06:15:15.947  1519  1519 I SystemServiceManager: Starting com.android.server.twilight.TwilightService
06-11 06:15:15.947  1519  1519 V SystemServerTiming: StartTwilightService took to complete: 0ms
06-11 06:15:15.947  1519  1519 D SystemServerTiming: StartColorDisplay
06-11 06:15:15.947  1519  1519 I SystemServiceManager: Starting com.android.server.display.color.ColorDisplayService
06-11 06:15:15.947  1519  1791 D UsbDeviceManager: getInstance done
06-11 06:15:15.948  1519  1791 W StorageManagerService: No primary storage defined yet; hacking together a stub
06-11 06:15:15.948  1519  1581 I UsbGadgetAidl: USB Gadget HAL AIDL version: GADGET_HAL_V2_0
06-11 06:15:15.949  1519  1717 E UsbDeviceManager: Usb getCurrentUsbFunctionsCb failed ,functions:1 ,status:2 ,transactionId:1
06-11 06:15:15.949  1519  1581 I UsbDeviceManager: processing MSG_GET_CURRENT_USB_FUNCTIONS
06-11 06:15:15.949  1519  1581 I UsbDeviceManager: updating mCurrentFunctions
06-11 06:15:15.949  1519  1581 I UsbDeviceManager: mCurrentFunctions:0applied:1
06-11 06:15:15.949  1519  1791 D UsbPortManager: Querying USB HAL version
06-11 06:15:15.949  1519  1519 V SystemServerTiming: StartColorDisplay took to complete: 3ms
06-11 06:15:15.949  1519  1519 D SystemServerTiming: StartJobScheduler
06-11 06:15:15.950  1519  1791 I UsbPortManager: USB HAL AIDL present
06-11 06:15:15.950  1519  1519 I SystemServiceManager: Starting com.android.server.job.JobSchedulerService
06-11 06:15:15.951  1519  1791 D UsbPortManager: getInstance done
06-11 06:15:15.952  1519  1776 I UsbPortManager: all: opID:1 successful
06-11 06:15:15.953  1519  1583 D JobStore: Start tag: job-info
06-11 06:15:15.954  1519  1791 D SystemServerInitThreadPool: Finished executing UsbService$Lifecycle#onStart
06-11 06:15:15.954  1519  1791 V SystemServerTimingAsync: InitThreadPoolExec:UsbService$Lifecycle#onStart took to complete: 8ms
06-11 06:15:15.954  1519  1583 W JobStore: Periodic job for uid='1000' persisted run-time is too big [44:18:31, 45:30:31]. Clamping to [24:00:08,25:12:08]
06-11 06:15:15.954  1519  1519 V HistoricalRegistry: Interaction before persistence initialized
06-11 06:15:15.954  1519  1519 V HistoricalRegistry: Interaction before persistence initialized
06-11 06:15:15.954  1519  1583 W JobStore: Periodic job for uid='1000' persisted run-time is too big [44:18:31, 45:30:31]. Clamping to [24:00:08,25:12:08]
06-11 06:15:15.954  1519  1583 W JobStore: Periodic job for uid='1000' persisted run-time is too big [44:18:31, 45:30:31]. Clamping to [24:00:08,25:12:08]
06-11 06:15:15.954  1519  1519 W JobScheduler: !!! RTC not yet good; tracking time updates for job scheduling
06-11 06:15:15.955  1519  1583 W JobStore: Periodic job for uid='1000' persisted run-time is too big [44:18:31, 45:30:31]. Clamping to [24:00:08,25:12:08]
06-11 06:15:15.955  1519  1519 V SystemServerTiming: StartJobScheduler took to complete: 5ms
06-11 06:15:15.955  1519  1519 D SystemServerTiming: StartSoundTrigger
06-11 06:15:15.955  1519  1519 I SystemServiceManager: Starting com.android.server.soundtrigger.SoundTriggerService
06-11 06:15:15.955  1519  1583 W JobStore: Periodic job for uid='1000' persisted run-time is too big [44:18:31, 45:30:31]. Clamping to [24:00:08,25:12:08]
06-11 06:15:15.955  1519  1583 W JobStore: Periodic job for uid='1000' persisted run-time is too big [44:18:31, 45:30:31]. Clamping to [24:00:08,25:12:08]
06-11 06:15:15.955  1519  1519 V SystemServerTiming: StartSoundTrigger took to complete: 1ms
06-11 06:15:15.955  1519  1519 D SystemServerTiming: StartTrustManager
06-11 06:15:15.955  1519  1583 W JobStore: Periodic job for uid='1000' persisted run-time is too big [44:18:31, 45:30:31]. Clamping to [24:00:08,25:12:08]
06-11 06:15:15.956  1519  1583 W JobStore: Periodic job for uid='1000' persisted run-time is too big [44:18:31, 68:18:31]. Clamping to [24:00:08,48:00:08]
06-11 06:15:15.956  1519  1519 I SystemServiceManager: Starting com.android.server.trust.TrustManagerService
06-11 06:15:15.956  1519  1519 V SystemServerTiming: StartTrustManager took to complete: 1ms
06-11 06:15:15.956  1519  1519 D SystemServerTiming: StartBackupManager
06-11 06:15:15.956  1519  1519 I SystemServiceManager: Starting com.android.server.backup.BackupManagerService$Lifecycle
06-11 06:15:15.957  1519  1583 D JobStore: Start tag: job-info
06-11 06:15:15.957  1519  1583 W JobStore: Periodic job for uid='1010146' persisted run-time is too big [380:18:31, 740:18:31]. Clamping to [360:00:08,720:00:08]
06-11 06:15:15.957  1519  1519 D BackupManagerService: Default backup user id = 0
06-11 06:15:15.957  1519  1583 W JobStore: Periodic job for uid='1010146' persisted run-time is too big [92:18:31, 116:18:31]. Clamping to [24:00:08,48:00:08]
06-11 06:15:15.957  1519  1583 D JobStore: Start tag: job-info
06-11 06:15:15.957  1519  1519 V SystemServerTiming: StartBackupManager took to complete: 1ms
06-11 06:15:15.957  1519  1519 D SystemServerTiming: StartAppWidgetService
06-11 06:15:15.957  1519  1519 I SystemServiceManager: Starting com.android.server.appwidget.AppWidgetService
06-11 06:15:15.958  1519  1583 D JobStore: Start tag: job-info
06-11 06:15:15.958  1519  1583 W JobStore: Periodic job for uid='1010114' persisted run-time is too big [44:18:31, 68:18:31]. Clamping to [24:00:08,48:00:08]
06-11 06:15:15.959  1519  1583 D JobStore: Start tag: job-info
06-11 06:15:15.959  1519  1583 D JobStore: Start tag: job-info
06-11 06:15:15.959  1519  1519 V SystemServerTiming: StartAppWidgetService took to complete: 2ms
06-11 06:15:15.959  1519  1519 D SystemServerTiming: StartVoiceRecognitionManager
06-11 06:15:15.959  1519  1519 I SystemServiceManager: Starting com.android.server.voiceinteraction.VoiceInteractionManagerService
06-11 06:15:15.959  1519  1583 W JobStore: Periodic job for uid='10146' persisted run-time is too big [92:18:31, 116:18:31]. Clamping to [24:00:08,48:00:08]
06-11 06:15:15.959  1519  1583 W JobStore: Periodic job for uid='10146' persisted run-time is too big [380:18:31, 740:18:31]. Clamping to [360:00:08,720:00:08]
06-11 06:15:15.960  1519  1583 D JobStore: Start tag: job-info
06-11 06:15:15.960  1519  1583 W JobStore: Periodic job for uid='1010112' persisted run-time is too big [72:48:31, 73:03:31]. Clamping to [15:08,30:08]
06-11 06:15:15.960  1519  1583 D JobStore: Start tag: job-info
06-11 06:15:15.960  1519  1583 W JobStore: Periodic job for uid='1110112' persisted run-time is too big [20:33:31, 20:48:31]. Clamping to [15:08,30:08]
06-11 06:15:15.961  1519  1583 D JobStore: Start tag: job-info
06-11 06:15:15.961  1519  1583 W JobStore: Periodic job for uid='1110146' persisted run-time is too big [41:57:22, 65:57:22]. Clamping to [24:00:08,48:00:08]
06-11 06:15:15.961  1519  1583 W JobStore: Periodic job for uid='1110146' persisted run-time is too big [377:57:22, 737:57:22]. Clamping to [360:00:08,720:00:08]
06-11 06:15:15.962  1519  1583 D JobStore: Start tag: job-info
06-11 06:15:15.962  1519  1583 D JobStore: Start tag: job-info
06-11 06:15:15.962  1519  1519 V SystemServerTiming: StartVoiceRecognitionManager took to complete: 3ms
06-11 06:15:15.963  1519  1583 W JobStore: Periodic job for uid='1110152' persisted run-time is too big [17:57:25, 23:57:25]. Clamping to [6:00:08,12:00:08]
06-11 06:15:15.963  1519  1519 D SystemServerTiming: StartGestureLauncher
06-11 06:15:15.963  1519  1519 I SystemServiceManager: Starting com.android.server.GestureLauncherService
06-11 06:15:15.963  1519  1583 W JobStore: Periodic job for uid='1110152' persisted run-time is too big [17:57:25, 23:57:25]. Clamping to [6:00:08,12:00:08]
06-11 06:15:15.963  1519  1583 W JobStore: Periodic job for uid='1110152' persisted run-time is too big [17:57:24, 21:57:24]. Clamping to [4:00:08,8:00:08]
06-11 06:15:15.963  1519  1519 V SystemServerTiming: StartGestureLauncher took to complete: 0ms
06-11 06:15:15.963  1519  1519 D SystemServerTiming: StartSensorNotification
06-11 06:15:15.963  1519  1519 I SystemServiceManager: Starting com.android.server.SensorNotificationService
06-11 06:15:15.963  1519  1583 W JobStore: Periodic job for uid='1110152' persisted run-time is too big [17:57:25, 23:57:25]. Clamping to [6:00:08,12:00:08]
06-11 06:15:15.963  1519  1519 V SystemServerTiming: StartSensorNotification took to complete: 0ms
06-11 06:15:15.963  1519  1519 D SystemServerTiming: StartContextHubSystemService
06-11 06:15:15.963  1519  1519 I SystemServiceManager: Starting com.android.server.ContextHubSystemService
06-11 06:15:15.963  1519  1519 V SystemServerTiming: StartContextHubSystemService took to complete: 0ms
06-11 06:15:15.963  1519  1519 D SystemServerTiming: StartDiskStatsService
06-11 06:15:15.963  1519  1806 D SystemServerTimingAsync: InitThreadPoolExec:Init ContextHubSystemService
06-11 06:15:15.963  1519  1806 D SystemServerInitThreadPool: Started executing Init ContextHubSystemService
06-11 06:15:15.963  1519  1583 D JobStore: Start tag: job-info
06-11 06:15:15.963  1519  1583 W JobStore: Periodic job for uid='1210112' persisted run-time is too big [20:33:31, 20:48:31]. Clamping to [15:08,30:08]
06-11 06:15:15.964  1519  1583 D JobStore: Start tag: job-info
06-11 06:15:15.964  1519  1583 W JobStore: Periodic job for uid='1210152' persisted run-time is too big [17:57:52, 21:57:52]. Clamping to [4:00:08,8:00:08]
06-11 06:15:15.964  1519  1519 D CompatibilityChangeReporter: Compat change id reported: 253665015; UID 1000; state: ENABLED
06-11 06:15:15.964  1519  1583 W JobStore: Periodic job for uid='1210152' persisted run-time is too big [17:57:52, 23:57:52]. Clamping to [6:00:08,12:00:08]
06-11 06:15:15.964  1519  1519 D CompatibilityChangeReporter: Compat change id reported: 253665015; UID 1000; state: DISABLED
06-11 06:15:15.964  1519  1519 D CompatibilityChangeReporter: Compat change id reported: 194532703; UID 1000; state: ENABLED
06-11 06:15:15.964  1519  1583 W JobStore: Periodic job for uid='1210152' persisted run-time is too big [17:57:52, 23:57:52]. Clamping to [6:00:08,12:00:08]
06-11 06:15:15.964  1519  1519 D CompatibilityChangeReporter: Compat change id reported: 311402873; UID 1000; state: DISABLED
06-11 06:15:15.964  1519  1583 W JobStore: Periodic job for uid='1210152' persisted run-time is too big [17:57:52, 23:57:52]. Clamping to [6:00:08,12:00:08]
06-11 06:15:15.965  1519  1583 D JobStore: Start tag: job-info
06-11 06:15:15.965  1519  1583 W JobStore: Periodic job for uid='1210146' persisted run-time is too big [41:57:51, 65:57:51]. Clamping to [24:00:08,48:00:08]
06-11 06:15:15.965  1519  1583 W JobStore: Periodic job for uid='1210146' persisted run-time is too big [377:57:51, 737:57:51]. Clamping to [360:00:08,720:00:08]
06-11 06:15:15.966  1519  1583 D JobStore: Start tag: job-info
06-11 06:15:15.967   858  1926 I Lyric   : sensor_generic_driver.cc:4227: MEDUSA ReadSensorId success: 0x355 setting version: 1 setting type: 0
06-11 06:15:15.967  1519  1583 D JobStore: Start tag: job-info
06-11 06:15:15.967   858   858 I Lyric   : multisensor_controller.cc:985: Rear RadioExt: preferred_mipi_rate size 0 preferred_dbr_rate size 0. API delay 20.304us
06-11 06:15:15.968   858  1934 I Lyric   : binder_sensor_vsync_reader.cc:25: Created BinderSensorVsyncReader, cam_vsync_id: 1
06-11 06:15:15.968  1519  1583 D JobStore: Start tag: job-info
06-11 06:15:15.972  1519  1912 W BroadcastLoopers: Found previously unknown looper Thread[AudioService,5,main]
06-11 06:15:15.972  1519  1583 D JobStore: Start tag: job-info
06-11 06:15:15.972   858  1934 I Lyric   : binder_sensor_vsync_reader.cc:40: Enabled BinderSensorVsyncReader, cam_vsync_id: 1
06-11 06:15:15.973  1519  1583 D JobStore: Start tag: job-info
06-11 06:15:15.973  1519  1806 D SystemServerInitThreadPool: Finished executing Init ContextHubSystemService
06-11 06:15:15.973  1519  1806 V SystemServerTimingAsync: InitThreadPoolExec:Init ContextHubSystemService took to complete: 11ms
06-11 06:15:15.974  1519  1583 D JobStore: Start tag: job-info
06-11 06:15:15.974  1519  1583 W JobStore: Periodic job for uid='1510146' persisted run-time is too big [379:20:28, 739:20:28]. Clamping to [360:00:08,720:00:08]
06-11 06:15:15.974  1519  1583 W JobStore: Periodic job for uid='1510146' persisted run-time is too big [43:20:29, 67:20:29]. Clamping to [24:00:08,48:00:08]
06-11 06:15:15.975  1519  1583 D JobStore: Start tag: job-info
06-11 06:15:15.975  1519  1583 D JobStore: Start tag: job-info
06-11 06:15:15.975  1519  1583 W JobStore: Periodic job for uid='1510152' persisted run-time is too big [19:20:30, 23:20:30]. Clamping to [4:00:08,8:00:08]
06-11 06:15:15.975  1519  1583 W JobStore: Periodic job for uid='1510152' persisted run-time is too big [19:20:30, 25:20:30]. Clamping to [6:00:08,12:00:08]
06-11 06:15:15.975  1519  1583 W JobStore: Periodic job for uid='1510152' persisted run-time is too big [19:20:30, 25:20:30]. Clamping to [6:00:08,12:00:08]
06-11 06:15:15.976  1519  1583 W JobStore: Periodic job for uid='1510152' persisted run-time is too big [19:20:30, 25:20:30]. Clamping to [6:00:08,12:00:08]
06-11 06:15:15.976  1519  1583 D JobStore: Start tag: job-info
06-11 06:15:15.976  1519  1583 D JobStore: Start tag: job-info
06-11 06:15:15.976  1519  1583 D JobStore: Start tag: job-info
06-11 06:15:15.977  1519  1583 I JobStore: Read 67 jobs
06-11 06:15:15.978  1519  1519 V SystemServerTiming: StartDiskStatsService took to complete: 15ms
06-11 06:15:15.978  1519  1519 D SystemServerTiming: RuntimeService
06-11 06:15:15.978  1519  1519 V SystemServerTiming: RuntimeService took to complete: 1ms
06-11 06:15:15.978  1519  1519 D SystemServerTiming: StartNetworkTimeUpdateService
06-11 06:15:15.979  1519  1519 V SystemServerTiming: StartNetworkTimeUpdateService took to complete: 0ms
06-11 06:15:15.979  1519  1519 D SystemServerTiming: CertBlacklister
06-11 06:15:15.979  1519  1519 V SystemServerTiming: CertBlacklister took to complete: 1ms
06-11 06:15:15.979  1519  1519 D SystemServerTiming: StartEmergencyAffordanceService
06-11 06:15:15.979  1519  1519 I SystemServiceManager: Starting com.android.server.emergency.EmergencyAffordanceService
06-11 06:15:15.980  1519  1519 V SystemServerTiming: StartEmergencyAffordanceService took to complete: 0ms
06-11 06:15:15.980  1519  1519 D SystemServerTiming: startBlobStoreManagerService
06-11 06:15:15.980  1519  1519 I SystemServiceManager: Starting com.android.server.blob.BlobStoreManagerService
06-11 06:15:15.981  1519  1519 V SystemServerTiming: startBlobStoreManagerService took to complete: 1ms
06-11 06:15:15.981  1519  1519 D SystemServerTiming: StartDreamManager
06-11 06:15:15.981  1519  1519 I SystemServiceManager: Starting com.android.server.dreams.DreamManagerService
06-11 06:15:15.982  1519  1519 V SystemServerTiming: StartDreamManager took to complete: 1ms
06-11 06:15:15.982  1519  1519 D SystemServerTiming: AddGraphicsStatsService
06-11 06:15:15.983  1519  1519 V SystemServerTiming: AddGraphicsStatsService took to complete: 1ms
06-11 06:15:15.983  1519  1519 D SystemServerTiming: StartPrintManager
06-11 06:15:15.984  1519  1519 I SystemServiceManager: Starting com.android.server.print.PrintManagerService
06-11 06:15:15.984  1519  1519 V SystemServerTiming: StartPrintManager took to complete: 1ms
06-11 06:15:15.984  1519  1519 D SystemServerTiming: StartAttestationVerificationService
06-11 06:15:15.984  1519  1519 I SystemServiceManager: Starting com.android.server.security.AttestationVerificationManagerService
06-11 06:15:15.984  1519  1519 D AVF     : Started
06-11 06:15:15.984  1519  1519 V SystemServerTiming: StartAttestationVerificationService took to complete: 0ms
06-11 06:15:15.985  1519  1519 D SystemServerTiming: StartCompanionDeviceManager
06-11 06:15:15.985  1519  1519 I SystemServiceManager: Starting com.android.server.companion.CompanionDeviceManagerService
06-11 06:15:15.985  1519  1519 I CompanionDevice_PersistentDataStore: Reading associations for user 0 from disk
06-11 06:15:15.985  1519  1519 I CompanionDevice_PersistentDataStore: Reading associations for user 10 from disk
06-11 06:15:15.985  1519  1519 I CompanionDevice_PersistentDataStore: Reading associations for user 11 from disk
06-11 06:15:15.987  1519  1519 I CompanionDevice_PersistentDataStore: Reading associations for user 12 from disk
06-11 06:15:15.988  1519  1519 I CDM_CompanionTransportManager: Registering OnTransportsChangedListener
06-11 06:15:15.989  1519  1519 V SystemServerTiming: StartCompanionDeviceManager took to complete: 4ms
06-11 06:15:15.989  1519  1519 D SystemServerTiming: StartVirtualDeviceManager
06-11 06:15:15.989  1519  1519 I SystemServiceManager: Starting com.android.server.companion.virtual.VirtualDeviceManagerService
06-11 06:15:15.989  1519  1519 V SystemServerTiming: StartVirtualDeviceManager took to complete: 1ms
06-11 06:15:15.989  1519  1519 D SystemServerTiming: StartRestrictionManager
06-11 06:15:15.989  1519  1519 I SystemServiceManager: Starting com.android.server.restrictions.RestrictionsManagerService
06-11 06:15:15.990  1519  1519 V SystemServerTiming: StartRestrictionManager took to complete: 0ms
06-11 06:15:15.990  1519  1519 D SystemServerTiming: StartMediaSessionService
06-11 06:15:15.990  1519  1519 I SystemServiceManager: Starting com.android.server.media.MediaSessionService
06-11 06:15:15.991  1519  1519 V SystemServerTiming: StartMediaSessionService took to complete: 2ms
06-11 06:15:15.992  1519  1519 D SystemServerTiming: StartMediaRouterService
06-11 06:15:15.992  1519  1519 V HistoricalRegistry: Interaction before persistence initialized
06-11 06:15:15.993  1519  1519 V SystemServerTiming: StartMediaRouterService took to complete: 2ms
06-11 06:15:15.994  1519  1519 D SystemServerTiming: StartFingerprintSensor
06-11 06:15:15.994  1519  1519 I SystemServiceManager: Starting com.android.server.biometrics.sensors.fingerprint.FingerprintService
06-11 06:15:15.995  1519  1519 V SystemServerTiming: StartFingerprintSensor took to complete: 1ms
06-11 06:15:15.995  1519  1519 D SystemServerTiming: StartBiometricService
06-11 06:15:15.995  1519  1519 I SystemServiceManager: Starting com.android.server.biometrics.BiometricService
06-11 06:15:15.997  1519  1519 V SystemServerTiming: StartBiometricService took to complete: 3ms
06-11 06:15:15.997  1519  1519 D SystemServerTiming: StartAuthService
06-11 06:15:15.997  1519  1519 I SystemServiceManager: Starting com.android.server.biometrics.AuthService
06-11 06:15:15.999  1519  1519 V SystemServerTiming: StartAuthService took to complete: 1ms
06-11 06:15:15.999  1519  1519 D SystemServerTiming: StartDynamicCodeLoggingService
06-11 06:15:15.999  1519  1519 V SystemServerTiming: StartDynamicCodeLoggingService took to complete: 1ms
06-11 06:15:15.999  1519  1519 D SystemServerTiming: StartPruneInstantAppsJobService
06-11 06:15:16.000  1519  1519 V SystemServerTiming: StartPruneInstantAppsJobService took to complete: 0ms
06-11 06:15:16.000  1519  1519 D SystemServerTiming: StartShortcutServiceLifecycle
06-11 06:15:16.000  1519  1519 I SystemServiceManager: Starting com.android.server.pm.ShortcutService$Lifecycle
06-11 06:15:16.001  1519  1519 V HistoricalRegistry: Interaction before persistence initialized
06-11 06:15:16.001  1519  1519 V SystemServerTiming: StartShortcutServiceLifecycle took to complete: 1ms
06-11 06:15:16.001  1519  1519 D SystemServerTiming: StartLauncherAppsService
06-11 06:15:16.001  1519  1519 I SystemServiceManager: Starting com.android.server.pm.LauncherAppsService
06-11 06:15:16.002  1519  1519 V SystemServerTiming: StartLauncherAppsService took to complete: 1ms
06-11 06:15:16.002  1519  1519 D SystemServerTiming: StartCrossProfileAppsService
06-11 06:15:16.002  1519  1519 I SystemServiceManager: Starting com.android.server.pm.CrossProfileAppsService
06-11 06:15:16.003  1519  1519 V SystemServerTiming: StartCrossProfileAppsService took to complete: 0ms
06-11 06:15:16.003  1519  1519 D SystemServerTiming: StartPeopleService
06-11 06:15:16.003  1519  1519 I SystemServiceManager: Starting com.android.server.people.PeopleService
06-11 06:15:16.003  1519  1519 V SystemServerTiming: StartPeopleService took to complete: 0ms
06-11 06:15:16.003  1519  1519 D SystemServerTiming: StartMediaMetricsManager
06-11 06:15:16.003  1519  1519 I SystemServiceManager: Starting com.android.server.media.metrics.MediaMetricsManagerService
06-11 06:15:16.004  1519  1519 V SystemServerTiming: StartMediaMetricsManager took to complete: 0ms
06-11 06:15:16.004  1519  1519 D SystemServerTiming: StartBackgroundInstallControlService
06-11 06:15:16.004  1519  1519 I SystemServiceManager: Starting com.android.server.pm.BackgroundInstallControlService
06-11 06:15:16.005  1519  1519 V SystemServerTiming: StartBackgroundInstallControlService took to complete: 1ms
06-11 06:15:16.005  1519  1519 D SystemServerTiming: StartMediaProjectionManager
06-11 06:15:16.005  1519  1519 I SystemServiceManager: Starting com.android.server.media.projection.MediaProjectionManagerService
06-11 06:15:16.006  1519  1519 V SystemServerTiming: StartMediaProjectionManager took to complete: 2ms
06-11 06:15:16.007  1519  1519 D SystemServerTiming: StartSliceManagerService
06-11 06:15:16.007  1519  1519 I SystemServiceManager: Starting com.android.server.slice.SliceManagerService$Lifecycle
06-11 06:15:16.007  1519  1519 V SystemServerTiming: StartSliceManagerService took to complete: 1ms
06-11 06:15:16.007  1519  1519 D SystemServerTiming: StartStatsCompanion
06-11 06:15:16.008  1519  1519 I SystemServiceManager: Starting com.android.server.stats.StatsCompanion$Lifecycle
06-11 06:15:16.008  1519  1519 V SystemServerTiming: StartStatsCompanion took to complete: 1ms
06-11 06:15:16.008  1519  1519 D SystemServerTiming: StartRebootReadinessManagerService
06-11 06:15:16.008  1519  1519 I SystemServiceManager: Starting com.android.server.scheduling.RebootReadinessManagerService$Lifecycle
06-11 06:15:16.010  1519  1519 V SystemServerTiming: StartRebootReadinessManagerService took to complete: 2ms
06-11 06:15:16.010  1519  1519 D SystemServerTiming: StartStatsPullAtomService
06-11 06:15:16.010  1519  1519 I SystemServiceManager: Starting com.android.server.stats.pull.StatsPullAtomService
06-11 06:15:16.010  1519  1519 V SystemServerTiming: StartStatsPullAtomService took to complete: 0ms
06-11 06:15:16.010  1519  1519 D SystemServerTiming: StatsBootstrapAtomService
06-11 06:15:16.010  1519  1519 I SystemServiceManager: Starting com.android.server.stats.bootstrap.StatsBootstrapAtomService$Lifecycle
06-11 06:15:16.010  1519  1519 V SystemServerTiming: StatsBootstrapAtomService took to complete: 0ms
06-11 06:15:16.010  1519  1519 D SystemServerTiming: StartIncidentCompanionService
06-11 06:15:16.011  1519  1519 I SystemServiceManager: Starting com.android.server.incident.IncidentCompanionService
06-11 06:15:16.011  1519  1519 V SystemServerTiming: StartIncidentCompanionService took to complete: 0ms
06-11 06:15:16.011  1519  1519 D SystemServerTiming: StarSdkSandboxManagerService
06-11 06:15:16.011  1519  1519 I SystemServiceManager: Starting com.android.server.sdksandbox.SdkSandboxManagerService$Lifecycle
06-11 06:15:16.014  1519  1519 V SystemServerTiming: StarSdkSandboxManagerService took to complete: 3ms
06-11 06:15:16.014  1519  1519 D SystemServerTiming: StartAdServicesManagerService
06-11 06:15:16.014  1519  1519 I SystemServiceManager: Starting com.android.server.adservices.AdServicesManagerService$Lifecycle
06-11 06:15:16.015  1519  1519 V SystemServerTiming: StartAdServicesManagerService took to complete: 1ms
06-11 06:15:16.015  1519  1519 D SystemServerTiming: StartOnDevicePersonalizationSystemService
06-11 06:15:16.015  1519  1519 I SystemServiceManager: Starting com.android.server.ondevicepersonalization.OnDevicePersonalizationSystemService$Lifecycle
06-11 06:15:16.015  1519  1519 V SystemServerTiming: StartOnDevicePersonalizationSystemService took to complete: 1ms
06-11 06:15:16.015  1519  1519 D SystemServerTiming: StartMmsService
06-11 06:15:16.015  1519  1519 I SystemServiceManager: Starting com.android.server.MmsServiceBroker
06-11 06:15:16.016  1519  1519 V SystemServerTiming: StartMmsService took to complete: 0ms
06-11 06:15:16.016  1519  1519 D SystemServerTiming: StartAutoFillService
06-11 06:15:16.016  1519  1519 I SystemServiceManager: Starting com.android.server.autofill.AutofillManagerService
06-11 06:15:16.016  1519  1519 D AutofillManagerService: setLogLevelFromSettings(): level=2, debug=true, verbose=false
06-11 06:15:16.016  1519  1519 D AutofillManagerService: setMaxPartitionsFromSettings(): 10
06-11 06:15:16.016  1519  1519 D AutofillManagerService: setMaxVisibleDatasetsFromSettings(): 0
06-11 06:15:16.017  1519  1519 E AutofillManagerServiceImpl: Bad service name: com.google.android.gms/.autofill.service.AutofillService
06-11 06:15:16.017  1519  1582 D AutofillUI: destroySaveUiUiThread(): already destroyed
06-11 06:15:16.017  1519  1519 D AutofillManagerServiceImpl: Reset component for user 10:com.google.android.gms/.autofill.service.AutofillService
06-11 06:15:16.018  1519  1582 D AutofillUI: destroySaveUiUiThread(): already destroyed
06-11 06:15:16.018  1519  1519 E AutofillManagerServiceImpl: Bad service name: com.google.android.gms/.autofill.service.AutofillService
06-11 06:15:16.018  1519  1519 D AutofillManagerServiceImpl: Reset component for user 11:com.google.android.gms/.autofill.service.AutofillService
06-11 06:15:16.018  1519  1582 D AutofillUI: destroySaveUiUiThread(): already destroyed
06-11 06:15:16.018  1519  1519 E AutofillManagerServiceImpl: Bad service name: com.google.android.gms/.autofill.service.AutofillService
06-11 06:15:16.018  1519  1519 D AutofillManagerServiceImpl: Reset component for user 12:com.google.android.gms/.autofill.service.AutofillService
06-11 06:15:16.018  1519  1519 V SystemServerTiming: StartAutoFillService took to complete: 3ms
06-11 06:15:16.019  1519  1519 D SystemServerTiming: StartCredentialManagerService
06-11 06:15:16.019  1519  1519 I SystemServiceManager: Starting com.android.server.credentials.CredentialManagerService
06-11 06:15:16.019  1519  1519 V SystemServerTiming: StartCredentialManagerService took to complete: 0ms
06-11 06:15:16.019  1519  1519 D SystemServer: TranslationService not defined by OEM
06-11 06:15:16.019  1519  1519 D SystemServerTiming: StartClipboardService
06-11 06:15:16.019  1519  1519 I SystemServiceManager: Starting com.android.server.clipboard.ClipboardService
06-11 06:15:16.020  1519  1519 V SystemServerTiming: StartClipboardService took to complete: 2ms
06-11 06:15:16.020  1519  1519 D SystemServerTiming: AppServiceManager
06-11 06:15:16.020  1519  1519 I SystemServiceManager: Starting com.android.server.appbinding.AppBindingService$Lifecycle
06-11 06:15:16.021  1519  1519 V SystemServerTiming: AppServiceManager took to complete: 0ms
06-11 06:15:16.021  1519  1519 D SystemServerTiming: startTracingServiceProxy
06-11 06:15:16.021  1519  1519 I SystemServiceManager: Starting com.android.server.tracing.TracingServiceProxy
06-11 06:15:16.021  1519  1519 V SystemServerTiming: startTracingServiceProxy took to complete: 0ms
06-11 06:15:16.021  1519  1519 D SystemServerTiming: MakeLockSettingsServiceReady
06-11 06:15:16.023  1519  1519 I LockSettingsService: Device implements AIDL AuthSecret HAL
06-11 06:15:16.023  1519  1519 V SystemServerTiming: MakeLockSettingsServiceReady took to complete: 3ms
06-11 06:15:16.023  1519  1519 D SystemServerTiming: StartBootPhaseLockSettingsReady
06-11 06:15:16.023  1519  1519 I SystemServiceManager: Starting phase 480
06-11 06:15:16.023  1519  1519 D SystemServerTiming: OnBootPhase_480
06-11 06:15:16.023  1519  1519 D SystemServerTiming: OnBootPhase_480_com.android.server.security.FileIntegrityService
06-11 06:15:16.023  1519  1519 V SystemServerTiming: OnBootPhase_480_com.android.server.security.FileIntegrityService took to complete: 0ms
06-11 06:15:16.023  1519  1519 D SystemServerTiming: OnBootPhase_480_com.android.server.pm.Installer
06-11 06:15:16.023  1519  1519 V SystemServerTiming: OnBootPhase_480_com.android.server.pm.Installer took to complete: 0ms
06-11 06:15:16.023  1519  1519 D SystemServerTiming: OnBootPhase_480_com.android.server.os.DeviceIdentifiersPolicyService
06-11 06:15:16.023  1519  1519 V SystemServerTiming: OnBootPhase_480_com.android.server.os.DeviceIdentifiersPolicyService took to complete: 0ms
06-11 06:15:16.023  1519  1519 D SystemServerTiming: OnBootPhase_480_com.android.server.flags.FeatureFlagsService
06-11 06:15:16.023  1519  1519 V SystemServerTiming: OnBootPhase_480_com.android.server.flags.FeatureFlagsService took to complete: 0ms
06-11 06:15:16.023  1519  1519 D SystemServerTiming: OnBootPhase_480_com.android.server.uri.UriGrantsManagerService$Lifecycle
06-11 06:15:16.023  1519  1519 V SystemServerTiming: OnBootPhase_480_com.android.server.uri.UriGrantsManagerService$Lifecycle took to complete: 0ms
06-11 06:15:16.023  1519  1519 D SystemServerTiming: OnBootPhase_480_com.android.server.powerstats.PowerStatsService
06-11 06:15:16.023  1519  1519 V SystemServerTiming: OnBootPhase_480_com.android.server.powerstats.PowerStatsService took to complete: 0ms
06-11 06:15:16.023  1519  1519 D SystemServerTiming: OnBootPhase_480_com.android.server.permission.access.AccessCheckingService
06-11 06:15:16.023  1519  1519 V SystemServerTiming: OnBootPhase_480_com.android.server.permission.access.AccessCheckingService took to complete: 0ms
06-11 06:15:16.023  1519  1519 D SystemServerTiming: OnBootPhase_480_com.android.server.wm.ActivityTaskManagerService$Lifecycle
06-11 06:15:16.023  1519  1519 V SystemServerTiming: OnBootPhase_480_com.android.server.wm.ActivityTaskManagerService$Lifecycle took to complete: 0ms
06-11 06:15:16.023  1519  1519 D SystemServerTiming: OnBootPhase_480_com.android.server.am.ActivityManagerService$Lifecycle
06-11 06:15:16.023  1519  1519 V SystemServerTiming: OnBootPhase_480_com.android.server.am.ActivityManagerService$Lifecycle took to complete: 0ms
06-11 06:15:16.023  1519  1519 D SystemServerTiming: OnBootPhase_480_com.android.server.pm.DataLoaderManagerService
06-11 06:15:16.023  1519  1519 V SystemServerTiming: OnBootPhase_480_com.android.server.pm.DataLoaderManagerService took to complete: 0ms
06-11 06:15:16.023  1519  1519 D SystemServerTiming: OnBootPhase_480_com.android.server.power.PowerManagerService
06-11 06:15:16.023  1519  1519 V SystemServerTiming: OnBootPhase_480_com.android.server.power.PowerManagerService took to complete: 0ms
06-11 06:15:16.023  1519  1519 D SystemServerTiming: OnBootPhase_480_com.android.server.power.ThermalManagerService
06-11 06:15:16.023  1519  1519 V SystemServerTiming: OnBootPhase_480_com.android.server.power.ThermalManagerService took to complete: 0ms
06-11 06:15:16.023  1519  1519 D SystemServerTiming: OnBootPhase_480_com.android.server.power.hint.HintManagerService
06-11 06:15:16.023  1519  1519 V SystemServerTiming: OnBootPhase_480_com.android.server.power.hint.HintManagerService took to complete: 0ms
06-11 06:15:16.023  1519  1519 D SystemServerTiming: OnBootPhase_480_com.android.server.recoverysystem.RecoverySystemService$Lifecycle
06-11 06:15:16.023  1519  1519 V SystemServerTiming: OnBootPhase_480_com.android.server.recoverysystem.RecoverySystemService$Lifecycle took to complete: 0ms
06-11 06:15:16.023  1519  1519 D SystemServerTiming: OnBootPhase_480_com.android.server.lights.LightsService
06-11 06:15:16.024  1519  1519 V SystemServerTiming: OnBootPhase_480_com.android.server.lights.LightsService took to complete: 0ms
06-11 06:15:16.024  1519  1519 D SystemServerTiming: OnBootPhase_480_com.android.server.display.DisplayManagerService
06-11 06:15:16.024  1519  1519 V SystemServerTiming: OnBootPhase_480_com.android.server.display.DisplayManagerService took to complete: 0ms
06-11 06:15:16.024  1519  1519 D SystemServerTiming: OnBootPhase_480_com.android.server.pm.verify.domain.DomainVerificationService
06-11 06:15:16.024  1519  1519 V SystemServerTiming: OnBootPhase_480_com.android.server.pm.verify.domain.DomainVerificationService took to complete: 0ms
06-11 06:15:16.024  1519  1519 D SystemServerTiming: OnBootPhase_480_com.android.server.pm.PackageInstallerService$Lifecycle
06-11 06:15:16.024  1519  1519 V SystemServerTiming: OnBootPhase_480_com.android.server.pm.PackageInstallerService$Lifecycle took to complete: 0ms
06-11 06:15:16.024  1519  1519 D SystemServerTiming: OnBootPhase_480_com.android.server.pm.UserManagerService$LifeCycle
06-11 06:15:16.024  1519  1519 V SystemServerTiming: OnBootPhase_480_com.android.server.pm.UserManagerService$LifeCycle took to complete: 0ms
06-11 06:15:16.024  1519  1519 D SystemServerTiming: OnBootPhase_480_com.android.server.om.OverlayManagerService
06-11 06:15:16.024  1519  1519 V SystemServerTiming: OnBootPhase_480_com.android.server.om.OverlayManagerService took to complete: 0ms
06-11 06:15:16.024  1519  1519 D SystemServerTiming: OnBootPhase_480_com.android.server.resources.ResourcesManagerService
06-11 06:15:16.024  1519  1519 V SystemServerTiming: OnBootPhase_480_com.android.server.resources.ResourcesManagerService took to complete: 0ms
06-11 06:15:16.024  1519  1519 D SystemServerTiming: OnBootPhase_480_com.android.server.sensorprivacy.SensorPrivacyService
06-11 06:15:16.024  1519  1519 V SystemServerTiming: OnBootPhase_480_com.android.server.sensorprivacy.SensorPrivacyService took to complete: 0ms
06-11 06:15:16.024  1519  1519 D SystemServerTiming: OnBootPhase_480_com.android.server.sensors.SensorService
06-11 06:15:16.024  1519  1519 V SystemServerTiming: OnBootPhase_480_com.android.server.sensors.SensorService took to complete: 0ms
06-11 06:15:16.024  1519  1519 D SystemServerTiming: OnBootPhase_480_com.android.server.SystemConfigService
06-11 06:15:16.024  1519  1519 V SystemServerTiming: OnBootPhase_480_com.android.server.SystemConfigService took to complete: 0ms
06-11 06:15:16.024  1519  1519 D SystemServerTiming: OnBootPhase_480_com.android.server.BatteryService
06-11 06:15:16.024  1519  1519 V SystemServerTiming: OnBootPhase_480_com.android.server.BatteryService took to complete: 0ms
06-11 06:15:16.024  1519  1519 D SystemServerTiming: OnBootPhase_480_com.android.server.usage.UsageStatsService
06-11 06:15:16.024  1519  1519 V SystemServerTiming: OnBootPhase_480_com.android.server.usage.UsageStatsService took to complete: 0ms
06-11 06:15:16.024  1519  1519 D SystemServerTiming: OnBootPhase_480_com.android.server.webkit.WebViewUpdateService
06-11 06:15:16.024  1519  1519 V SystemServerTiming: OnBootPhase_480_com.android.server.webkit.WebViewUpdateService took to complete: 0ms
06-11 06:15:16.024  1519  1519 D SystemServerTiming: OnBootPhase_480_com.android.server.CachedDeviceStateService
06-11 06:15:16.024  1519  1519 V SystemServerTiming: OnBootPhase_480_com.android.server.CachedDeviceStateService took to complete: 0ms
06-11 06:15:16.024  1519  1519 D SystemServerTiming: OnBootPhase_480_com.android.server.BinderCallsStatsService$LifeCycle
06-11 06:15:16.024  1519  1519 V SystemServerTiming: OnBootPhase_480_com.android.server.BinderCallsStatsService$LifeCycle took to complete: 0ms
06-11 06:15:16.024  1519  1519 D SystemServerTiming: OnBootPhase_480_com.android.server.LooperStatsService$Lifecycle
06-11 06:15:16.024  1519  1519 V SystemServerTiming: OnBootPhase_480_com.android.server.LooperStatsService$Lifecycle took to complete: 0ms
06-11 06:15:16.024  1519  1519 D SystemServerTiming: OnBootPhase_480_com.android.server.rollback.RollbackManagerService
06-11 06:15:16.024  1519  1519 V SystemServerTiming: OnBootPhase_480_com.android.server.rollback.RollbackManagerService took to complete: 0ms
06-11 06:15:16.024  1519  1519 D SystemServerTiming: OnBootPhase_480_com.android.server.os.NativeTombstoneManagerService
06-11 06:15:16.024  1519  1519 V SystemServerTiming: OnBootPhase_480_com.android.server.os.NativeTombstoneManagerService took to complete: 0ms
06-11 06:15:16.024  1519  1519 D SystemServerTiming: OnBootPhase_480_com.android.server.os.BugreportManagerService
06-11 06:15:16.024  1519  1519 V SystemServerTiming: OnBootPhase_480_com.android.server.os.BugreportManagerService took to complete: 0ms
06-11 06:15:16.024  1519  1519 D SystemServerTiming: OnBootPhase_480_com.android.server.gpu.GpuService
06-11 06:15:16.024  1519  1519 V SystemServerTiming: OnBootPhase_480_com.android.server.gpu.GpuService took to complete: 0ms
06-11 06:15:16.024  1519  1519 D SystemServerTiming: OnBootPhase_480_com.android.server.security.rkp.RemoteProvisioningService
06-11 06:15:16.024  1519  1519 V SystemServerTiming: OnBootPhase_480_com.android.server.security.rkp.RemoteProvisioningService took to complete: 0ms
06-11 06:15:16.024  1519  1519 D SystemServerTiming: OnBootPhase_480_com.android.server.cpu.CpuMonitorService
06-11 06:15:16.024  1519  1519 V SystemServerTiming: OnBootPhase_480_com.android.server.cpu.CpuMonitorService took to complete: 0ms
06-11 06:15:16.024  1519  1519 D SystemServerTiming: OnBootPhase_480_com.android.server.security.KeyChainSystemService
06-11 06:15:16.024  1519  1519 V SystemServerTiming: OnBootPhase_480_com.android.server.security.KeyChainSystemService took to complete: 0ms
